Component: ARM Compiler 5.06 update 6 (build 750) Tool: armlink [4d35ed]

==============================================================================

Section Cross References

    startup_stm32f746xx.o(RESET) refers to startup_stm32f746xx.o(STACK) for __initial_sp
    startup_stm32f746xx.o(RESET) refers to startup_stm32f746xx.o(.text) for Reset_Handler
    startup_stm32f746xx.o(RESET) refers to stm32f7xx_it.o(i.NMI_Handler) for NMI_Handler
    startup_stm32f746xx.o(RESET) refers to context_rvds.o(.text) for HardFault_Handler
    startup_stm32f746xx.o(RESET) refers to stm32f7xx_it.o(i.BusFault_Handler) for BusFault_Handler
    startup_stm32f746xx.o(RESET) refers to stm32f7xx_it.o(i.UsageFault_Handler) for UsageFault_Handler
    startup_stm32f746xx.o(RESET) refers to stm32f7xx_it.o(i.DebugMon_Handler) for DebugMon_Handler
    startup_stm32f746xx.o(RESET) refers to board.o(i.SysTick_Handler) for SysTick_Handler
    startup_stm32f746xx.o(.text) refers to system_stm32f7xx.o(i.SystemInit) for SystemInit
    startup_stm32f746xx.o(.text) refers to entry.o(.ARM.Collect$$$$00000000) for __main
    main.o(i.MX_GPIO_Init) refers to memseta.o(.text) for __aeabi_memclr4
    main.o(i.MX_GPIO_Init) refers to stm32f7xx_hal_gpio.o(i.HAL_GPIO_WritePin) for HAL_GPIO_WritePin
    main.o(i.MX_GPIO_Init) refers to stm32f7xx_hal_gpio.o(i.HAL_GPIO_Init) for HAL_GPIO_Init
    main.o(i.SystemClock_Config) refers to memseta.o(.text) for __aeabi_memclr4
    main.o(i.SystemClock_Config) refers to stm32f7xx_hal_rcc.o(i.HAL_RCC_OscConfig) for HAL_RCC_OscConfig
    main.o(i.SystemClock_Config) refers to stm32f7xx_hal_pwr_ex.o(i.HAL_PWREx_EnableOverDrive) for HAL_PWREx_EnableOverDrive
    main.o(i.SystemClock_Config) refers to stm32f7xx_hal_rcc.o(i.HAL_RCC_ClockConfig) for HAL_RCC_ClockConfig
    main.o(i.main) refers to stm32f7xx_hal.o(i.HAL_Init) for HAL_Init
    main.o(i.main) refers to main.o(i.SystemClock_Config) for SystemClock_Config
    main.o(i.main) refers to main.o(i.MX_GPIO_Init) for MX_GPIO_Init
    main.o(i.main) refers to app_rtthread.o(i.MX_RT_Thread_Init) for MX_RT_Thread_Init
    main.o(i.main) refers to app_rtthread.o(i.MX_RT_Thread_Process) for MX_RT_Thread_Process
    stm32f7xx_hal_cortex.o(i.HAL_NVIC_SetPriority) refers to stm32f7xx_hal_cortex.o(i.__NVIC_SetPriority) for __NVIC_SetPriority
    stm32f7xx_hal_cortex.o(i.HAL_SYSTICK_Config) refers to stm32f7xx_hal_cortex.o(i.__NVIC_SetPriority) for __NVIC_SetPriority
    stm32f7xx_hal_cortex.o(i.HAL_SYSTICK_IRQHandler) refers to stm32f7xx_hal_cortex.o(i.HAL_SYSTICK_Callback) for HAL_SYSTICK_Callback
    stm32f7xx_hal_rcc.o(i.HAL_RCC_ClockConfig) refers to stm32f7xx_hal.o(i.HAL_GetTick) for HAL_GetTick
    stm32f7xx_hal_rcc.o(i.HAL_RCC_ClockConfig) refers to stm32f7xx_hal_rcc.o(i.HAL_RCC_GetSysClockFreq) for HAL_RCC_GetSysClockFreq
    stm32f7xx_hal_rcc.o(i.HAL_RCC_ClockConfig) refers to stm32f7xx_hal.o(i.HAL_InitTick) for HAL_InitTick
    stm32f7xx_hal_rcc.o(i.HAL_RCC_ClockConfig) refers to system_stm32f7xx.o(.constdata) for AHBPrescTable
    stm32f7xx_hal_rcc.o(i.HAL_RCC_ClockConfig) refers to system_stm32f7xx.o(.data) for SystemCoreClock
    stm32f7xx_hal_rcc.o(i.HAL_RCC_DeInit) refers to stm32f7xx_hal.o(i.HAL_GetTick) for HAL_GetTick
    stm32f7xx_hal_rcc.o(i.HAL_RCC_DeInit) refers to stm32f7xx_hal.o(i.HAL_InitTick) for HAL_InitTick
    stm32f7xx_hal_rcc.o(i.HAL_RCC_DeInit) refers to system_stm32f7xx.o(.data) for SystemCoreClock
    stm32f7xx_hal_rcc.o(i.HAL_RCC_GetHCLKFreq) refers to system_stm32f7xx.o(.data) for SystemCoreClock
    stm32f7xx_hal_rcc.o(i.HAL_RCC_GetPCLK1Freq) refers to system_stm32f7xx.o(.data) for SystemCoreClock
    stm32f7xx_hal_rcc.o(i.HAL_RCC_GetPCLK1Freq) refers to system_stm32f7xx.o(.constdata) for APBPrescTable
    stm32f7xx_hal_rcc.o(i.HAL_RCC_GetPCLK2Freq) refers to system_stm32f7xx.o(.data) for SystemCoreClock
    stm32f7xx_hal_rcc.o(i.HAL_RCC_GetPCLK2Freq) refers to system_stm32f7xx.o(.constdata) for APBPrescTable
    stm32f7xx_hal_rcc.o(i.HAL_RCC_GetSysClockFreq) refers to uldiv.o(.text) for __aeabi_uldivmod
    stm32f7xx_hal_rcc.o(i.HAL_RCC_MCOConfig) refers to stm32f7xx_hal_gpio.o(i.HAL_GPIO_Init) for HAL_GPIO_Init
    stm32f7xx_hal_rcc.o(i.HAL_RCC_NMI_IRQHandler) refers to stm32f7xx_hal_rcc.o(i.HAL_RCC_CSSCallback) for HAL_RCC_CSSCallback
    stm32f7xx_hal_rcc.o(i.HAL_RCC_OscConfig) refers to stm32f7xx_hal.o(i.HAL_GetTick) for HAL_GetTick
    stm32f7xx_hal_rcc_ex.o(i.HAL_RCCEx_DisablePLLI2S) refers to stm32f7xx_hal.o(i.HAL_GetTick) for HAL_GetTick
    stm32f7xx_hal_rcc_ex.o(i.HAL_RCCEx_DisablePLLSAI) refers to stm32f7xx_hal.o(i.HAL_GetTick) for HAL_GetTick
    stm32f7xx_hal_rcc_ex.o(i.HAL_RCCEx_EnablePLLI2S) refers to stm32f7xx_hal.o(i.HAL_GetTick) for HAL_GetTick
    stm32f7xx_hal_rcc_ex.o(i.HAL_RCCEx_EnablePLLSAI) refers to stm32f7xx_hal.o(i.HAL_GetTick) for HAL_GetTick
    stm32f7xx_hal_rcc_ex.o(i.HAL_RCCEx_PeriphCLKConfig) refers to stm32f7xx_hal.o(i.HAL_GetTick) for HAL_GetTick
[...]
    Removing object.o(i.rt_object_trytake_sethook), (12 bytes).
    Removing object.o(i.rt_system_object_init), (2 bytes).
    Removing scheduler.o(i.rt_critical_level), (12 bytes).
    Removing scheduler.o(i.rt_scheduler_sethook), (12 bytes).
    Removing thread.o(i.rt_thread_control), (168 bytes).
    Removing thread.o(i.rt_thread_delay), (4 bytes).
    Removing thread.o(i.rt_thread_delete), (204 bytes).
    Removing thread.o(i.rt_thread_detach), (204 bytes).
    Removing thread.o(i.rt_thread_find), (124 bytes).
    Removing thread.o(i.rt_thread_inited_sethook), (12 bytes).
    Removing thread.o(i.rt_thread_mdelay), (14 bytes).
    Removing thread.o(i.rt_thread_resume_sethook), (12 bytes).
    Removing thread.o(i.rt_thread_sleep), (128 bytes).
    Removing thread.o(i.rt_thread_suspend_sethook), (12 bytes).
    Removing timer.o(i.rt_timer_create), (46 bytes).
    Removing timer.o(i.rt_timer_delete), (228 bytes).
    Removing timer.o(i.rt_timer_enter_sethook), (12 bytes).
    Removing timer.o(i.rt_timer_exit_sethook), (12 bytes).
    Removing timer.o(i.rt_timer_next_timeout_tick), (24 bytes).
    Removing cpuport.o(i.rt_hw_cpu_reset), (16 bytes).
    Removing cpuport.o(i.rt_hw_cpu_shutdown), (48 bytes).
    Removing cpuport.o(i.rt_hw_exception_install), (12 bytes).
    Removing cpuport.o(.constdata), (19 bytes).

412 unused section(s) (total 37473 bytes) removed from the image.

==============================================================================

Image Symbol Table

    Local Symbols

    Symbol Name                              Value     Ov Type        Size  Object(Section)

    ../Drivers/STM32F7xx_HAL_Driver/Src/stm32f7xx_hal.c 0x00000000   Number         0  stm32f7xx_hal.o ABSOLUTE
    ../Drivers/STM32F7xx_HAL_Driver/Src/stm32f7xx_hal_cortex.c 0x00000000   Number         0  stm32f7xx_hal_cortex.o ABSOLUTE
    ../Drivers/STM32F7xx_HAL_Driver/Src/stm32f7xx_hal_dma.c 0x00000000   Number         0  stm32f7xx_hal_dma.o ABSOLUTE
    ../Drivers/STM32F7xx_HAL_Driver/Src/stm32f7xx_hal_dma_ex.c 0x00000000   Number         0  stm32f7xx_hal_dma_ex.o ABSOLUTE
    ../Drivers/STM32F7xx_HAL_Driver/Src/stm32f7xx_hal_exti.c 0x00000000   Number         0  stm32f7xx_hal_exti.o ABSOLUTE
    ../Drivers/STM32F7xx_HAL_Driver/Src/stm32f7xx_hal_flash.c 0x00000000   Number         0  stm32f7xx_hal_flash.o ABSOLUTE
    ../Drivers/STM32F7xx_HAL_Driver/Src/stm32f7xx_hal_flash_ex.c 0x00000000   Number         0  stm32f7xx_hal_flash_ex.o ABSOLUTE
    ../Drivers/STM32F7xx_HAL_Driver/Src/stm32f7xx_hal_gpio.c 0x00000000   Number         0  stm32f7xx_hal_gpio.o ABSOLUTE
    ../Drivers/STM32F7xx_HAL_Driver/Src/stm32f7xx_hal_i2c.c 0x00000000   Number         0  stm32f7xx_hal_i2c.o ABSOLUTE
    ../Drivers/STM32F7xx_HAL_Driver/Src/stm32f7xx_hal_i2c_ex.c 0x00000000   Number         0  stm32f7xx_hal_i2c_ex.o ABSOLUTE
    ../Drivers/STM32F7xx_HAL_Driver/Src/stm32f7xx_hal_pwr.c 0x00000000   Number         0  stm32f7xx_hal_pwr.o ABSOLUTE
    ../Drivers/STM32F7xx_HAL_Driver/Src/stm32f7xx_hal_pwr_ex.c 0x00000000   Number         0  stm32f7xx_hal_pwr_ex.o ABSOLUTE
    ../Drivers/STM32F7xx_HAL_Driver/Src/stm32f7xx_hal_rcc.c 0x00000000   Number         0  stm32f7xx_hal_rcc.o ABSOLUTE
    ../Drivers/STM32F7xx_HAL_Driver/Src/stm32f7xx_hal_rcc_ex.c 0x00000000   Number         0  stm32f7xx_hal_rcc_ex.o ABSOLUTE
    ../Drivers/STM32F7xx_HAL_Driver/Src/stm32f7xx_hal_tim.c 0x00000000   Number         0  stm32f7xx_hal_tim.o ABSOLUTE
    ../Drivers/STM32F7xx_HAL_Driver/Src/stm32f7xx_hal_tim_ex.c 0x00000000   Number         0  stm32f7xx_hal_tim_ex.o ABSOLUTE
    ../Middlewares/Third_Party/RT-Thread/bsp/board.c 0x00000000   Number         0  board.o ABSOLUTE
    ../Middlewares/Third_Party/RT-Thread/components/drivers/serial/serial.c 0x00000000   Number         0  serial.o ABSOLUTE
    ../Middlewares/Third_Party/RT-Thread/components/drivers/src/completion.c 0x00000000   Number         0  completion.o ABSOLUTE
    ../Middlewares/Third_Party/RT-Thread/libcpu/arm/cortex-m7/context_rvds.S 0x00000000   Number         0  context_rvds.o ABSOLUTE
    ../Middlewares/Third_Party/RT-Thread/libcpu/arm/cortex-m7/cpuport.c 0x00000000   Number         0  cpuport.o ABSOLUTE
    ../Middlewares/Third_Party/RT-Thread/src/clock.c 0x00000000   Number         0  clock.o ABSOLUTE
    ../Middlewares/Third_Party/RT-Thread/src/components.c 0x00000000   Number         0  components.o ABSOLUTE
    ../Middlewares/Third_Party/RT-Thread/src/device.c 0x00000000   Number         0  device.o ABSOLUTE
    ../Middlewares/Third_Party/RT-Thread/src/idle.c 0x00000000   Number         0  idle.o ABSOLUTE
    ../Middlewares/Third_Party/RT-Thread/src/ipc.c 0x00000000   Number         0  ipc.o ABSOLUTE
    ../Middlewares/Third_Party/RT-Thread/src/irq.c 0x00000000   Number         0  irq.o ABSOLUTE
    ../Middlewares/Third_Party/RT-Thread/src/kservice.c 0x00000000   Number         0  kservice.o ABSOLUTE
    ../Middlewares/Third_Party/RT-Thread/src/mem.c 0x00000000   Number         0  mem.o ABSOLUTE
    ../Middlewares/Third_Party/RT-Thread/src/object.c 0x00000000   Number         0  object.o ABSOLUTE
    ../Middlewares/Third_Party/RT-Thread/src/scheduler.c 0x00000000   Number         0  scheduler.o ABSOLUTE
    ../Middlewares/Third_Party/RT-Thread/src/thread.c 0x00000000   Number         0  thread.o ABSOLUTE
    ../Middlewares/Third_Party/RT-Thread/src/timer.c 0x00000000   Number         0  timer.o ABSOLUTE
    ../Src/app_rtthread.c                    0x00000000   Number         0  app_rtthread.o ABSOLUTE
    ../Src/main.c                            0x00000000   Number         0  main.o ABSOLUTE
    ../Src/stm32f7xx_hal_msp.c               0x00000000   Number         0  stm32f7xx_hal_msp.o ABSOLUTE
    ../Src/stm32f7xx_it.c                    0x00000000   Number         0  stm32f7xx_it.o ABSOLUTE
    ../Src/system_stm32f7xx.c                0x00000000   Number         0  system_stm32f7xx.o ABSOLUTE
    ../clib/microlib/division.c              0x00000000   Number         0  uldiv.o ABSOLUTE
    ../clib/microlib/init/entry.s            0x00000000   Number         0  entry2.o ABSOLUTE
    ../clib/microlib/init/entry.s            0x00000000   Number         0  entry5.o ABSOLUTE
    ../clib/microlib/init/entry.s            0x00000000   Number         0  entry11a.o ABSOLUTE
    ../clib/microlib/init/entry.s            0x00000000   Number         0  entry.o ABSOLUTE
    ../clib/microlib/init/entry.s            0x00000000   Number         0  entry10b.o ABSOLUTE
    ../clib/microlib/init/entry.s            0x00000000   Number         0  entry8a.o ABSOLUTE
    ../clib/microlib/init/entry.s            0x00000000   Number         0  entry7b.o ABSOLUTE
    ../clib/microlib/init/entry.s            0x00000000   Number         0  entry7a.o ABSOLUTE
    ../clib/microlib/init/entry.s            0x00000000   Number         0  entry10a.o ABSOLUTE
    ../clib/microlib/init/entry.s            0x00000000   Number         0  entry9b.o ABSOLUTE
    ../clib/microlib/init/entry.s            0x00000000   Number         0  entry11b.o ABSOLUTE
    ../clib/microlib/init/entry.s            0x00000000   Number         0  entry9a.o ABSOLUTE
    ../clib/microlib/init/entry.s            0x00000000   Number         0  entry8b.o ABSOLUTE
    ../clib/microlib/longlong.c              0x00000000   Number         0  llshl.o ABSOLUTE
    ../clib/microlib/longlong.c              0x00000000   Number         0  llushr.o ABSOLUTE
    ../clib/microlib/string/memset.c         0x00000000   Number         0  memseta.o ABSOLUTE
    ..\Drivers\STM32F7xx_HAL_Driver\Src\stm32f7xx_hal.c 0x00000000   Number         0  stm32f7xx_hal.o ABSOLUTE
    ..\Drivers\STM32F7xx_HAL_Driver\Src\stm32f7xx_hal_cortex.c 0x00000000   Number         0  stm32f7xx_hal_cortex.o ABSOLUTE
    ..\Drivers\STM32F7xx_HAL_Driver\Src\stm32f7xx_hal_dma.c 0x00000000   Number         0  stm32f7xx_hal_dma.o ABSOLUTE
    ..\Drivers\STM32F7xx_HAL_Driver\Src\stm32f7xx_hal_dma_ex.c 0x00000000   Number         0  stm32f7xx_hal_dma_ex.o ABSOLUTE
    ..\Drivers\STM32F7xx_HAL_Driver\Src\stm32f7xx_hal_exti.c 0x00000000   Number         0  stm32f7xx_hal_exti.o ABSOLUTE
    ..\Drivers\STM32F7xx_HAL_Driver\Src\stm32f7xx_hal_flash.c 0x00000000   Number         0  stm32f7xx_hal_flash.o ABSOLUTE
    ..\Drivers\STM32F7xx_HAL_Driver\Src\stm32f7xx_hal_flash_ex.c 0x00000000   Number         0  stm32f7xx_hal_flash_ex.o ABSOLUTE
    ..\Drivers\STM32F7xx_HAL_Driver\Src\stm32f7xx_hal_gpio.c 0x00000000   Number         0  stm32f7xx_hal_gpio.o ABSOLUTE
    ..\Drivers\STM32F7xx_HAL_Driver\Src\stm32f7xx_hal_i2c.c 0x00000000   Number         0  stm32f7xx_hal_i2c.o ABSOLUTE
    ..\Drivers\STM32F7xx_HAL_Driver\Src\stm32f7xx_hal_i2c_ex.c 0x00000000   Number         0  stm32f7xx_hal_i2c_ex.o ABSOLUTE
    ..\Drivers\STM32F7xx_HAL_Driver\Src\stm32f7xx_hal_pwr.c 0x00000000   Number         0  stm32f7xx_hal_pwr.o ABSOLUTE
    ..\Drivers\STM32F7xx_HAL_Driver\Src\stm32f7xx_hal_pwr_ex.c 0x00000000   Number         0  stm32f7xx_hal_pwr_ex.o ABSOLUTE
    ..\Drivers\STM32F7xx_HAL_Driver\Src\stm32f7xx_hal_rcc.c 0x00000000   Number         0  stm32f7xx_hal_rcc.o ABSOLUTE
    ..\Drivers\STM32F7xx_HAL_Driver\Src\stm32f7xx_hal_rcc_ex.c 0x00000000   Number         0  stm32f7xx_hal_rcc_ex.o ABSOLUTE
    ..\Drivers\STM32F7xx_HAL_Driver\Src\stm32f7xx_hal_tim.c 0x00000000   Number         0  stm32f7xx_hal_tim.o ABSOLUTE
    ..\Drivers\STM32F7xx_HAL_Driver\Src\stm32f7xx_hal_tim_ex.c 0x00000000   Number         0  stm32f7xx_hal_tim_ex.o ABSOLUTE
    ..\Src\main.c                            0x00000000   Number         0  main.o ABSOLUTE
    ..\Src\stm32f7xx_hal_msp.c               0x00000000   Number         0  stm32f7xx_hal_msp.o ABSOLUTE
    ..\Src\stm32f7xx_it.c                    0x00000000   Number         0  stm32f7xx_it.o ABSOLUTE
    ..\Src\system_stm32f7xx.c                0x00000000   Number         0  system_stm32f7xx.o ABSOLUTE
    dc.s                                     0x00000000   Number         0  dc.o ABSOLUTE
    handlers.s                               0x00000000   Number         0  handlers.o ABSOLUTE
    init.s                                   0x00000000   Number         0  init.o ABSOLUTE
    startup_stm32f746xx.s                    0x00000000   Number         0  startup_stm32f746xx.o ABSOLUTE
    RESET                                    0x08000000   Section      456  startup_stm32f746xx.o(RESET)
    .ARM.Collect$$$$00000000                 0x080001c8   Section        0  entry.o(.ARM.Collect$$$$00000000)
    .ARM.Collect$$$$00000001                 0x080001c8   Section        4  entry2.o(.ARM.Collect$$$$00000001)
    .ARM.Collect$$$$00000004                 0x080001cc   Section        4  entry5.o(.ARM.Collect$$$$00000004)
    .ARM.Collect$$$$00000008                 0x080001d0   Section        0  entry7b.o(.ARM.Collect$$$$00000008)
    .ARM.Collect$$$$0000000A                 0x080001d0   Section        0  entry8b.o(.ARM.Collect$$$$0000000A)
    .ARM.Collect$$$$0000000B                 0x080001d0   Section        8  entry9a.o(.ARM.Collect$$$$0000000B)
    .ARM.Collect$$$$0000000D                 0x080001d8   Section        0  entry10a.o(.ARM.Collect$$$$0000000D)
    .ARM.Collect$$$$0000000F                 0x080001d8   Section        0  entry11a.o(.ARM.Collect$$$$0000000F)
    .ARM.Collect$$$$00002712                 0x080001d8   Section        4  entry2.o(.ARM.Collect$$$$00002712)
    __lit__00000000                          0x080001d8   Data           4  entry2.o(.ARM.Collect$$$$00002712)
    .text                                    0x080001dc   Section       36  startup_stm32f746xx.o(.text)
    $v0                                      0x080001dc   Number         0  startup_stm32f746xx.o(.text)
    .text                                    0x08000200   Section      308  context_rvds.o(.text)
    $v0                                      0x08000200   Number         0  context_rvds.o(.text)
    .text                                    0x08000334   Section        0  uldiv.o(.text)
    .text                                    0x08000396   Section        0  memseta.o(.text)
    .text                                    0x080003ba   Section        0  llshl.o(.text)
    .text                                    0x080003d8   Section        0  llushr.o(.text)
    .text                                    0x080003f8   Section       36  init.o(.text)
    i.$Sub$$main                             0x0800041c   Section        0  components.o(i.$Sub$$main)
    i.BusFault_Handler                       0x0800042a   Section        0  stm32f7xx_it.o(i.BusFault_Handler)
    i.DebugMon_Handler                       0x0800042c   Section        0  stm32f7xx_it.o(i.DebugMon_Handler)
    i.HAL_GPIO_Init                          0x08000430   Section        0  stm32f7xx_hal_gpio.o(i.HAL_GPIO_Init)
    i.HAL_GPIO_WritePin                      0x08000608   Section        0  stm32f7xx_hal_gpio.o(i.HAL_GPIO_WritePin)
    i.HAL_GetTick                            0x08000614   Section        0  stm32f7xx_hal.o(i.HAL_GetTick)
    i.HAL_Init                               0x08000620   Section        0  stm32f7xx_hal.o(i.HAL_Init)
    i.HAL_InitTick                           0x0800064c   Section        0  stm32f7xx_hal.o(i.HAL_InitTick)
    i.HAL_MspInit                            0x0800068c   Section        0  stm32f7xx_hal_msp.o(i.HAL_MspInit)
    i.HAL_NVIC_SetPriority                   0x080006bc   Section        0  stm32f7xx_hal_cortex.o(i.HAL_NVIC_SetPriority)
    i.HAL_NVIC_SetPriorityGrouping           0x080006fc   Section        0  stm32f7xx_hal_cortex.o(i.HAL_NVIC_SetPriorityGrouping)
    i.HAL_PWREx_EnableOverDrive              0x08000720   Section        0  stm32f7xx_hal_pwr_ex.o(i.HAL_PWREx_EnableOverDrive)
    i.HAL_RCC_ClockConfig                    0x0800078c   Section        0  stm32f7xx_hal_rcc.o(i.HAL_RCC_ClockConfig)
    i.HAL_RCC_GetSysClockFreq                0x080008b8   Section        0  stm32f7xx_hal_rcc.o(i.HAL_RCC_GetSysClockFreq)
    i.HAL_RCC_OscConfig                      0x0800091c   Section        0  stm32f7xx_hal_rcc.o(i.HAL_RCC_OscConfig)
    i.HAL_SYSTICK_Config                     0x08000c54   Section        0  stm32f7xx_hal_cortex.o(i.HAL_SYSTICK_Config)
    i.MX_GPIO_Init                           0x08000c7c   Section        0  main.o(i.MX_GPIO_Init)
    MX_GPIO_Init                             0x08000c7d   Thumb Code   116  main.o(i.MX_GPIO_Init)
    i.MX_RT_Thread_Init                      0x08000cfc   Section        0  app_rtthread.o(i.MX_RT_Thread_Init)
    i.MX_RT_Thread_Process                   0x08000cfe   Section        0  app_rtthread.o(i.MX_RT_Thread_Process)
    i.NMI_Handler                            0x08000d00   Section        0  stm32f7xx_it.o(i.NMI_Handler)
    i.SysTick_Handler                        0x08000d02   Section        0  board.o(i.SysTick_Handler)
    i.SystemClock_Config                     0x08000d14   Section        0  main.o(i.SystemClock_Config)
    i.SystemInit                             0x08000d9c   Section        0  system_stm32f7xx.o(i.SystemInit)
    i.UsageFault_Handler                     0x08000df0   Section        0  stm32f7xx_it.o(i.UsageFault_Handler)
    i.__NVIC_SetPriority                     0x08000df2   Section        0  stm32f7xx_hal_cortex.o(i.__NVIC_SetPriority)
    __NVIC_SetPriority                       0x08000df3   Thumb Code    34  stm32f7xx_hal_cortex.o(i.__NVIC_SetPriority)
    i.__rt_ffs                               0x08000e14   Section        0  kservice.o(i.__rt_ffs)
    i.__scatterload_copy                     0x08000e58   Section       14  handlers.o(i.__scatterload_copy)
    i.__scatterload_null                     0x08000e66   Section        2  handlers.o(i.__scatterload_null)
    i.__scatterload_zeroinit                 0x08000e68   Section       14  handlers.o(i.__scatterload_zeroinit)
    i._has_defunct_thread                    0x08000e78   Section        0  idle.o(i._has_defunct_thread)
    _has_defunct_thread                      0x08000e79   Thumb Code    16  idle.o(i._has_defunct_thread)
    i._rt_scheduler_stack_check              0x08000e8c   Section        0  scheduler.o(i._rt_scheduler_stack_check)
    _rt_scheduler_stack_check                0x08000e8d   Thumb Code    74  scheduler.o(i._rt_scheduler_stack_check)
    i._rt_thread_init                        0x08000f48   Section        0  thread.o(i._rt_thread_init)
    _rt_thread_init                          0x08000f49   Thumb Code   132  thread.o(i._rt_thread_init)
    i._rt_timer_init                         0x08001000   Section        0  timer.o(i._rt_timer_init)
    _rt_timer_init                           0x08001001   Thumb Code    26  timer.o(i._rt_timer_init)
    i._rt_timer_remove                       0x0800101a   Section        0  timer.o(i._rt_timer_remove)
    _rt_timer_remove                         0x0800101b   Thumb Code    18  timer.o(i._rt_timer_remove)
    i.main                                   0x0800102c   Section        0  main.o(i.main)
    i.main_thread_entry                      0x080010bc   Section        0  components.o(i.main_thread_entry)
    i.plug_holes                             0x080010cc   Section        0  mem.o(i.plug_holes)
    plug_holes                               0x080010cd   Thumb Code   130  mem.o(i.plug_holes)
    i.print_number                           0x080011b4   Section        0  kservice.o(i.print_number)
    print_number                             0x080011b5   Thumb Code   304  kservice.o(i.print_number)
    i.rt_application_init                    0x080012e8   Section        0  components.o(i.rt_application_init)
    i.rt_assert_handler                      0x08001338   Section        0  kservice.o(i.rt_assert_handler)
    i.rt_components_board_init               0x080013a4   Section        0  components.o(i.rt_components_board_init)
    i.rt_components_init                     0x080013c0   Section        0  components.o(i.rt_components_init)
    i.rt_console_set_device                  0x080013dc   Section        0  kservice.o(i.rt_console_set_device)
    i.rt_device_close                        0x08001404   Section        0  device.o(i.rt_device_close)
    i.rt_device_find                         0x080014b0   Section        0  device.o(i.rt_device_find)
    i.rt_device_open                         0x0800152c   Section        0  device.o(i.rt_device_open)
    i.rt_device_write                        0x0800166c   Section        0  device.o(i.rt_device_write)
    i.rt_enter_critical                      0x0800171c   Section        0  scheduler.o(i.rt_enter_critical)
    i.rt_exit_critical                       0x08001738   Section        0  scheduler.o(i.rt_exit_critical)
    i.rt_free                                0x08001768   Section        0  mem.o(i.rt_free)
    i.rt_heap_begin_get                      0x08001934   Section        0  board.o(i.rt_heap_begin_get)
    i.rt_heap_end_get                        0x0800193c   Section        0  board.o(i.rt_heap_end_get)
    i.rt_hw_board_init                       0x08001944   Section        0  board.o(i.rt_hw_board_init)
    i.rt_hw_console_output                   0x08001970   Section        0  kservice.o(i.rt_hw_console_output)
    i.rt_hw_hard_fault_exception             0x08001974   Section        0  cpuport.o(i.rt_hw_hard_fault_exception)
    i.rt_hw_stack_init                       0x08001b84   Section        0  cpuport.o(i.rt_hw_stack_init)
    i.rt_interrupt_enter                     0x08001bbc   Section        0  irq.o(i.rt_interrupt_enter)
    i.rt_interrupt_get_nest                  0x08001be0   Section        0  irq.o(i.rt_interrupt_get_nest)
    i.rt_interrupt_leave                     0x08001bec   Section        0  irq.o(i.rt_interrupt_leave)
    i.rt_ipc_list_resume                     0x08001c10   Section        0  ipc.o(i.rt_ipc_list_resume)
    rt_ipc_list_resume                       0x08001c11   Thumb Code    14  ipc.o(i.rt_ipc_list_resume)
    i.rt_ipc_list_suspend                    0x08001c20   Section        0  ipc.o(i.rt_ipc_list_suspend)
    rt_ipc_list_suspend                      0x08001c21   Thumb Code    82  ipc.o(i.rt_ipc_list_suspend)
    i.rt_kprintf                             0x08001c74   Section        0  kservice.o(i.rt_kprintf)
    i.rt_list_insert_after                   0x08001cbc   Section        0  object.o(i.rt_list_insert_after)
    rt_list_insert_after                     0x08001cbd   Thumb Code    14  object.o(i.rt_list_insert_after)
    i.rt_list_insert_after                   0x08001cca   Section        0  thread.o(i.rt_list_insert_after)
    rt_list_insert_after                     0x08001ccb   Thumb Code    14  thread.o(i.rt_list_insert_after)
    i.rt_list_insert_after                   0x08001cd8   Section        0  timer.o(i.rt_list_insert_after)
    rt_list_insert_after                     0x08001cd9   Thumb Code    14  timer.o(i.rt_list_insert_after)
    i.rt_list_insert_before                  0x08001ce6   Section        0  ipc.o(i.rt_list_insert_before)
    rt_list_insert_before                    0x08001ce7   Thumb Code    14  ipc.o(i.rt_list_insert_before)
    i.rt_list_remove                         0x08001cf4   Section        0  object.o(i.rt_list_remove)
    rt_list_remove                           0x08001cf5   Thumb Code    18  object.o(i.rt_list_remove)
    i.rt_list_remove                         0x08001d06   Section        0  thread.o(i.rt_list_remove)
    rt_list_remove                           0x08001d07   Thumb Code    18  thread.o(i.rt_list_remove)
    i.rt_malloc                              0x08001d18   Section        0  mem.o(i.rt_malloc)
    i.rt_memset                              0x08001f14   Section        0  kservice.o(i.rt_memset)
    i.rt_object_allocate                     0x08001f28   Section        0  object.o(i.rt_object_allocate)
    i.rt_object_delete                       0x08002004   Section        0  object.o(i.rt_object_delete)
    i.rt_object_detach                       0x0800209c   Section        0  object.o(i.rt_object_detach)
    i.rt_object_get_information              0x080020f0   Section        0  object.o(i.rt_object_get_information)
    i.rt_object_get_type                     0x08002114   Section        0  object.o(i.rt_object_get_type)
    i.rt_object_init                         0x08002148   Section        0  object.o(i.rt_object_init)
    i.rt_object_is_systemobject              0x080021bc   Section        0  object.o(i.rt_object_is_systemobject)
    i.rt_schedule                            0x080021f4   Section        0  scheduler.o(i.rt_schedule)
    i.rt_schedule_insert_thread              0x08002260   Section        0  scheduler.o(i.rt_schedule_insert_thread)
    i.rt_schedule_remove_thread              0x080022d4   Section        0  scheduler.o(i.rt_schedule_remove_thread)
    i.rt_sem_init                            0x08002344   Section        0  ipc.o(i.rt_sem_init)
    i.rt_sem_release                         0x0800238c   Section        0  ipc.o(i.rt_sem_release)
    i.rt_sem_take                            0x0800240c   Section        0  ipc.o(i.rt_sem_take)
    i.rt_set_errno                           0x08002588   Section        0  kservice.o(i.rt_set_errno)
    i.rt_show_version                        0x080025a8   Section        0  kservice.o(i.rt_show_version)
    i.rt_strlen                              0x08002658   Section        0  kservice.o(i.rt_strlen)
    i.rt_strncmp                             0x08002668   Section        0  kservice.o(i.rt_strncmp)
    i.rt_strncpy                             0x08002688   Section        0  kservice.o(i.rt_strncpy)
    i.rt_system_heap_init                    0x080026b0   Section        0  mem.o(i.rt_system_heap_init)
    i.rt_system_scheduler_init               0x080027bc   Section        0  scheduler.o(i.rt_system_scheduler_init)
    i.rt_system_scheduler_start              0x080027f0   Section        0  scheduler.o(i.rt_system_scheduler_start)
    i.rt_system_timer_init                   0x08002818   Section        0  timer.o(i.rt_system_timer_init)
    i.rt_system_timer_thread_init            0x08002824   Section        0  timer.o(i.rt_system_timer_thread_init)
    i.rt_thread_create                       0x08002826   Section        0  thread.o(i.rt_thread_create)
    i.rt_thread_exit                         0x08002870   Section        0  thread.o(i.rt_thread_exit)
    i.rt_thread_idle_entry                   0x080028c8   Section        0  idle.o(i.rt_thread_idle_entry)
    rt_thread_idle_entry                     0x080028c9   Thumb Code    24  idle.o(i.rt_thread_idle_entry)
    i.rt_thread_idle_excute                  0x080028e4   Section        0  idle.o(i.rt_thread_idle_excute)
    i.rt_thread_idle_init                    0x080029a8   Section        0  idle.o(i.rt_thread_idle_init)
    i.rt_thread_init                         0x080029e0   Section        0  thread.o(i.rt_thread_init)
    i.rt_thread_resume                       0x08002a60   Section        0  thread.o(i.rt_thread_resume)
    i.rt_thread_self                         0x08002ae8   Section        0  thread.o(i.rt_thread_self)
    i.rt_thread_startup                      0x08002af4   Section        0  thread.o(i.rt_thread_startup)
    i.rt_thread_suspend                      0x08002bb0   Section        0  thread.o(i.rt_thread_suspend)
    i.rt_thread_timeout                      0x08002c40   Section        0  thread.o(i.rt_thread_timeout)
    i.rt_thread_yield                        0x08002cf4   Section        0  thread.o(i.rt_thread_yield)
    i.rt_tick_get                            0x08002d54   Section        0  clock.o(i.rt_tick_get)
    i.rt_tick_increase                       0x08002d60   Section        0  clock.o(i.rt_tick_increase)
    i.rt_timer_check                         0x08002d8c   Section        0  timer.o(i.rt_timer_check)
    i.rt_timer_control                       0x08002e08   Section        0  timer.o(i.rt_timer_control)
    i.rt_timer_detach                        0x08002eb8   Section        0  timer.o(i.rt_timer_detach)
    i.rt_timer_init                          0x08002f8c   Section        0  timer.o(i.rt_timer_init)
    i.rt_timer_start                         0x08002fdc   Section        0  timer.o(i.rt_timer_start)
    i.rt_timer_stop                          0x08003128   Section        0  timer.o(i.rt_timer_stop)
    i.rt_vsnprintf                           0x080031dc   Section        0  kservice.o(i.rt_vsnprintf)
    i.rti_board_end                          0x08003450   Section        0  components.o(i.rti_board_end)
    rti_board_end                            0x08003451   Thumb Code     4  components.o(i.rti_board_end)
    i.rti_board_start                        0x08003454   Section        0  components.o(i.rti_board_start)
    rti_board_start                          0x08003455   Thumb Code     4  components.o(i.rti_board_start)
    i.rti_end                                0x08003458   Section        0  components.o(i.rti_end)
    rti_end                                  0x08003459   Thumb Code     4  components.o(i.rti_end)
    i.rti_start                              0x0800345c   Section        0  components.o(i.rti_start)
    rti_start                                0x0800345d   Thumb Code     4  components.o(i.rti_start)
    i.rtthread_startup                       0x08003460   Section        0  components.o(i.rtthread_startup)
    i.skip_atoi                              0x0800348a   Section        0  kservice.o(i.skip_atoi)
    skip_atoi                                0x0800348b   Thumb Code    40  kservice.o(i.skip_atoi)
    .constdata                               0x080034b2   Section       16  system_stm32f7xx.o(.constdata)
    .constdata                               0x080034c2   Section       20  components.o(.constdata)
    __FUNCTION__                             0x080034c2   Data          20  components.o(.constdata)
    .constdata                               0x080034d6   Section      201  device.o(.constdata)
    __FUNCTION__                             0x080034d6   Data          21  device.o(.constdata)
    __FUNCTION__                             0x080034eb   Data          15  device.o(.constdata)
    __FUNCTION__                             0x080034fa   Data          18  device.o(.constdata)
    __FUNCTION__                             0x0800350c   Data          15  device.o(.constdata)
    __FUNCTION__                             0x0800351b   Data          15  device.o(.constdata)
    __FUNCTION__                             0x0800352a   Data          16  device.o(.constdata)
    __FUNCTION__                             0x0800353a   Data          15  device.o(.constdata)
    __FUNCTION__                             0x08003549   Data          16  device.o(.constdata)
    __FUNCTION__                             0x08003559   Data          18  device.o(.constdata)
    __FUNCTION__                             0x0800356b   Data          26  device.o(.constdata)
    __FUNCTION__                             0x08003585   Data          26  device.o(.constdata)
    .constdata                               0x0800359f   Section       22  idle.o(.constdata)
    __FUNCTION__                             0x0800359f   Data          22  idle.o(.constdata)
    .constdata                               0x080035b5   Section      503  ipc.o(.constdata)
    __FUNCTION__                             0x080035b5   Data          12  ipc.o(.constdata)
    __FUNCTION__                             0x080035c1   Data          14  ipc.o(.constdata)
    __FUNCTION__                             0x080035cf   Data          14  ipc.o(.constdata)
    __FUNCTION__                             0x080035dd   Data          14  ipc.o(.constdata)
    __FUNCTION__                             0x080035eb   Data          12  ipc.o(.constdata)
    __FUNCTION__                             0x080035f7   Data          15  ipc.o(.constdata)
    __FUNCTION__                             0x08003606   Data          15  ipc.o(.constdata)
    __FUNCTION__                             0x08003615   Data          14  ipc.o(.constdata)
    __FUNCTION__                             0x08003623   Data          16  ipc.o(.constdata)
    __FUNCTION__                             0x08003633   Data          16  ipc.o(.constdata)
    __FUNCTION__                             0x08003643   Data          16  ipc.o(.constdata)
    __FUNCTION__                             0x08003653   Data          14  ipc.o(.constdata)
    __FUNCTION__                             0x08003661   Data          17  ipc.o(.constdata)
    __FUNCTION__                             0x08003672   Data          17  ipc.o(.constdata)
    __FUNCTION__                             0x08003683   Data          14  ipc.o(.constdata)
    __FUNCTION__                             0x08003691   Data          16  ipc.o(.constdata)
    __FUNCTION__                             0x080036a1   Data          16  ipc.o(.constdata)
    __FUNCTION__                             0x080036b1   Data          16  ipc.o(.constdata)
    __FUNCTION__                             0x080036c1   Data          14  ipc.o(.constdata)
    __FUNCTION__                             0x080036cf   Data          14  ipc.o(.constdata)
    __FUNCTION__                             0x080036dd   Data          17  ipc.o(.constdata)
    __FUNCTION__                             0x080036ee   Data          11  ipc.o(.constdata)
    __FUNCTION__                             0x080036f9   Data          13  ipc.o(.constdata)
    __FUNCTION__                             0x08003706   Data          13  ipc.o(.constdata)
    __FUNCTION__                             0x08003713   Data          13  ipc.o(.constdata)
    __FUNCTION__                             0x08003720   Data          16  ipc.o(.constdata)
    __FUNCTION__                             0x08003730   Data          11  ipc.o(.constdata)
    __FUNCTION__                             0x0800373b   Data          14  ipc.o(.constdata)
    __FUNCTION__                             0x08003749   Data          11  ipc.o(.constdata)
    __FUNCTION__                             0x08003754   Data          13  ipc.o(.constdata)
    __FUNCTION__                             0x08003761   Data          13  ipc.o(.constdata)
    __FUNCTION__                             0x0800376e   Data          13  ipc.o(.constdata)
    __FUNCTION__                             0x0800377b   Data          11  ipc.o(.constdata)
    __FUNCTION__                             0x08003786   Data          13  ipc.o(.constdata)
    __FUNCTION__                             0x08003793   Data          11  ipc.o(.constdata)
    __FUNCTION__                             0x0800379e   Data          14  ipc.o(.constdata)
    .constdata                               0x080037ac   Section      290  kservice.o(.constdata)
    small_digits                             0x080038ac   Data          17  kservice.o(.constdata)
    large_digits                             0x080038bd   Data          17  kservice.o(.constdata)
    .constdata                               0x080038ce   Section       60  mem.o(.constdata)
    __FUNCTION__                             0x080038ce   Data           8  mem.o(.constdata)
    __FUNCTION__                             0x080038d6   Data          11  mem.o(.constdata)
    __FUNCTION__                             0x080038e1   Data          20  mem.o(.constdata)
    __FUNCTION__                             0x080038f5   Data          10  mem.o(.constdata)
    __FUNCTION__                             0x080038ff   Data          11  mem.o(.constdata)
    .constdata                               0x0800390a   Section      128  object.o(.constdata)
    __FUNCTION__                             0x0800390a   Data          15  object.o(.constdata)
    __FUNCTION__                             0x08003919   Data          17  object.o(.constdata)
    __FUNCTION__                             0x0800392a   Data          19  object.o(.constdata)
    __FUNCTION__                             0x0800393d   Data          17  object.o(.constdata)
    __FUNCTION__                             0x0800394e   Data          26  object.o(.constdata)
    __FUNCTION__                             0x08003968   Data          19  object.o(.constdata)
    __FUNCTION__                             0x0800397b   Data          15  object.o(.constdata)
    .constdata                               0x0800398a   Section       78  scheduler.o(.constdata)
    __FUNCTION__                             0x0800398a   Data          26  scheduler.o(.constdata)
    __FUNCTION__                             0x080039a4   Data          26  scheduler.o(.constdata)
    __FUNCTION__                             0x080039be   Data          26  scheduler.o(.constdata)
    .constdata                               0x080039d8   Section      185  thread.o(.constdata)
    __FUNCTION__                             0x080039d8   Data          16  thread.o(.constdata)
    __FUNCTION__                             0x080039e8   Data          15  thread.o(.constdata)
    __FUNCTION__                             0x080039f7   Data          18  thread.o(.constdata)
    __FUNCTION__                             0x08003a09   Data          17  thread.o(.constdata)
    __FUNCTION__                             0x08003a1a   Data          17  thread.o(.constdata)
    __FUNCTION__                             0x08003a2b   Data          16  thread.o(.constdata)
    __FUNCTION__                             0x08003a3b   Data          18  thread.o(.constdata)
    __FUNCTION__                             0x08003a4d   Data          18  thread.o(.constdata)
    __FUNCTION__                             0x08003a5f   Data          17  thread.o(.constdata)
    __FUNCTION__                             0x08003a70   Data          18  thread.o(.constdata)
    __FUNCTION__                             0x08003a82   Data          15  thread.o(.constdata)
    .constdata                               0x08003a91   Section       92  timer.o(.constdata)
    __FUNCTION__                             0x08003a91   Data          14  timer.o(.constdata)
    __FUNCTION__                             0x08003a9f   Data          16  timer.o(.constdata)
    __FUNCTION__                             0x08003aaf   Data          16  timer.o(.constdata)
    __FUNCTION__                             0x08003abf   Data          15  timer.o(.constdata)
    __FUNCTION__                             0x08003ace   Data          14  timer.o(.constdata)
    __FUNCTION__                             0x08003adc   Data          17  timer.o(.constdata)
    .conststring                             0x08003af0   Section       69  ipc.o(.conststring)
    .conststring                             0x08003b38   Section      237  mem.o(.conststring)
    .conststring                             0x08003c28   Section       66  thread.o(.conststring)
    .rti_fn.0                                0x08003c6c   Section        4  components.o(.rti_fn.0)
    __tagsym$$used                           0x08003c6c   Number         0  components.o(.rti_fn.0)
    .rti_fn.0.end                            0x08003c70   Section        4  components.o(.rti_fn.0.end)
    __tagsym$$used                           0x08003c70   Number         0  components.o(.rti_fn.0.end)
    .rti_fn.1.end                            0x08003c74   Section        4  components.o(.rti_fn.1.end)
    __tagsym$$used                           0x08003c74   Number         0  components.o(.rti_fn.1.end)
    .rti_fn.6.end                            0x08003c78   Section        4  components.o(.rti_fn.6.end)
    __tagsym$$used                           0x08003c78   Number         0  components.o(.rti_fn.6.end)
    .data                                    0x20000000   Section       12  stm32f7xx_hal.o(.data)
    .data                                    0x2000000c   Section        4  system_stm32f7xx.o(.data)
    .data                                    0x20000010   Section        4  clock.o(.data)
    rt_tick                                  0x20000010   Data           4  clock.o(.data)
    .data                                    0x20000014   Section       12  irq.o(.data)
    rt_interrupt_enter_hook                  0x20000018   Data           4  irq.o(.data)
    rt_interrupt_leave_hook                  0x2000001c   Data           4  irq.o(.data)
    .data                                    0x20000020   Section       12  kservice.o(.data)
    _console_device                          0x20000020   Data           4  kservice.o(.data)
    __rt_errno                               0x20000024   Data           4  kservice.o(.data)
    .data                                    0x2000002c   Section       32  mem.o(.data)
    rt_malloc_hook                           0x2000002c   Data           4  mem.o(.data)
    rt_free_hook                             0x20000030   Data           4  mem.o(.data)
    heap_ptr                                 0x20000034   Data           4  mem.o(.data)
    heap_end                                 0x20000038   Data           4  mem.o(.data)
    lfree                                    0x2000003c   Data           4  mem.o(.data)
    mem_size_aligned                         0x20000040   Data           4  mem.o(.data)
    used_mem                                 0x20000044   Data           4  mem.o(.data)
    max_mem                                  0x20000048   Data           4  mem.o(.data)
    .data                                    0x2000004c   Section      148  object.o(.data)
    rt_object_attach_hook                    0x2000004c   Data           4  object.o(.data)
    rt_object_detach_hook                    0x20000050   Data           4  object.o(.data)
    rt_object_container                      0x20000060   Data         128  object.o(.data)
    .data                                    0x200000e0   Section       24  scheduler.o(.data)
    rt_scheduler_lock_nest                   0x200000e2   Data           2  scheduler.o(.data)
    rt_scheduler_hook                        0x200000ec   Data           4  scheduler.o(.data)
    .data                                    0x200000f8   Section       12  thread.o(.data)
    rt_thread_suspend_hook                   0x200000f8   Data           4  thread.o(.data)
    rt_thread_resume_hook                    0x200000fc   Data           4  thread.o(.data)
    rt_thread_inited_hook                    0x20000100   Data           4  thread.o(.data)
    .data                                    0x20000104   Section       20  timer.o(.data)
    random_nr                                0x20000104   Data           4  timer.o(.data)
    rt_timer_enter_hook                      0x20000108   Data           4  timer.o(.data)
    rt_timer_exit_hook                       0x2000010c   Data           4  timer.o(.data)
    rt_timer_list                            0x20000110   Data           8  timer.o(.data)
    .data                                    0x20000118   Section        4  cpuport.o(.data)
    rt_exception_hook                        0x20000118   Data           4  cpuport.o(.data)
    .data                                    0x2000011c   Section        4  cpuport.o(.data)
    .data                                    0x20000120   Section        4  cpuport.o(.data)
    .data                                    0x20000124   Section        4  cpuport.o(.data)
    .bss                                     0x20000128   Section     6144  board.o(.bss)
    rt_heap                                  0x20000128   Data        6144  board.o(.bss)
    .bss                                     0x20001928   Section      400  idle.o(.bss)
    idle                                     0x20001928   Data         128  idle.o(.bss)
    rt_thread_stack                          0x200019a8   Data         256  idle.o(.bss)
    idle_hook_list                           0x20001aa8   Data          16  idle.o(.bss)
    .bss                                     0x20001ab8   Section      128  kservice.o(.bss)
    rt_log_buf                               0x20001ab8   Data         128  kservice.o(.bss)
    .bss                                     0x20001b38   Section       32  mem.o(.bss)
    heap_sem                                 0x20001b38   Data          32  mem.o(.bss)
    .bss                                     0x20001b58   Section      256  scheduler.o(.bss)
    STACK                                    0x20001c58   Section     1024  startup_stm32f746xx.o(STACK)

    Global Symbols

    Symbol Name                              Value     Ov Type        Size  Object(Section)

    BuildAttributes$$THM_ISAv4$E$P$D$K$B$S$7EM$VFPi5$EXTD16$VFPS$VFMA$PE$PLD8$A:L22UL41UL21$X:L11$S22US41US21$IEEE1$IW$USESV6$~STKCKD$USESV7$~SHL$OSPACE$EBA8$MICROLIB$REQ8$PRES8$EABIv2 0x00000000   Number         0  anon$$obj.o ABSOLUTE
    __ARM_use_no_argv                        0x00000000   Number         0  main.o ABSOLUTE
    __cpp_initialize__aeabi_                  - Undefined Weak Reference
    __cxa_finalize                            - Undefined Weak Reference
    __decompress                              - Undefined Weak Reference
    _clock_init                               - Undefined Weak Reference
    _microlib_exit                            - Undefined Weak Reference
    __Vectors_Size                           0x000001c8   Number         0  startup_stm32f746xx.o ABSOLUTE
    __Vectors                                0x08000000   Data           4  startup_stm32f746xx.o(RESET)
    __Vectors_End                            0x080001c8   Data           0  startup_stm32f746xx.o(RESET)
    __main                                   0x080001c9   Thumb Code     0  entry.o(.ARM.Collect$$$$00000000)
    _main_stk                                0x080001c9   Thumb Code     0  entry2.o(.ARM.Collect$$$$00000001)
    _main_scatterload                        0x080001cd   Thumb Code     0  entry5.o(.ARM.Collect$$$$00000004)
    __main_after_scatterload                 0x080001d1   Thumb Code     0  entry5.o(.ARM.Collect$$$$00000004)
    _main_clock                              0x080001d1   Thumb Code     0  entry7b.o(.ARM.Collect$$$$00000008)
    _main_cpp_init                           0x080001d1   Thumb Code     0  entry8b.o(.ARM.Collect$$$$0000000A)
    _main_init                               0x080001d1   Thumb Code     0  entry9a.o(.ARM.Collect$$$$0000000B)
    __rt_final_cpp                           0x080001d9   Thumb Code     0  entry10a.o(.ARM.Collect$$$$0000000D)
    __rt_final_exit                          0x080001d9   Thumb Code     0  entry11a.o(.ARM.Collect$$$$0000000F)
    Reset_Handler                            0x080001dd   Thumb Code     8  startup_stm32f746xx.o(.text)
    SVC_Handler                              0x080001ef   Thumb Code     2  startup_stm32f746xx.o(.text)
    ADC_IRQHandler                           0x080001f7   Thumb Code     0  startup_stm32f746xx.o(.text)
    CAN1_RX0_IRQHandler                      0x080001f7   Thumb Code     0  startup_stm32f746xx.o(.text)
    CAN1_RX1_IRQHandler                      0x080001f7   Thumb Code     0  startup_stm32f746xx.o(.text)
    CAN1_SCE_IRQHandler                      0x080001f7   Thumb Code     0  startup_stm32f746xx.o(.text)
    CAN1_TX_IRQHandler                       0x080001f7   Thumb Code     0  startup_stm32f746xx.o(.text)
    CAN2_RX0_IRQHandler                      0x080001f7   Thumb Code     0  startup_stm32f746xx.o(.text)
    CAN2_RX1_IRQHandler                      0x080001f7   Thumb Code     0  startup_stm32f746xx.o(.text)
    CAN2_SCE_IRQHandler                      0x080001f7   Thumb Code     0  startup_stm32f746xx.o(.text)
    CAN2_TX_IRQHandler                       0x080001f7   Thumb Code     0  startup_stm32f746xx.o(.text)
    CEC_IRQHandler                           0x080001f7   Thumb Code     0  startup_stm32f746xx.o(.text)
    DCMI_IRQHandler                          0x080001f7   Thumb Code     0  startup_stm32f746xx.o(.text)
    DMA1_Stream0_IRQHandler                  0x080001f7   Thumb Code     0  startup_stm32f746xx.o(.text)
    DMA1_Stream1_IRQHandler                  0x080001f7   Thumb Code     0  startup_stm32f746xx.o(.text)
    DMA1_Stream2_IRQHandler                  0x080001f7   Thumb Code     0  startup_stm32f746xx.o(.text)
    DMA1_Stream3_IRQHandler                  0x080001f7   Thumb Code     0  startup_stm32f746xx.o(.text)
    DMA1_Stream4_IRQHandler                  0x080001f7   Thumb Code     0  startup_stm32f746xx.o(.text)
    DMA1_Stream5_IRQHandler                  0x080001f7   Thumb Code     0  startup_stm32f746xx.o(.text)
    DMA1_Stream6_IRQHandler                  0x080001f7   Thumb Code     0  startup_stm32f746xx.o(.text)
    DMA1_Stream7_IRQHandler                  0x080001f7   Thumb Code     0  startup_stm32f746xx.o(.text)
    DMA2D_IRQHandler                         0x080001f7   Thumb Code     0  startup_stm32f746xx.o(.text)
    DMA2_Stream0_IRQHandler                  0x080001f7   Thumb Code     0  startup_stm32f746xx.o(.text)
    DMA2_Stream1_IRQHandler                  0x080001f7   Thumb Code     0  startup_stm32f746xx.o(.text)
    DMA2_Stream2_IRQHandler                  0x080001f7   Thumb Code     0  startup_stm32f746xx.o(.text)
    DMA2_Stream3_IRQHandler                  0x080001f7   Thumb Code     0  startup_stm32f746xx.o(.text)
    DMA2_Stream4_IRQHandler                  0x080001f7   Thumb Code     0  startup_stm32f746xx.o(.text)
    DMA2_Stream5_IRQHandler                  0x080001f7   Thumb Code     0  startup_stm32f746xx.o(.text)
    DMA2_Stream6_IRQHandler                  0x080001f7   Thumb Code     0  startup_stm32f746xx.o(.text)
    DMA2_Stream7_IRQHandler                  0x080001f7   Thumb Code     0  startup_stm32f746xx.o(.text)
    ETH_IRQHandler                           0x080001f7   Thumb Code     0  startup_stm32f746xx.o(.text)
    ETH_WKUP_IRQHandler                      0x080001f7   Thumb Code     0  startup_stm32f746xx.o(.text)
    EXTI0_IRQHandler                         0x080001f7   Thumb Code     0  startup_stm32f746xx.o(.text)
    EXTI15_10_IRQHandler                     0x080001f7   Thumb Code     0  startup_stm32f746xx.o(.text)
    EXTI1_IRQHandler                         0x080001f7   Thumb Code     0  startup_stm32f746xx.o(.text)
    EXTI2_IRQHandler                         0x080001f7   Thumb Code     0  startup_stm32f746xx.o(.text)
    EXTI3_IRQHandler                         0x080001f7   Thumb Code     0  startup_stm32f746xx.o(.text)
    EXTI4_IRQHandler                         0x080001f7   Thumb Code     0  startup_stm32f746xx.o(.text)
    EXTI9_5_IRQHandler                       0x080001f7   Thumb Code     0  startup_stm32f746xx.o(.text)
    FLASH_IRQHandler                         0x080001f7   Thumb Code     0  startup_stm32f746xx.o(.text)
    FMC_IRQHandler                           0x080001f7   Thumb Code     0  startup_stm32f746xx.o(.text)
    FPU_IRQHandler                           0x080001f7   Thumb Code     0  startup_stm32f746xx.o(.text)
    I2C1_ER_IRQHandler                       0x080001f7   Thumb Code     0  startup_stm32f746xx.o(.text)
    I2C1_EV_IRQHandler                       0x080001f7   Thumb Code     0  startup_stm32f746xx.o(.text)
    I2C2_ER_IRQHandler                       0x080001f7   Thumb Code     0  startup_stm32f746xx.o(.text)
    I2C2_EV_IRQHandler                       0x080001f7   Thumb Code     0  startup_stm32f746xx.o(.text)
    I2C3_ER_IRQHandler                       0x080001f7   Thumb Code     0  startup_stm32f746xx.o(.text)
    I2C3_EV_IRQHandler                       0x080001f7   Thumb Code     0  startup_stm32f746xx.o(.text)
    I2C4_ER_IRQHandler                       0x080001f7   Thumb Code     0  startup_stm32f746xx.o(.text)
    I2C4_EV_IRQHandler                       0x080001f7   Thumb Code     0  startup_stm32f746xx.o(.text)
    LPTIM1_IRQHandler                        0x080001f7   Thumb Code     0  startup_stm32f746xx.o(.text)
    LTDC_ER_IRQHandler                       0x080001f7   Thumb Code     0  startup_stm32f746xx.o(.text)
    LTDC_IRQHandler                          0x080001f7   Thumb Code     0  startup_stm32f746xx.o(.text)
    OTG_FS_IRQHandler                        0x080001f7   Thumb Code     0  startup_stm32f746xx.o(.text)
    OTG_FS_WKUP_IRQHandler                   0x080001f7   Thumb Code     0  startup_stm32f746xx.o(.text)
    OTG_HS_EP1_IN_IRQHandler                 0x080001f7   Thumb Code     0  startup_stm32f746xx.o(.text)
    OTG_HS_EP1_OUT_IRQHandler                0x080001f7   Thumb Code     0  startup_stm32f746xx.o(.text)
    OTG_HS_IRQHandler                        0x080001f7   Thumb Code     0  startup_stm32f746xx.o(.text)
    OTG_HS_WKUP_IRQHandler                   0x080001f7   Thumb Code     0  startup_stm32f746xx.o(.text)
    PVD_IRQHandler                           0x080001f7   Thumb Code     0  startup_stm32f746xx.o(.text)
    QUADSPI_IRQHandler                       0x080001f7   Thumb Code     0  startup_stm32f746xx.o(.text)
    RCC_IRQHandler                           0x080001f7   Thumb Code     0  startup_stm32f746xx.o(.text)
    RNG_IRQHandler                           0x080001f7   Thumb Code     0  startup_stm32f746xx.o(.text)
    RTC_Alarm_IRQHandler                     0x080001f7   Thumb Code     0  startup_stm32f746xx.o(.text)
    RTC_WKUP_IRQHandler                      0x080001f7   Thumb Code     0  startup_stm32f746xx.o(.text)
    SAI1_IRQHandler                          0x080001f7   Thumb Code     0  startup_stm32f746xx.o(.text)
    SAI2_IRQHandler                          0x080001f7   Thumb Code     0  startup_stm32f746xx.o(.text)
    SDMMC1_IRQHandler                        0x080001f7   Thumb Code     0  startup_stm32f746xx.o(.text)
    SPDIF_RX_IRQHandler                      0x080001f7   Thumb Code     0  startup_stm32f746xx.o(.text)
    SPI1_IRQHandler                          0x080001f7   Thumb Code     0  startup_stm32f746xx.o(.text)
    SPI2_IRQHandler                          0x080001f7   Thumb Code     0  startup_stm32f746xx.o(.text)
    SPI3_IRQHandler                          0x080001f7   Thumb Code     0  startup_stm32f746xx.o(.text)
    SPI4_IRQHandler                          0x080001f7   Thumb Code     0  startup_stm32f746xx.o(.text)
    SPI5_IRQHandler                          0x080001f7   Thumb Code     0  startup_stm32f746xx.o(.text)
    SPI6_IRQHandler                          0x080001f7   Thumb Code     0  startup_stm32f746xx.o(.text)
    TAMP_STAMP_IRQHandler                    0x080001f7   Thumb Code     0  startup_stm32f746xx.o(.text)
    TIM1_BRK_TIM9_IRQHandler                 0x080001f7   Thumb Code     0  startup_stm32f746xx.o(.text)
    TIM1_CC_IRQHandler                       0x080001f7   Thumb Code     0  startup_stm32f746xx.o(.text)
    TIM1_TRG_COM_TIM11_IRQHandler            0x080001f7   Thumb Code     0  startup_stm32f746xx.o(.text)
    TIM1_UP_TIM10_IRQHandler                 0x080001f7   Thumb Code     0  startup_stm32f746xx.o(.text)
    TIM2_IRQHandler                          0x080001f7   Thumb Code     0  startup_stm32f746xx.o(.text)
    TIM3_IRQHandler                          0x080001f7   Thumb Code     0  startup_stm32f746xx.o(.text)
    TIM4_IRQHandler                          0x080001f7   Thumb Code     0  startup_stm32f746xx.o(.text)
    TIM5_IRQHandler                          0x080001f7   Thumb Code     0  startup_stm32f746xx.o(.text)
    TIM6_DAC_IRQHandler                      0x080001f7   Thumb Code     0  startup_stm32f746xx.o(.text)
    TIM7_IRQHandler                          0x080001f7   Thumb Code     0  startup_stm32f746xx.o(.text)
    TIM8_BRK_TIM12_IRQHandler                0x080001f7   Thumb Code     0  startup_stm32f746xx.o(.text)
    TIM8_CC_IRQHandler                       0x080001f7   Thumb Code     0  startup_stm32f746xx.o(.text)
    TIM8_TRG_COM_TIM14_IRQHandler            0x080001f7   Thumb Code     0  startup_stm32f746xx.o(.text)
    TIM8_UP_TIM13_IRQHandler                 0x080001f7   Thumb Code     0  startup_stm32f746xx.o(.text)
    UART4_IRQHandler                         0x080001f7   Thumb Code     0  startup_stm32f746xx.o(.text)
    UART5_IRQHandler                         0x080001f7   Thumb Code     0  startup_stm32f746xx.o(.text)
    UART7_IRQHandler                         0x080001f7   Thumb Code     0  startup_stm32f746xx.o(.text)
    UART8_IRQHandler                         0x080001f7   Thumb Code     0  startup_stm32f746xx.o(.text)
    USART1_IRQHandler                        0x080001f7   Thumb Code     0  startup_stm32f746xx.o(.text)
    USART2_IRQHandler                        0x080001f7   Thumb Code     0  startup_stm32f746xx.o(.text)
    USART3_IRQHandler                        0x080001f7   Thumb Code     0  startup_stm32f746xx.o(.text)
    USART6_IRQHandler                        0x080001f7   Thumb Code     0  startup_stm32f746xx.o(.text)
    WWDG_IRQHandler                          0x080001f7   Thumb Code     0  startup_stm32f746xx.o(.text)
    rt_hw_interrupt_disable                  0x08000201   Thumb Code     8  context_rvds.o(.text)
    rt_hw_interrupt_enable                   0x08000209   Thumb Code     6  context_rvds.o(.text)
    rt_hw_context_switch                     0x0800020f   Thumb Code    32  context_rvds.o(.text)
    rt_hw_context_switch_interrupt           0x0800020f   Thumb Code     0  context_rvds.o(.text)
    PendSV_Handler                           0x0800022f   Thumb Code   108  context_rvds.o(.text)
    rt_hw_context_switch_to                  0x0800029b   Thumb Code    70  context_rvds.o(.text)
    rt_hw_interrupt_thread_switch            0x080002e1   Thumb Code     2  context_rvds.o(.text)
    HardFault_Handler                        0x080002e3   Thumb Code    56  context_rvds.o(.text)
    MemManage_Handler                        0x080002e3   Thumb Code     0  context_rvds.o(.text)
    __aeabi_uldivmod                         0x08000335   Thumb Code    98  uldiv.o(.text)
    __aeabi_memset                           0x08000397   Thumb Code    14  memseta.o(.text)
    __aeabi_memset4                          0x08000397   Thumb Code     0  memseta.o(.text)
    __aeabi_memset8                          0x08000397   Thumb Code     0  memseta.o(.text)
    __aeabi_memclr                           0x080003a5   Thumb Code     4  memseta.o(.text)
    __aeabi_memclr4                          0x080003a5   Thumb Code     0  memseta.o(.text)
    __aeabi_memclr8                          0x080003a5   Thumb Code     0  memseta.o(.text)
    _memset$wrapper                          0x080003a9   Thumb Code    18  memseta.o(.text)
    __aeabi_llsl                             0x080003bb   Thumb Code    30  llshl.o(.text)
    _ll_shift_l                              0x080003bb   Thumb Code     0  llshl.o(.text)
    __aeabi_llsr                             0x080003d9   Thumb Code    32  llushr.o(.text)
    _ll_ushift_r                             0x080003d9   Thumb Code     0  llushr.o(.text)
    __scatterload                            0x080003f9   Thumb Code    28  init.o(.text)
    __scatterload_rt2                        0x080003f9   Thumb Code     0  init.o(.text)
    main                                     0x0800041d   Thumb Code    14  components.o(i.$Sub$$main)
    BusFault_Handler                         0x0800042b   Thumb Code     2  stm32f7xx_it.o(i.BusFault_Handler)
    DebugMon_Handler                         0x0800042d   Thumb Code     2  stm32f7xx_it.o(i.DebugMon_Handler)
    HAL_GPIO_Init                            0x08000431   Thumb Code   418  stm32f7xx_hal_gpio.o(i.HAL_GPIO_Init)
    HAL_GPIO_WritePin                        0x08000609   Thumb Code    10  stm32f7xx_hal_gpio.o(i.HAL_GPIO_WritePin)
    HAL_GetTick                              0x08000615   Thumb Code     6  stm32f7xx_hal.o(i.HAL_GetTick)
    HAL_Init                                 0x08000621   Thumb Code    40  stm32f7xx_hal.o(i.HAL_Init)
    HAL_InitTick                             0x0800064d   Thumb Code    54  stm32f7xx_hal.o(i.HAL_InitTick)
    HAL_MspInit                              0x0800068d   Thumb Code    42  stm32f7xx_hal_msp.o(i.HAL_MspInit)
    HAL_NVIC_SetPriority                     0x080006bd   Thumb Code    60  stm32f7xx_hal_cortex.o(i.HAL_NVIC_SetPriority)
    HAL_NVIC_SetPriorityGrouping             0x080006fd   Thumb Code    28  stm32f7xx_hal_cortex.o(i.HAL_NVIC_SetPriorityGrouping)
    HAL_PWREx_EnableOverDrive                0x08000721   Thumb Code   100  stm32f7xx_hal_pwr_ex.o(i.HAL_PWREx_EnableOverDrive)
    HAL_RCC_ClockConfig                      0x0800078d   Thumb Code   282  stm32f7xx_hal_rcc.o(i.HAL_RCC_ClockConfig)
    HAL_RCC_GetSysClockFreq                  0x080008b9   Thumb Code    88  stm32f7xx_hal_rcc.o(i.HAL_RCC_GetSysClockFreq)
    HAL_RCC_OscConfig                        0x0800091d   Thumb Code   810  stm32f7xx_hal_rcc.o(i.HAL_RCC_OscConfig)
    HAL_SYSTICK_Config                       0x08000c55   Thumb Code    38  stm32f7xx_hal_cortex.o(i.HAL_SYSTICK_Config)
    MX_RT_Thread_Init                        0x08000cfd   Thumb Code     2  app_rtthread.o(i.MX_RT_Thread_Init)
    MX_RT_Thread_Process                     0x08000cff   Thumb Code     2  app_rtthread.o(i.MX_RT_Thread_Process)
    NMI_Handler                              0x08000d01   Thumb Code     2  stm32f7xx_it.o(i.NMI_Handler)
    SysTick_Handler                          0x08000d03   Thumb Code    18  board.o(i.SysTick_Handler)
    SystemClock_Config                       0x08000d15   Thumb Code   128  main.o(i.SystemClock_Config)
    SystemInit                               0x08000d9d   Thumb Code    68  system_stm32f7xx.o(i.SystemInit)
    UsageFault_Handler                       0x08000df1   Thumb Code     2  stm32f7xx_it.o(i.UsageFault_Handler)
    __rt_ffs                                 0x08000e15   Thumb Code    64  kservice.o(i.__rt_ffs)
    __scatterload_copy                       0x08000e59   Thumb Code    14  handlers.o(i.__scatterload_copy)
    __scatterload_null                       0x08000e67   Thumb Code     2  handlers.o(i.__scatterload_null)
    __scatterload_zeroinit                   0x08000e69   Thumb Code    14  handlers.o(i.__scatterload_zeroinit)
    $Super$$main                             0x0800102d   Thumb Code   134  main.o(i.main)
    main_thread_entry                        0x080010bd   Thumb Code    14  components.o(i.main_thread_entry)
    rt_application_init                      0x080012e9   Thumb Code    48  components.o(i.rt_application_init)
    rt_assert_handler                        0x08001339   Thumb Code    46  kservice.o(i.rt_assert_handler)
    rt_components_board_init                 0x080013a5   Thumb Code    20  components.o(i.rt_components_board_init)
    rt_components_init                       0x080013c1   Thumb Code    20  components.o(i.rt_components_init)
    rt_console_set_device                    0x080013dd   Thumb Code    36  kservice.o(i.rt_console_set_device)
    rt_device_close                          0x08001405   Thumb Code    92  device.o(i.rt_device_close)
    rt_device_find                           0x080014b1   Thumb Code    96  device.o(i.rt_device_find)
    rt_device_open                           0x0800152d   Thumb Code   162  device.o(i.rt_device_open)
    rt_device_write                          0x0800166d   Thumb Code    96  device.o(i.rt_device_write)
    rt_enter_critical                        0x0800171d   Thumb Code    22  scheduler.o(i.rt_enter_critical)
    rt_exit_critical                         0x08001739   Thumb Code    44  scheduler.o(i.rt_exit_critical)
    rt_free                                  0x08001769   Thumb Code   230  mem.o(i.rt_free)
    rt_heap_begin_get                        0x08001935   Thumb Code     4  board.o(i.rt_heap_begin_get)
    rt_heap_end_get                          0x0800193d   Thumb Code     4  board.o(i.rt_heap_end_get)
    rt_hw_board_init                         0x08001945   Thumb Code    36  board.o(i.rt_hw_board_init)
    rt_hw_console_output                     0x08001971   Thumb Code     2  kservice.o(i.rt_hw_console_output)
    rt_hw_hard_fault_exception               0x08001975   Thumb Code   192  cpuport.o(i.rt_hw_hard_fault_exception)
    rt_hw_stack_init                         0x08001b85   Thumb Code    52  cpuport.o(i.rt_hw_stack_init)
    rt_interrupt_enter                       0x08001bbd   Thumb Code    32  irq.o(i.rt_interrupt_enter)
    rt_interrupt_get_nest                    0x08001be1   Thumb Code     6  irq.o(i.rt_interrupt_get_nest)
    rt_interrupt_leave                       0x08001bed   Thumb Code    32  irq.o(i.rt_interrupt_leave)
    rt_kprintf                               0x08001c75   Thumb Code    64  kservice.o(i.rt_kprintf)
    rt_malloc                                0x08001d19   Thumb Code   354  mem.o(i.rt_malloc)
    rt_memset                                0x08001f15   Thumb Code    18  kservice.o(i.rt_memset)
    rt_object_allocate                       0x08001f29   Thumb Code   144  object.o(i.rt_object_allocate)
    rt_object_delete                         0x08002005   Thumb Code    80  object.o(i.rt_object_delete)
    rt_object_detach                         0x0800209d   Thumb Code    56  object.o(i.rt_object_detach)
    rt_object_get_information                0x080020f1   Thumb Code    30  object.o(i.rt_object_get_information)
    rt_object_get_type                       0x08002115   Thumb Code    26  object.o(i.rt_object_get_type)
    rt_object_init                           0x08002149   Thumb Code    82  object.o(i.rt_object_init)
    rt_object_is_systemobject                0x080021bd   Thumb Code    32  object.o(i.rt_object_is_systemobject)
    rt_schedule                              0x080021f5   Thumb Code    94  scheduler.o(i.rt_schedule)
    rt_schedule_insert_thread                0x08002261   Thumb Code    84  scheduler.o(i.rt_schedule_insert_thread)
    rt_schedule_remove_thread                0x080022d5   Thumb Code    78  scheduler.o(i.rt_schedule_remove_thread)
    rt_sem_init                              0x08002345   Thumb Code    52  ipc.o(i.rt_sem_init)
    rt_sem_release                           0x0800238d   Thumb Code    98  ipc.o(i.rt_sem_release)
    rt_sem_take                              0x0800240d   Thumb Code   248  ipc.o(i.rt_sem_take)
    rt_set_errno                             0x08002589   Thumb Code    26  kservice.o(i.rt_set_errno)
    rt_show_version                          0x080025a9   Thumb Code    40  kservice.o(i.rt_show_version)
    rt_strlen                                0x08002659   Thumb Code    16  kservice.o(i.rt_strlen)
    rt_strncmp                               0x08002669   Thumb Code    32  kservice.o(i.rt_strncmp)
    rt_strncpy                               0x08002689   Thumb Code    38  kservice.o(i.rt_strncpy)
    rt_system_heap_init                      0x080026b1   Thumb Code   144  mem.o(i.rt_system_heap_init)
    rt_system_scheduler_init                 0x080027bd   Thumb Code    44  scheduler.o(i.rt_system_scheduler_init)
    rt_system_scheduler_start                0x080027f1   Thumb Code    32  scheduler.o(i.rt_system_scheduler_start)
    rt_system_timer_init                     0x08002819   Thumb Code     8  timer.o(i.rt_system_timer_init)
    rt_system_timer_thread_init              0x08002825   Thumb Code     2  timer.o(i.rt_system_timer_thread_init)
    rt_thread_create                         0x08002827   Thumb Code    72  thread.o(i.rt_thread_create)
    rt_thread_exit                           0x08002871   Thumb Code    78  thread.o(i.rt_thread_exit)
    rt_thread_idle_excute                    0x080028e5   Thumb Code   144  idle.o(i.rt_thread_idle_excute)
    rt_thread_idle_init                      0x080029a9   Thumb Code    40  idle.o(i.rt_thread_idle_init)
    rt_thread_init                           0x080029e1   Thumb Code    80  thread.o(i.rt_thread_init)
    rt_thread_resume                         0x08002a61   Thumb Code   104  thread.o(i.rt_thread_resume)
    rt_thread_self                           0x08002ae9   Thumb Code     6  thread.o(i.rt_thread_self)
    rt_thread_startup                        0x08002af5   Thumb Code    98  thread.o(i.rt_thread_startup)
    rt_thread_suspend                        0x08002bb1   Thumb Code   110  thread.o(i.rt_thread_suspend)
    rt_thread_timeout                        0x08002c41   Thumb Code    90  thread.o(i.rt_thread_timeout)
    rt_thread_yield                          0x08002cf5   Thumb Code    86  thread.o(i.rt_thread_yield)
    rt_tick_get                              0x08002d55   Thumb Code     6  clock.o(i.rt_tick_get)
    rt_tick_increase                         0x08002d61   Thumb Code    38  clock.o(i.rt_tick_increase)
    rt_timer_check                           0x08002d8d   Thumb Code   118  timer.o(i.rt_timer_check)
    rt_timer_control                         0x08002e09   Thumb Code    92  timer.o(i.rt_timer_control)
    rt_timer_detach                          0x08002eb9   Thumb Code    82  timer.o(i.rt_timer_detach)
    rt_timer_init                            0x08002f8d   Thumb Code    56  timer.o(i.rt_timer_init)
    rt_timer_start                           0x08002fdd   Thumb Code   204  timer.o(i.rt_timer_start)
    rt_timer_stop                            0x08003129   Thumb Code    92  timer.o(i.rt_timer_stop)
    rt_vsnprintf                             0x080031dd   Thumb Code   620  kservice.o(i.rt_vsnprintf)
    rtthread_startup                         0x08003461   Thumb Code    42  components.o(i.rtthread_startup)
    AHBPrescTable                            0x080034b2   Data          16  system_stm32f7xx.o(.constdata)
    __lowest_bit_bitmap                      0x080037ac   Data         256  kservice.o(.constdata)
    __rt_init_rti_start                      0x08003c6c   Data           4  components.o(.rti_fn.0)
    __rt_init_rti_board_start                0x08003c70   Data           4  components.o(.rti_fn.0.end)
    __rt_init_rti_board_end                  0x08003c74   Data           4  components.o(.rti_fn.1.end)
    __rt_init_rti_end                        0x08003c78   Data           4  components.o(.rti_fn.6.end)
    Region$$Table$$Base                      0x08003c7c   Number         0  anon$$obj.o(Region$$Table)
    Region$$Table$$Limit                     0x08003c9c   Number         0  anon$$obj.o(Region$$Table)
    uwTickFreq                               0x20000000   Data           1  stm32f7xx_hal.o(.data)
    uwTickPrio                               0x20000004   Data           4  stm32f7xx_hal.o(.data)
    uwTick                                   0x20000008   Data           4  stm32f7xx_hal.o(.data)
    SystemCoreClock                          0x2000000c   Data           4  system_stm32f7xx.o(.data)
    rt_interrupt_nest                        0x20000014   Data           1  irq.o(.data)
    rt_assert_hook                           0x20000028   Data           4  kservice.o(.data)
    rt_object_trytake_hook                   0x20000054   Data           4  object.o(.data)
    rt_object_take_hook                      0x20000058   Data           4  object.o(.data)
    rt_object_put_hook                       0x2000005c   Data           4  object.o(.data)
    rt_current_priority                      0x200000e0   Data           1  scheduler.o(.data)
    rt_current_thread                        0x200000e4   Data           4  scheduler.o(.data)
    rt_thread_ready_priority_group           0x200000e8   Data           4  scheduler.o(.data)
    rt_thread_defunct                        0x200000f0   Data           8  scheduler.o(.data)
    rt_interrupt_from_thread                 0x2000011c   Data           4  cpuport.o(.data)
    rt_interrupt_to_thread                   0x20000120   Data           4  cpuport.o(.data)
    rt_thread_switch_interrupt_flag          0x20000124   Data           4  cpuport.o(.data)
    rt_thread_priority_table                 0x20001b58   Data         256  scheduler.o(.bss)
    __initial_sp                             0x20002058   Data           0  startup_stm32f746xx.o(STACK)



==============================================================================

Memory Map of the image

  Image Entry point : 0x080001c9

  Load Region LR_IROM1 (Base: 0x08000000, Size: 0x00003dc4, Max: 0x00100000, ABSOLUTE)

    Execution Region ER_IROM1 (Exec base: 0x08000000, Load base: 0x08000000, Size: 0x00003c9c, Max: 0x00100000, ABSOLUTE)

    Exec Addr    Load Addr    Size         Type   Attr      Idx    E Section Name        Object

    0x08000000   0x08000000   0x000001c8   Data   RO            3    RESET               startup_stm32f746xx.o
    0x080001c8   0x080001c8   0x00000000   Code   RO         3461  * .ARM.Collect$$$$00000000  mc_w.l(entry.o)
    0x080001c8   0x080001c8   0x00000004   Code   RO         3468    .ARM.Collect$$$$00000001  mc_w.l(entry2.o)
    0x080001cc   0x080001cc   0x00000004   Code   RO         3471    .ARM.Collect$$$$00000004  mc_w.l(entry5.o)
    0x080001d0   0x080001d0   0x00000000   Code   RO         3473    .ARM.Collect$$$$00000008  mc_w.l(entry7b.o)
    0x080001d0   0x080001d0   0x00000000   Code   RO         3475    .ARM.Collect$$$$0000000A  mc_w.l(entry8b.o)
    0x080001d0   0x080001d0   0x00000008   Code   RO         3476    .ARM.Collect$$$$0000000B  mc_w.l(entry9a.o)
    0x080001d8   0x080001d8   0x00000000   Code   RO         3478    .ARM.Collect$$$$0000000D  mc_w.l(entry10a.o)
    0x080001d8   0x080001d8   0x00000000   Code   RO         3480    .ARM.Collect$$$$0000000F  mc_w.l(entry11a.o)
    0x080001d8   0x080001d8   0x00000004   Code   RO         3469    .ARM.Collect$$$$00002712  mc_w.l(entry2.o)
    0x080001dc   0x080001dc   0x00000024   Code   RO            4    .text               startup_stm32f746xx.o
    0x08000200   0x08000200   0x00000134   Code   RO         2136    .text               context_rvds.o
    0x08000334   0x08000334   0x00000062   Code   RO         3464    .text               mc_w.l(uldiv.o)
    0x08000396   0x08000396   0x00000024   Code   RO         3466    .text               mc_w.l(memseta.o)
    0x080003ba   0x080003ba   0x0000001e   Code   RO         3482    .text               mc_w.l(llshl.o)
    0x080003d8   0x080003d8   0x00000020   Code   RO         3484    .text               mc_w.l(llushr.o)
    0x080003f8   0x080003f8   0x00000024   Code   RO         3486    .text               mc_w.l(init.o)
    0x0800041c   0x0800041c   0x0000000e   Code   RO         2213    i.$Sub$$main        components.o
    0x0800042a   0x0800042a   0x00000002   Code   RO          230    i.BusFault_Handler  stm32f7xx_it.o
    0x0800042c   0x0800042c   0x00000002   Code   RO          231    i.DebugMon_Handler  stm32f7xx_it.o
    0x0800042e   0x0800042e   0x00000002   PAD
    0x08000430   0x08000430   0x000001d8   Code   RO          821    i.HAL_GPIO_Init     stm32f7xx_hal_gpio.o
    0x08000608   0x08000608   0x0000000a   Code   RO          825    i.HAL_GPIO_WritePin  stm32f7xx_hal_gpio.o
    0x08000612   0x08000612   0x00000002   PAD
    0x08000614   0x08000614   0x0000000c   Code   RO         1262    i.HAL_GetTick       stm32f7xx_hal.o
    0x08000620   0x08000620   0x0000002c   Code   RO         1269    i.HAL_Init          stm32f7xx_hal.o
    0x0800064c   0x0800064c   0x00000040   Code   RO         1270    i.HAL_InitTick      stm32f7xx_hal.o
    0x0800068c   0x0800068c   0x00000030   Code   RO          279    i.HAL_MspInit       stm32f7xx_hal_msp.o
    0x080006bc   0x080006bc   0x00000040   Code   RO          314    i.HAL_NVIC_SetPriority  stm32f7xx_hal_cortex.o
    0x080006fc   0x080006fc   0x00000024   Code   RO          315    i.HAL_NVIC_SetPriorityGrouping  stm32f7xx_hal_cortex.o
    0x08000720   0x08000720   0x0000006c   Code   RO         1161    i.HAL_PWREx_EnableOverDrive  stm32f7xx_hal_pwr_ex.o
    0x0800078c   0x0800078c   0x0000012c   Code   RO          475    i.HAL_RCC_ClockConfig  stm32f7xx_hal_rcc.o
    0x080008b8   0x080008b8   0x00000064   Code   RO          484    i.HAL_RCC_GetSysClockFreq  stm32f7xx_hal_rcc.o
    0x0800091c   0x0800091c   0x00000338   Code   RO          487    i.HAL_RCC_OscConfig  stm32f7xx_hal_rcc.o
    0x08000c54   0x08000c54   0x00000026   Code   RO          319    i.HAL_SYSTICK_Config  stm32f7xx_hal_cortex.o
    0x08000c7a   0x08000c7a   0x00000002   PAD
    0x08000c7c   0x08000c7c   0x00000080   Code   RO           14    i.MX_GPIO_Init      main.o
    0x08000cfc   0x08000cfc   0x00000002   Code   RO          203    i.MX_RT_Thread_Init  app_rtthread.o
    0x08000cfe   0x08000cfe   0x00000002   Code   RO          204    i.MX_RT_Thread_Process  app_rtthread.o
    0x08000d00   0x08000d00   0x00000002   Code   RO          232    i.NMI_Handler       stm32f7xx_it.o
    0x08000d02   0x08000d02   0x00000012   Code   RO         2140    i.SysTick_Handler   board.o
    0x08000d14   0x08000d14   0x00000088   Code   RO           15    i.SystemClock_Config  main.o
    0x08000d9c   0x08000d9c   0x00000054   Code   RO         2005    i.SystemInit        system_stm32f7xx.o
    0x08000df0   0x08000df0   0x00000002   Code   RO          233    i.UsageFault_Handler  stm32f7xx_it.o
    0x08000df2   0x08000df2   0x00000022   Code   RO          321    i.__NVIC_SetPriority  stm32f7xx_hal_cortex.o
    0x08000e14   0x08000e14   0x00000044   Code   RO         2722    i.__rt_ffs          kservice.o
    0x08000e58   0x08000e58   0x0000000e   Code   RO         3490    i.__scatterload_copy  mc_w.l(handlers.o)
    0x08000e66   0x08000e66   0x00000002   Code   RO         3491    i.__scatterload_null  mc_w.l(handlers.o)
    0x08000e68   0x08000e68   0x0000000e   Code   RO         3492    i.__scatterload_zeroinit  mc_w.l(handlers.o)
    0x08000e76   0x08000e76   0x00000002   PAD
    0x08000e78   0x08000e78   0x00000014   Code   RO         2373    i._has_defunct_thread  idle.o
    0x08000e8c   0x08000e8c   0x000000bc   Code   RO         3095    i._rt_scheduler_stack_check  scheduler.o
    0x08000f48   0x08000f48   0x000000b8   Code   RO         3169    i._rt_thread_init   thread.o
    0x08001000   0x08001000   0x0000001a   Code   RO         3312    i._rt_timer_init    timer.o
    0x0800101a   0x0800101a   0x00000012   Code   RO         3313    i._rt_timer_remove  timer.o
    0x0800102c   0x0800102c   0x00000090   Code   RO           16    i.main              main.o
    0x080010bc   0x080010bc   0x0000000e   Code   RO         2214    i.main_thread_entry  components.o
    0x080010ca   0x080010ca   0x00000002   PAD
    0x080010cc   0x080010cc   0x000000e8   Code   RO         2924    i.plug_holes        mem.o
    0x080011b4   0x080011b4   0x00000134   Code   RO         2724    i.print_number      kservice.o
    0x080012e8   0x080012e8   0x00000050   Code   RO         2215    i.rt_application_init  components.o
    0x08001338   0x08001338   0x0000006c   Code   RO         2725    i.rt_assert_handler  kservice.o
    0x080013a4   0x080013a4   0x0000001c   Code   RO         2216    i.rt_components_board_init  components.o
    0x080013c0   0x080013c0   0x0000001c   Code   RO         2217    i.rt_components_init  components.o
    0x080013dc   0x080013dc   0x00000028   Code   RO         2728    i.rt_console_set_device  kservice.o
    0x08001404   0x08001404   0x000000ac   Code   RO         2282    i.rt_device_close   device.o
    0x080014b0   0x080014b0   0x0000007c   Code   RO         2286    i.rt_device_find    device.o
    0x0800152c   0x0800152c   0x00000140   Code   RO         2289    i.rt_device_open    device.o
    0x0800166c   0x0800166c   0x000000b0   Code   RO         2295    i.rt_device_write   device.o
    0x0800171c   0x0800171c   0x0000001c   Code   RO         3097    i.rt_enter_critical  scheduler.o
    0x08001738   0x08001738   0x00000030   Code   RO         3098    i.rt_exit_critical  scheduler.o
    0x08001768   0x08001768   0x000001cc   Code   RO         2926    i.rt_free           mem.o
    0x08001934   0x08001934   0x00000008   Code   RO         2141    i.rt_heap_begin_get  board.o
    0x0800193c   0x0800193c   0x00000008   Code   RO         2142    i.rt_heap_end_get   board.o
    0x08001944   0x08001944   0x0000002c   Code   RO         2143    i.rt_hw_board_init  board.o
    0x08001970   0x08001970   0x00000002   Code   RO         2731    i.rt_hw_console_output  kservice.o
    0x08001972   0x08001972   0x00000002   PAD
    0x08001974   0x08001974   0x00000210   Code   RO         3421    i.rt_hw_hard_fault_exception  cpuport.o
    0x08001b84   0x08001b84   0x00000038   Code   RO         3422    i.rt_hw_stack_init  cpuport.o
    0x08001bbc   0x08001bbc   0x00000024   Code   RO         2683    i.rt_interrupt_enter  irq.o
    0x08001be0   0x08001be0   0x0000000c   Code   RO         2685    i.rt_interrupt_get_nest  irq.o
    0x08001bec   0x08001bec   0x00000024   Code   RO         2686    i.rt_interrupt_leave  irq.o
    0x08001c10   0x08001c10   0x0000000e   Code   RO         2433    i.rt_ipc_list_resume  ipc.o
    0x08001c1e   0x08001c1e   0x00000002   PAD
    0x08001c20   0x08001c20   0x00000052   Code   RO         2435    i.rt_ipc_list_suspend  ipc.o
    0x08001c72   0x08001c72   0x00000002   PAD
    0x08001c74   0x08001c74   0x00000048   Code   RO         2732    i.rt_kprintf        kservice.o
    0x08001cbc   0x08001cbc   0x0000000e   Code   RO         2988    i.rt_list_insert_after  object.o
    0x08001cca   0x08001cca   0x0000000e   Code   RO         3170    i.rt_list_insert_after  thread.o
    0x08001cd8   0x08001cd8   0x0000000e   Code   RO         3314    i.rt_list_insert_after  timer.o
    0x08001ce6   0x08001ce6   0x0000000e   Code   RO         2436    i.rt_list_insert_before  ipc.o
    0x08001cf4   0x08001cf4   0x00000012   Code   RO         2989    i.rt_list_remove    object.o
    0x08001d06   0x08001d06   0x00000012   Code   RO         3171    i.rt_list_remove    thread.o
    0x08001d18   0x08001d18   0x000001fc   Code   RO         2928    i.rt_malloc         mem.o
    0x08001f14   0x08001f14   0x00000012   Code   RO         2738    i.rt_memset         kservice.o
    0x08001f26   0x08001f26   0x00000002   PAD
    0x08001f28   0x08001f28   0x000000dc   Code   RO         2990    i.rt_object_allocate  object.o
    0x08002004   0x08002004   0x00000098   Code   RO         2992    i.rt_object_delete  object.o
    0x0800209c   0x0800209c   0x00000054   Code   RO         2993    i.rt_object_detach  object.o
    0x080020f0   0x080020f0   0x00000024   Code   RO         2996    i.rt_object_get_information  object.o
    0x08002114   0x08002114   0x00000034   Code   RO         2997    i.rt_object_get_type  object.o
    0x08002148   0x08002148   0x00000074   Code   RO         2998    i.rt_object_init    object.o
    0x080021bc   0x080021bc   0x00000038   Code   RO         2999    i.rt_object_is_systemobject  object.o
    0x080021f4   0x080021f4   0x0000006c   Code   RO         3099    i.rt_schedule       scheduler.o
    0x08002260   0x08002260   0x00000074   Code   RO         3100    i.rt_schedule_insert_thread  scheduler.o
    0x080022d4   0x080022d4   0x00000070   Code   RO         3101    i.rt_schedule_remove_thread  scheduler.o
    0x08002344   0x08002344   0x00000048   Code   RO         2464    i.rt_sem_init       ipc.o
    0x0800238c   0x0800238c   0x00000080   Code   RO         2465    i.rt_sem_release    ipc.o
    0x0800240c   0x0800240c   0x0000017c   Code   RO         2466    i.rt_sem_take       ipc.o
    0x08002588   0x08002588   0x00000020   Code   RO         2739    i.rt_set_errno      kservice.o
    0x080025a8   0x080025a8   0x000000b0   Code   RO         2740    i.rt_show_version   kservice.o
    0x08002658   0x08002658   0x00000010   Code   RO         2746    i.rt_strlen         kservice.o
    0x08002668   0x08002668   0x00000020   Code   RO         2747    i.rt_strncmp        kservice.o
    0x08002688   0x08002688   0x00000026   Code   RO         2748    i.rt_strncpy        kservice.o
    0x080026ae   0x080026ae   0x00000002   PAD
    0x080026b0   0x080026b0   0x0000010c   Code   RO         2932    i.rt_system_heap_init  mem.o
    0x080027bc   0x080027bc   0x00000034   Code   RO         3103    i.rt_system_scheduler_init  scheduler.o
    0x080027f0   0x080027f0   0x00000028   Code   RO         3104    i.rt_system_scheduler_start  scheduler.o
    0x08002818   0x08002818   0x0000000c   Code   RO         3315    i.rt_system_timer_init  timer.o
    0x08002824   0x08002824   0x00000002   Code   RO         3316    i.rt_system_timer_thread_init  timer.o
    0x08002826   0x08002826   0x00000048   Code   RO         3173    i.rt_thread_create  thread.o
    0x0800286e   0x0800286e   0x00000002   PAD
    0x08002870   0x08002870   0x00000058   Code   RO         3177    i.rt_thread_exit    thread.o
    0x080028c8   0x080028c8   0x0000001c   Code   RO         2375    i.rt_thread_idle_entry  idle.o
    0x080028e4   0x080028e4   0x000000c4   Code   RO         2376    i.rt_thread_idle_excute  idle.o
    0x080029a8   0x080029a8   0x00000038   Code   RO         2378    i.rt_thread_idle_init  idle.o
    0x080029e0   0x080029e0   0x00000080   Code   RO         3179    i.rt_thread_init    thread.o
    0x08002a60   0x08002a60   0x00000088   Code   RO         3182    i.rt_thread_resume  thread.o
    0x08002ae8   0x08002ae8   0x0000000c   Code   RO         3184    i.rt_thread_self    thread.o
    0x08002af4   0x08002af4   0x000000bc   Code   RO         3186    i.rt_thread_startup  thread.o
    0x08002bb0   0x08002bb0   0x00000090   Code   RO         3187    i.rt_thread_suspend  thread.o
    0x08002c40   0x08002c40   0x000000b4   Code   RO         3189    i.rt_thread_timeout  thread.o
    0x08002cf4   0x08002cf4   0x00000060   Code   RO         3190    i.rt_thread_yield   thread.o
    0x08002d54   0x08002d54   0x0000000c   Code   RO         2177    i.rt_tick_get       clock.o
    0x08002d60   0x08002d60   0x0000002c   Code   RO         2178    i.rt_tick_increase  clock.o
    0x08002d8c   0x08002d8c   0x0000007c   Code   RO         3317    i.rt_timer_check    timer.o
    0x08002e08   0x08002e08   0x000000b0   Code   RO         3318    i.rt_timer_control  timer.o
    0x08002eb8   0x08002eb8   0x000000d4   Code   RO         3321    i.rt_timer_detach   timer.o
    0x08002f8c   0x08002f8c   0x00000050   Code   RO         3324    i.rt_timer_init     timer.o
    0x08002fdc   0x08002fdc   0x0000014c   Code   RO         3326    i.rt_timer_start    timer.o
    0x08003128   0x08003128   0x000000b4   Code   RO         3327    i.rt_timer_stop     timer.o
    0x080031dc   0x080031dc   0x00000274   Code   RO         2751    i.rt_vsnprintf      kservice.o
    0x08003450   0x08003450   0x00000004   Code   RO         2218    i.rti_board_end     components.o
    0x08003454   0x08003454   0x00000004   Code   RO         2219    i.rti_board_start   components.o
    0x08003458   0x08003458   0x00000004   Code   RO         2220    i.rti_end           components.o
    0x0800345c   0x0800345c   0x00000004   Code   RO         2221    i.rti_start         components.o
    0x08003460   0x08003460   0x0000002a   Code   RO         2222    i.rtthread_startup  components.o
    0x0800348a   0x0800348a   0x00000028   Code   RO         2753    i.skip_atoi         kservice.o
    0x080034b2   0x080034b2   0x00000010   Data   RO         2006    .constdata          system_stm32f7xx.o
    0x080034c2   0x080034c2   0x00000014   Data   RO         2223    .constdata          components.o
    0x080034d6   0x080034d6   0x000000c9   Data   RO         2296    .constdata          device.o
    0x0800359f   0x0800359f   0x00000016   Data   RO         2381    .constdata          idle.o
    0x080035b5   0x080035b5   0x000001f7   Data   RO         2468    .constdata          ipc.o
    0x080037ac   0x080037ac   0x00000122   Data   RO         2755    .constdata          kservice.o
    0x080038ce   0x080038ce   0x0000003c   Data   RO         2934    .constdata          mem.o
    0x0800390a   0x0800390a   0x00000080   Data   RO         3004    .constdata          object.o
    0x0800398a   0x0800398a   0x0000004e   Data   RO         3106    .constdata          scheduler.o
    0x080039d8   0x080039d8   0x000000b9   Data   RO         3191    .constdata          thread.o
    0x08003a91   0x08003a91   0x0000005c   Data   RO         3328    .constdata          timer.o
    0x08003aed   0x08003aed   0x00000003   PAD
    0x08003af0   0x08003af0   0x00000045   Data   RO         2469    .conststring        ipc.o
    0x08003b35   0x08003b35   0x00000003   PAD
    0x08003b38   0x08003b38   0x000000ed   Data   RO         2935    .conststring        mem.o
    0x08003c25   0x08003c25   0x00000003   PAD
    0x08003c28   0x08003c28   0x00000042   Data   RO         3192    .conststring        thread.o
    0x08003c6a   0x08003c6a   0x00000002   PAD
    0x08003c6c   0x08003c6c   0x00000004   Data   RO         2224    .rti_fn.0           components.o
    0x08003c70   0x08003c70   0x00000004   Data   RO         2225    .rti_fn.0.end       components.o
    0x08003c74   0x08003c74   0x00000004   Data   RO         2226    .rti_fn.1.end       components.o
    0x08003c78   0x08003c78   0x00000004   Data   RO         2227    .rti_fn.6.end       components.o
    0x08003c7c   0x08003c7c   0x00000020   Data   RO         3488    Region$$Table       anon$$obj.o


    Execution Region RW_IRAM1 (Exec base: 0x20000000, Load base: 0x08003c9c, Size: 0x00002058, Max: 0x00050000, ABSOLUTE)

    Exec Addr    Load Addr    Size         Type   Attr      Idx    E Section Name        Object

    0x20000000   0x08003c9c   0x0000000c   Data   RW         1276    .data               stm32f7xx_hal.o
    0x2000000c   0x08003ca8   0x00000004   Data   RW         2008    .data               system_stm32f7xx.o
    0x20000010   0x08003cac   0x00000004   Data   RW         2180    .data               clock.o
    0x20000014   0x08003cb0   0x0000000c   Data   RW         2688    .data               irq.o
    0x20000020   0x08003cbc   0x0000000c   Data   RW         2756    .data               kservice.o
    0x2000002c   0x08003cc8   0x00000020   Data   RW         2936    .data               mem.o
    0x2000004c   0x08003ce8   0x00000094   Data   RW         3005    .data               object.o
    0x200000e0   0x08003d7c   0x00000018   Data   RW         3107    .data               scheduler.o
    0x200000f8   0x08003d94   0x0000000c   Data   RW         3193    .data               thread.o
    0x20000104   0x08003da0   0x00000014   Data   RW         3329    .data               timer.o
    0x20000118   0x08003db4   0x00000004   Data   RW         3424    .data               cpuport.o
    0x2000011c   0x08003db8   0x00000004   Data   RW         3425    .data               cpuport.o
    0x20000120   0x08003dbc   0x00000004   Data   RW         3426    .data               cpuport.o
    0x20000124   0x08003dc0   0x00000004   Data   RW         3427    .data               cpuport.o
    0x20000128        -       0x00001800   Zero   RW         2144    .bss                board.o
    0x20001928        -       0x00000190   Zero   RW         2380    .bss                idle.o
    0x20001ab8        -       0x00000080   Zero   RW         2754    .bss                kservice.o
    0x20001b38        -       0x00000020   Zero   RW         2933    .bss                mem.o
    0x20001b58        -       0x00000100   Zero   RW         3105    .bss                scheduler.o
    0x20001c58        -       0x00000400   Zero   RW            1    STACK               startup_stm32f746xx.o


==============================================================================

Image component sizes


      Code (inc. data)   RO Data    RW Data    ZI Data      Debug   Object Name

         4          0          0          0          0        899   app_rtthread.o
        78         16          0          0       6144       2791   board.o
        56         12          0          4          0       1325   clock.o
         0          0          0          0          0       2576   completion.o
       222         48         36          0          0       6456   components.o
       308         26          0          0          0        868   context_rvds.o
       584        340          0         16          0       4278   cpuport.o
       792        346        201          0          0       8391   device.o
       300         76         22          0        400       6118   idle.o
       690        182        572          0          0      32087   ipc.o
        84         14          0         12          0       2382   irq.o
      1578        232        290         12        128      13584   kservice.o
       408         30          0          0          0     792639   main.o
      1468        610        297         32         32       5881   mem.o
       748        266        128        148          0      11122   object.o
       692        220         78         24        256       9474   scheduler.o
        36          8        456          0       1024        828   startup_stm32f746xx.o
       120         20          0         12          0       7855   stm32f7xx_hal.o
       172         12          0          0          0      38258   stm32f7xx_hal_cortex.o
       482         54          0          0          0       2544   stm32f7xx_hal_gpio.o
        48          6          0          0          0        806   stm32f7xx_hal_msp.o
       108          8          0          0          0       1252   stm32f7xx_hal_pwr_ex.o
      1224         44          0          0          0       3886   stm32f7xx_hal_rcc.o
         8          0          0          0          0       1789   stm32f7xx_it.o
        84         16         16          4          0       1203   system_stm32f7xx.o
      1260        372        251         12          0      15883   thread.o
      1176        464         92         20          0      12123   timer.o

    ----------------------------------------------------------------------
     12750       3422       2482        296       7984     987298   Object Totals
         0          0         32          0          0          0   (incl. Generated)
        20          0         11          0          0          0   (incl. Padding)

    ----------------------------------------------------------------------

      Code (inc. data)   RO Data    RW Data    ZI Data      Debug   Library Member Name

         0          0          0          0          0          0   entry.o
         0          0          0          0          0          0   entry10a.o
         0          0          0          0          0          0   entry11a.o
         8          4          0          0          0          0   entry2.o
         4          0          0          0          0          0   entry5.o
         0          0          0          0          0          0   entry7b.o
         0          0          0          0          0          0   entry8b.o
         8          4          0          0          0          0   entry9a.o
        30          0          0          0          0          0   handlers.o
        36          8          0          0          0         68   init.o
        30          0          0          0          0         68   llshl.o
        32          0          0          0          0         68   llushr.o
        36          0          0          0          0        108   memseta.o
        98          0          0          0          0         92   uldiv.o

    ----------------------------------------------------------------------
       284         16          0          0          0        404   Library Totals
         2          0          0          0          0          0   (incl. Padding)

    ----------------------------------------------------------------------

      Code (inc. data)   RO Data    RW Data    ZI Data      Debug   Library Name

       282         16          0          0          0        404   mc_w.l

    ----------------------------------------------------------------------
       284         16          0          0          0        404   Library Totals

    ----------------------------------------------------------------------

==============================================================================


      Code (inc. data)   RO Data    RW Data    ZI Data      Debug   

     13034       3438       2482        296       7984     976702   Grand Totals
     13034       3438       2482        296       7984     976702   ELF Image Totals
     13034       3438       2482        296          0          0   ROM Totals

==============================================================================

    Total RO  Size (Code + RO Data)                15516 (  15.15kB)
    Total RW  Size (RW Data + ZI Data)              8280 (   8.09kB)
    Total ROM Size (Code + RO Data + RW Data)      15812 (  15.44kB)

==============================================================================

