Component: ARM Compiler 5.06 update 6 (build 750) Tool: armlink [4d35ed]

==============================================================================

Section Cross References

    startup_stm32f746xx.o(RESET) refers to startup_stm32f746xx.o(STACK) for __initial_sp
    startup_stm32f746xx.o(RESET) refers to startup_stm32f746xx.o(.text) for Reset_Handler
    startup_stm32f746xx.o(RESET) refers to stm32f7xx_it.o(i.NMI_Handler) for NMI_Handler
    startup_stm32f746xx.o(RESET) refers to context_rvds.o(.text) for HardFault_Handler
    startup_stm32f746xx.o(RESET) refers to stm32f7xx_it.o(i.MemManage_Handler) for MemManage_Handler
    startup_stm32f746xx.o(RESET) refers to stm32f7xx_it.o(i.BusFault_Handler) for BusFault_Handler
    startup_stm32f746xx.o(RESET) refers to stm32f7xx_it.o(i.UsageFault_Handler) for UsageFault_Handler
    startup_stm32f746xx.o(RESET) refers to stm32f7xx_it.o(i.SVC_Handler) for SVC_Handler
    startup_stm32f746xx.o(RESET) refers to stm32f7xx_it.o(i.DebugMon_Handler) for DebugMon_Handler
    startup_stm32f746xx.o(RESET) refers to stm32f7xx_it.o(i.PendSV_Handler) for PendSV_Handler
    startup_stm32f746xx.o(RESET) refers to stm32f7xx_it.o(i.SysTick_Handler) for SysTick_Handler
    startup_stm32f746xx.o(RESET) refers to board.o(i.SysTick_Handler) for SysTick_Handler
    startup_stm32f746xx.o(.text) refers to system_stm32f7xx.o(i.SystemInit) for SystemInit
    startup_stm32f746xx.o(.text) refers to entry.o(.ARM.Collect$$$$00000000) for __main
    main.o(i.MX_GPIO_Init) refers to memseta.o(.text) for __aeabi_memclr4
    main.o(i.MX_GPIO_Init) refers to stm32f7xx_hal_gpio.o(i.HAL_GPIO_WritePin) for HAL_GPIO_WritePin
    main.o(i.MX_GPIO_Init) refers to stm32f7xx_hal_gpio.o(i.HAL_GPIO_Init) for HAL_GPIO_Init
    main.o(i.SystemClock_Config) refers to memseta.o(.text) for __aeabi_memclr4
    main.o(i.SystemClock_Config) refers to stm32f7xx_hal_rcc.o(i.HAL_RCC_OscConfig) for HAL_RCC_OscConfig
    main.o(i.SystemClock_Config) refers to stm32f7xx_hal_pwr_ex.o(i.HAL_PWREx_EnableOverDrive) for HAL_PWREx_EnableOverDrive
    main.o(i.SystemClock_Config) refers to stm32f7xx_hal_rcc.o(i.HAL_RCC_ClockConfig) for HAL_RCC_ClockConfig
    main.o(i.main) refers to stm32f7xx_hal.o(i.HAL_Init) for HAL_Init
    main.o(i.main) refers to main.o(i.SystemClock_Config) for SystemClock_Config
    main.o(i.main) refers to main.o(i.MX_GPIO_Init) for MX_GPIO_Init
    main.o(i.main) refers to app_rtthread.o(i.MX_RT_Thread_Init) for MX_RT_Thread_Init
    main.o(i.main) refers to app_rtthread.o(i.MX_RT_Thread_Process) for MX_RT_Thread_Process
    stm32f7xx_it.o(i.SysTick_Handler) refers to stm32f7xx_hal.o(i.HAL_IncTick) for HAL_IncTick
    stm32f7xx_hal_cortex.o(i.HAL_NVIC_SetPriority) refers to stm32f7xx_hal_cortex.o(i.__NVIC_SetPriority) for __NVIC_SetPriority
    stm32f7xx_hal_cortex.o(i.HAL_SYSTICK_Config) refers to stm32f7xx_hal_cortex.o(i.__NVIC_SetPriority) for __NVIC_SetPriority
    stm32f7xx_hal_cortex.o(i.HAL_SYSTICK_IRQHandler) refers to stm32f7xx_hal_cortex.o(i.HAL_SYSTICK_Callback) for HAL_SYSTICK_Callback
    stm32f7xx_hal_rcc.o(i.HAL_RCC_ClockConfig) refers to stm32f7xx_hal.o(i.HAL_GetTick) for HAL_GetTick
    stm32f7xx_hal_rcc.o(i.HAL_RCC_ClockConfig) refers to stm32f7xx_hal_rcc.o(i.HAL_RCC_GetSysClockFreq) for HAL_RCC_GetSysClockFreq
    stm32f7xx_hal_rcc.o(i.HAL_RCC_ClockConfig) refers to stm32f7xx_hal.o(i.HAL_InitTick) for HAL_InitTick
    stm32f7xx_hal_rcc.o(i.HAL_RCC_ClockConfig) refers to system_stm32f7xx.o(.constdata) for AHBPrescTable
    stm32f7xx_hal_rcc.o(i.HAL_RCC_ClockConfig) refers to system_stm32f7xx.o(.data) for SystemCoreClock
    stm32f7xx_hal_rcc.o(i.HAL_RCC_DeInit) refers to stm32f7xx_hal.o(i.HAL_GetTick) for HAL_GetTick
    stm32f7xx_hal_rcc.o(i.HAL_RCC_DeInit) refers to stm32f7xx_hal.o(i.HAL_InitTick) for HAL_InitTick
    stm32f7xx_hal_rcc.o(i.HAL_RCC_DeInit) refers to system_stm32f7xx.o(.data) for SystemCoreClock
    stm32f7xx_hal_rcc.o(i.HAL_RCC_GetHCLKFreq) refers to system_stm32f7xx.o(.data) for SystemCoreClock
    stm32f7xx_hal_rcc.o(i.HAL_RCC_GetPCLK1Freq) refers to system_stm32f7xx.o(.data) for SystemCoreClock
    stm32f7xx_hal_rcc.o(i.HAL_RCC_GetPCLK1Freq) refers to system_stm32f7xx.o(.constdata) for APBPrescTable
    stm32f7xx_hal_rcc.o(i.HAL_RCC_GetPCLK2Freq) refers to system_stm32f7xx.o(.data) for SystemCoreClock
    stm32f7xx_hal_rcc.o(i.HAL_RCC_GetPCLK2Freq) refers to system_stm32f7xx.o(.constdata) for APBPrescTable
    stm32f7xx_hal_rcc.o(i.HAL_RCC_GetSysClockFreq) refers to uldiv.o(.text) for __aeabi_uldivmod
    stm32f7xx_hal_rcc.o(i.HAL_RCC_MCOConfig) refers to stm32f7xx_hal_gpio.o(i.HAL_GPIO_Init) for HAL_GPIO_Init
    stm32f7xx_hal_rcc.o(i.HAL_RCC_NMI_IRQHandler) refers to stm32f7xx_hal_rcc.o(i.HAL_RCC_CSSCallback) for HAL_RCC_CSSCallback
    stm32f7xx_hal_rcc.o(i.HAL_RCC_OscConfig) refers to stm32f7xx_hal.o(i.HAL_GetTick) for HAL_GetTick
    stm32f7xx_hal_rcc_ex.o(i.HAL_RCCEx_DisablePLLI2S) refers to stm32f7xx_hal.o(i.HAL_GetTick) for HAL_GetTick
[...]
    stm32f7xx_hal_i2c.o(i.HAL_I2C_Master_Transmit_DMA) refers to stm32f7xx_hal_i2c.o(i.I2C_Master_ISR_DMA) for I2C_Master_ISR_DMA
    stm32f7xx_hal_i2c.o(i.HAL_I2C_Master_Transmit_DMA) refers to stm32f7xx_hal_i2c.o(i.I2C_DMAMasterTransmitCplt) for I2C_DMAMasterTransmitCplt
    stm32f7xx_hal_i2c.o(i.HAL_I2C_Master_Transmit_DMA) refers to stm32f7xx_hal_i2c.o(i.I2C_DMAError) for I2C_DMAError
    stm32f7xx_hal_i2c.o(i.HAL_I2C_Master_Transmit_DMA) refers to stm32f7xx_hal_i2c.o(i.I2C_Master_ISR_IT) for I2C_Master_ISR_IT
    stm32f7xx_hal_i2c.o(i.HAL_I2C_Master_Transmit_IT) refers to stm32f7xx_hal_i2c.o(i.I2C_TransferConfig) for I2C_TransferConfig
    stm32f7xx_hal_i2c.o(i.HAL_I2C_Master_Transmit_IT) refers to stm32f7xx_hal_i2c.o(i.I2C_Enable_IRQ) for I2C_Enable_IRQ
    stm32f7xx_hal_i2c.o(i.HAL_I2C_Master_Transmit_IT) refers to stm32f7xx_hal_i2c.o(i.I2C_Master_ISR_IT) for I2C_Master_ISR_IT
    stm32f7xx_hal_i2c.o(i.HAL_I2C_Mem_Read) refers to stm32f7xx_hal.o(i.HAL_GetTick) for HAL_GetTick
    stm32f7xx_hal_i2c.o(i.HAL_I2C_Mem_Read) refers to stm32f7xx_hal_i2c.o(i.I2C_WaitOnFlagUntilTimeout) for I2C_WaitOnFlagUntilTimeout
    stm32f7xx_hal_i2c.o(i.HAL_I2C_Mem_Read) refers to stm32f7xx_hal_i2c.o(i.I2C_RequestMemoryRead) for I2C_RequestMemoryRead
    stm32f7xx_hal_i2c.o(i.HAL_I2C_Mem_Read) refers to stm32f7xx_hal_i2c.o(i.I2C_TransferConfig) for I2C_TransferConfig
    stm32f7xx_hal_i2c.o(i.HAL_I2C_Mem_Read) refers to stm32f7xx_hal_i2c.o(i.I2C_WaitOnSTOPFlagUntilTimeout) for I2C_WaitOnSTOPFlagUntilTimeout
    stm32f7xx_hal_i2c.o(i.HAL_I2C_Mem_Read_DMA) refers to stm32f7xx_hal.o(i.HAL_GetTick) for HAL_GetTick
    stm32f7xx_hal_i2c.o(i.HAL_I2C_Mem_Read_DMA) refers to stm32f7xx_hal_i2c.o(i.I2C_RequestMemoryRead) for I2C_RequestMemoryRead
    stm32f7xx_hal_i2c.o(i.HAL_I2C_Mem_Read_DMA) refers to stm32f7xx_hal_dma.o(i.HAL_DMA_Start_IT) for HAL_DMA_Start_IT
    stm32f7xx_hal_i2c.o(i.HAL_I2C_Mem_Read_DMA) refers to stm32f7xx_hal_i2c.o(i.I2C_TransferConfig) for I2C_TransferConfig
    stm32f7xx_hal_i2c.o(i.HAL_I2C_Mem_Read_DMA) refers to stm32f7xx_hal_i2c.o(i.I2C_Enable_IRQ) for I2C_Enable_IRQ
    stm32f7xx_hal_i2c.o(i.HAL_I2C_Mem_Read_DMA) refers to stm32f7xx_hal_i2c.o(i.I2C_Master_ISR_DMA) for I2C_Master_ISR_DMA
    stm32f7xx_hal_i2c.o(i.HAL_I2C_Mem_Read_DMA) refers to stm32f7xx_hal_i2c.o(i.I2C_DMAMasterReceiveCplt) for I2C_DMAMasterReceiveCplt
    stm32f7xx_hal_i2c.o(i.HAL_I2C_Mem_Read_DMA) refers to stm32f7xx_hal_i2c.o(i.I2C_DMAError) for I2C_DMAError
    stm32f7xx_hal_i2c.o(i.HAL_I2C_Mem_Read_IT) refers to stm32f7xx_hal.o(i.HAL_GetTick) for HAL_GetTick
    stm32f7xx_hal_i2c.o(i.HAL_I2C_Mem_Read_IT) refers to stm32f7xx_hal_i2c.o(i.I2C_RequestMemoryRead) for I2C_RequestMemoryRead
    stm32f7xx_hal_i2c.o(i.HAL_I2C_Mem_Read_IT) refers to stm32f7xx_hal_i2c.o(i.I2C_TransferConfig) for I2C_TransferConfig
    stm32f7xx_hal_i2c.o(i.HAL_I2C_Mem_Read_IT) refers to stm32f7xx_hal_i2c.o(i.I2C_Enable_IRQ) for I2C_Enable_IRQ
    stm32f7xx_hal_i2c.o(i.HAL_I2C_Mem_Read_IT) refers to stm32f7xx_hal_i2c.o(i.I2C_Master_ISR_IT) for I2C_Master_ISR_IT
    stm32f7xx_hal_i2c.o(i.HAL_I2C_Mem_Write) refers to stm32f7xx_hal.o(i.HAL_GetTick) for HAL_GetTick
    stm32f7xx_hal_i2c.o(i.HAL_I2C_Mem_Write) refers to stm32f7xx_hal_i2c.o(i.I2C_WaitOnFlagUntilTimeout) for I2C_WaitOnFlagUntilTimeout
    stm32f7xx_hal_i2c.o(i.HAL_I2C_Mem_Write) refers to stm32f7xx_hal_i2c.o(i.I2C_RequestMemoryWrite) for I2C_RequestMemoryWrite
    stm32f7xx_hal_i2c.o(i.HAL_I2C_Mem_Write) refers to stm32f7xx_hal_i2c.o(i.I2C_TransferConfig) for I2C_TransferConfig
    stm32f7xx_hal_i2c.o(i.HAL_I2C_Mem_Write) refers to stm32f7xx_hal_i2c.o(i.I2C_WaitOnTXISFlagUntilTimeout) for I2C_WaitOnTXISFlagUntilTimeout
    stm32f7xx_hal_i2c.o(i.HAL_I2C_Mem_Write) refers to stm32f7xx_hal_i2c.o(i.I2C_WaitOnSTOPFlagUntilTimeout) for I2C_WaitOnSTOPFlagUntilTimeout
    stm32f7xx_hal_i2c.o(i.HAL_I2C_Mem_Write_DMA) refers to stm32f7xx_hal.o(i.HAL_GetTick) for HAL_GetTick
    stm32f7xx_hal_i2c.o(i.HAL_I2C_Mem_Write_DMA) refers to stm32f7xx_hal_i2c.o(i.I2C_RequestMemoryWrite) for I2C_RequestMemoryWrite
    stm32f7xx_hal_i2c.o(i.HAL_I2C_Mem_Write_DMA) refers to stm32f7xx_hal_dma.o(i.HAL_DMA_Start_IT) for HAL_DMA_Start_IT
    stm32f7xx_hal_i2c.o(i.HAL_I2C_Mem_Write_DMA) refers to stm32f7xx_hal_i2c.o(i.I2C_TransferConfig) for I2C_TransferConfig
    stm32f7xx_hal_i2c.o(i.HAL_I2C_Mem_Write_DMA) refers to stm32f7xx_hal_i2c.o(i.I2C_Enable_IRQ) for I2C_Enable_IRQ
    stm32f7xx_hal_i2c.o(i.HAL_I2C_Mem_Write_DMA) refers to stm32f7xx_hal_i2c.o(i.I2C_Master_ISR_DMA) for I2C_Master_ISR_DMA
    stm32f7xx_hal_i2c.o(i.HAL_I2C_Mem_Write_DMA) refers to stm32f7xx_hal_i2c.o(i.I2C_DMAMasterTransmitCplt) for I2C_DMAMasterTransmitCplt
    stm32f7xx_hal_i2c.o(i.HAL_I2C_Mem_Write_DMA) refers to stm32f7xx_hal_i2c.o(i.I2C_DMAError) for I2C_DMAError
    stm32f7xx_hal_i2c.o(i.HAL_I2C_Mem_Write_IT) refers to stm32f7xx_hal.o(i.HAL_GetTick) for HAL_GetTick
    stm32f7xx_hal_i2c.o(i.HAL_I2C_Mem_Write_IT) refers to stm32f7xx_hal_i2c.o(i.I2C_RequestMemoryWrite) for I2C_RequestMemoryWrite
    stm32f7xx_hal_i2c.o(i.HAL_I2C_Mem_Write_IT) refers to stm32f7xx_hal_i2c.o(i.I2C_TransferConfig) for I2C_TransferConfig
    stm32f7xx_hal_i2c.o(i.HAL_I2C_Mem_Write_IT) refers to stm32f7xx_hal_i2c.o(i.I2C_Enable_IRQ) for I2C_Enable_IRQ
    stm32f7xx_hal_i2c.o(i.HAL_I2C_Mem_Write_IT) refers to stm32f7xx_hal_i2c.o(i.I2C_Master_ISR_IT) for I2C_Master_ISR_IT
    stm32f7xx_hal_i2c.o(i.HAL_I2C_Slave_Receive) refers to stm32f7xx_hal.o(i.HAL_GetTick) for HAL_GetTick
    stm32f7xx_hal_i2c.o(i.HAL_I2C_Slave_Receive) refers to stm32f7xx_hal_i2c.o(i.I2C_WaitOnFlagUntilTimeout) for I2C_WaitOnFlagUntilTimeout
    stm32f7xx_hal_i2c.o(i.HAL_I2C_Slave_Receive) refers to stm32f7xx_hal_i2c.o(i.I2C_WaitOnRXNEFlagUntilTimeout) for I2C_WaitOnRXNEFlagUntilTimeout
    stm32f7xx_hal_i2c.o(i.HAL_I2C_Slave_Receive) refers to stm32f7xx_hal_i2c.o(i.I2C_WaitOnSTOPFlagUntilTimeout) for I2C_WaitOnSTOPFlagUntilTimeout
    stm32f7xx_hal_i2c.o(i.HAL_I2C_Slave_Receive_DMA) refers to stm32f7xx_hal_dma.o(i.HAL_DMA_Start_IT) for HAL_DMA_Start_IT
    stm32f7xx_hal_i2c.o(i.HAL_I2C_Slave_Receive_DMA) refers to stm32f7xx_hal_i2c.o(i.I2C_Enable_IRQ) for I2C_Enable_IRQ
    stm32f7xx_hal_i2c.o(i.HAL_I2C_Slave_Receive_DMA) refers to stm32f7xx_hal_i2c.o(i.I2C_Slave_ISR_DMA) for I2C_Slave_ISR_DMA
    stm32f7xx_hal_i2c.o(i.HAL_I2C_Slave_Receive_DMA) refers to stm32f7xx_hal_i2c.o(i.I2C_DMASlaveReceiveCplt) for I2C_DMASlaveReceiveCplt
    stm32f7xx_hal_i2c.o(i.HAL_I2C_Slave_Receive_DMA) refers to stm32f7xx_hal_i2c.o(i.I2C_DMAError) for I2C_DMAError
    stm32f7xx_hal_i2c.o(i.HAL_I2C_Slave_Receive_IT) refers to stm32f7xx_hal_i2c.o(i.I2C_Enable_IRQ) for I2C_Enable_IRQ
    stm32f7xx_hal_i2c.o(i.HAL_I2C_Slave_Receive_IT) refers to stm32f7xx_hal_i2c.o(i.I2C_Slave_ISR_IT) for I2C_Slave_ISR_IT
    stm32f7xx_hal_i2c.o(i.HAL_I2C_Slave_Seq_Receive_DMA) refers to stm32f7xx_hal_i2c.o(i.I2C_Disable_IRQ) for I2C_Disable_IRQ
    stm32f7xx_hal_i2c.o(i.HAL_I2C_Slave_Seq_Receive_DMA) refers to stm32f7xx_hal_dma.o(i.HAL_DMA_Abort_IT) for HAL_DMA_Abort_IT
    stm32f7xx_hal_i2c.o(i.HAL_I2C_Slave_Seq_Receive_DMA) refers to stm32f7xx_hal_dma.o(i.HAL_DMA_Start_IT) for HAL_DMA_Start_IT
    stm32f7xx_hal_i2c.o(i.HAL_I2C_Slave_Seq_Receive_DMA) refers to stm32f7xx_hal_i2c.o(i.I2C_Enable_IRQ) for I2C_Enable_IRQ
    stm32f7xx_hal_i2c.o(i.HAL_I2C_Slave_Seq_Receive_DMA) refers to stm32f7xx_hal_i2c.o(i.I2C_DMAAbort) for I2C_DMAAbort
    stm32f7xx_hal_i2c.o(i.HAL_I2C_Slave_Seq_Receive_DMA) refers to stm32f7xx_hal_i2c.o(i.I2C_Slave_ISR_DMA) for I2C_Slave_ISR_DMA
    stm32f7xx_hal_i2c.o(i.HAL_I2C_Slave_Seq_Receive_DMA) refers to stm32f7xx_hal_i2c.o(i.I2C_DMASlaveReceiveCplt) for I2C_DMASlaveReceiveCplt
    stm32f7xx_hal_i2c.o(i.HAL_I2C_Slave_Seq_Receive_DMA) refers to stm32f7xx_hal_i2c.o(i.I2C_DMAError) for I2C_DMAError
    stm32f7xx_hal_i2c.o(i.HAL_I2C_Slave_Seq_Receive_IT) refers to stm32f7xx_hal_i2c.o(i.I2C_Disable_IRQ) for I2C_Disable_IRQ
    stm32f7xx_hal_i2c.o(i.HAL_I2C_Slave_Seq_Receive_IT) refers to stm32f7xx_hal_dma.o(i.HAL_DMA_Abort_IT) for HAL_DMA_Abort_IT
    stm32f7xx_hal_i2c.o(i.HAL_I2C_Slave_Seq_Receive_IT) refers to stm32f7xx_hal_i2c.o(i.I2C_Enable_IRQ) for I2C_Enable_IRQ
    stm32f7xx_hal_i2c.o(i.HAL_I2C_Slave_Seq_Receive_IT) refers to stm32f7xx_hal_i2c.o(i.I2C_DMAAbort) for I2C_DMAAbort
    stm32f7xx_hal_i2c.o(i.HAL_I2C_Slave_Seq_Receive_IT) refers to stm32f7xx_hal_i2c.o(i.I2C_Slave_ISR_IT) for I2C_Slave_ISR_IT
    stm32f7xx_hal_i2c.o(i.HAL_I2C_Slave_Seq_Transmit_DMA) refers to stm32f7xx_hal_i2c.o(i.I2C_Disable_IRQ) for I2C_Disable_IRQ
    stm32f7xx_hal_i2c.o(i.HAL_I2C_Slave_Seq_Transmit_DMA) refers to stm32f7xx_hal_dma.o(i.HAL_DMA_Abort_IT) for HAL_DMA_Abort_IT
    stm32f7xx_hal_i2c.o(i.HAL_I2C_Slave_Seq_Transmit_DMA) refers to stm32f7xx_hal_dma.o(i.HAL_DMA_Start_IT) for HAL_DMA_Start_IT
    stm32f7xx_hal_i2c.o(i.HAL_I2C_Slave_Seq_Transmit_DMA) refers to stm32f7xx_hal_i2c.o(i.I2C_Enable_IRQ) for I2C_Enable_IRQ
    stm32f7xx_hal_i2c.o(i.HAL_I2C_Slave_Seq_Transmit_DMA) refers to stm32f7xx_hal_i2c.o(i.I2C_DMAAbort) for I2C_DMAAbort
    stm32f7xx_hal_i2c.o(i.HAL_I2C_Slave_Seq_Transmit_DMA) refers to stm32f7xx_hal_i2c.o(i.I2C_Slave_ISR_DMA) for I2C_Slave_ISR_DMA
    stm32f7xx_hal_i2c.o(i.HAL_I2C_Slave_Seq_Transmit_DMA) refers to stm32f7xx_hal_i2c.o(i.I2C_DMASlaveTransmitCplt) for I2C_DMASlaveTransmitCplt
    stm32f7xx_hal_i2c.o(i.HAL_I2C_Slave_Seq_Transmit_DMA) refers to stm32f7xx_hal_i2c.o(i.I2C_DMAError) for I2C_DMAError
    stm32f7xx_hal_i2c.o(i.HAL_I2C_Slave_Seq_Transmit_IT) refers to stm32f7xx_hal_i2c.o(i.I2C_Disable_IRQ) for I2C_Disable_IRQ
    stm32f7xx_hal_i2c.o(i.HAL_I2C_Slave_Seq_Transmit_IT) refers to stm32f7xx_hal_dma.o(i.HAL_DMA_Abort_IT) for HAL_DMA_Abort_IT
    stm32f7xx_hal_i2c.o(i.HAL_I2C_Slave_Seq_Transmit_IT) refers to stm32f7xx_hal_i2c.o(i.I2C_Enable_IRQ) for I2C_Enable_IRQ
    stm32f7xx_hal_i2c.o(i.HAL_I2C_Slave_Seq_Transmit_IT) refers to stm32f7xx_hal_i2c.o(i.I2C_DMAAbort) for I2C_DMAAbort
    stm32f7xx_hal_i2c.o(i.HAL_I2C_Slave_Seq_Transmit_IT) refers to stm32f7xx_hal_i2c.o(i.I2C_Slave_ISR_IT) for I2C_Slave_ISR_IT
    stm32f7xx_hal_i2c.o(i.HAL_I2C_Slave_Transmit) refers to stm32f7xx_hal.o(i.HAL_GetTick) for HAL_GetTick
    stm32f7xx_hal_i2c.o(i.HAL_I2C_Slave_Transmit) refers to stm32f7xx_hal_i2c.o(i.I2C_WaitOnFlagUntilTimeout) for I2C_WaitOnFlagUntilTimeout
    stm32f7xx_hal_i2c.o(i.HAL_I2C_Slave_Transmit) refers to stm32f7xx_hal_i2c.o(i.I2C_WaitOnTXISFlagUntilTimeout) for I2C_WaitOnTXISFlagUntilTimeout
    stm32f7xx_hal_i2c.o(i.HAL_I2C_Slave_Transmit) refers to stm32f7xx_hal_i2c.o(i.I2C_WaitOnSTOPFlagUntilTimeout) for I2C_WaitOnSTOPFlagUntilTimeout
    stm32f7xx_hal_i2c.o(i.HAL_I2C_Slave_Transmit_DMA) refers to stm32f7xx_hal_dma.o(i.HAL_DMA_Start_IT) for HAL_DMA_Start_IT
    stm32f7xx_hal_i2c.o(i.HAL_I2C_Slave_Transmit_DMA) refers to stm32f7xx_hal_i2c.o(i.I2C_Enable_IRQ) for I2C_Enable_IRQ
    stm32f7xx_hal_i2c.o(i.HAL_I2C_Slave_Transmit_DMA) refers to stm32f7xx_hal_i2c.o(i.I2C_Slave_ISR_DMA) for I2C_Slave_ISR_DMA
    stm32f7xx_hal_i2c.o(i.HAL_I2C_Slave_Transmit_DMA) refers to stm32f7xx_hal_i2c.o(i.I2C_DMASlaveTransmitCplt) for I2C_DMASlaveTransmitCplt
    stm32f7xx_hal_i2c.o(i.HAL_I2C_Slave_Transmit_DMA) refers to stm32f7xx_hal_i2c.o(i.I2C_DMAError) for I2C_DMAError
    stm32f7xx_hal_i2c.o(i.HAL_I2C_Slave_Transmit_IT) refers to stm32f7xx_hal_i2c.o(i.I2C_Enable_IRQ) for I2C_Enable_IRQ
    stm32f7xx_hal_i2c.o(i.HAL_I2C_Slave_Transmit_IT) refers to stm32f7xx_hal_i2c.o(i.I2C_Slave_ISR_IT) for I2C_Slave_ISR_IT
    stm32f7xx_hal_i2c.o(i.I2C_DMAAbort) refers to stm32f7xx_hal_i2c.o(i.HAL_I2C_ErrorCallback) for HAL_I2C_ErrorCallback
    stm32f7xx_hal_i2c.o(i.I2C_DMAAbort) refers to stm32f7xx_hal_i2c.o(i.HAL_I2C_AbortCpltCallback) for HAL_I2C_AbortCpltCallback
    stm32f7xx_hal_i2c.o(i.I2C_DMAError) refers to stm32f7xx_hal_dma.o(i.HAL_DMA_GetError) for HAL_DMA_GetError
    stm32f7xx_hal_i2c.o(i.I2C_DMAError) refers to stm32f7xx_hal_i2c.o(i.I2C_ITError) for I2C_ITError
    stm32f7xx_hal_i2c.o(i.I2C_DMAMasterReceiveCplt) refers to stm32f7xx_hal_dma.o(i.HAL_DMA_Start_IT) for HAL_DMA_Start_IT
    stm32f7xx_hal_i2c.o(i.I2C_DMAMasterReceiveCplt) refers to stm32f7xx_hal_i2c.o(i.I2C_ITError) for I2C_ITError
    stm32f7xx_hal_i2c.o(i.I2C_DMAMasterReceiveCplt) refers to stm32f7xx_hal_i2c.o(i.I2C_Enable_IRQ) for I2C_Enable_IRQ
    stm32f7xx_hal_i2c.o(i.I2C_DMAMasterTransmitCplt) refers to stm32f7xx_hal_dma.o(i.HAL_DMA_Start_IT) for HAL_DMA_Start_IT
    stm32f7xx_hal_i2c.o(i.I2C_DMAMasterTransmitCplt) refers to stm32f7xx_hal_i2c.o(i.I2C_ITError) for I2C_ITError
    stm32f7xx_hal_i2c.o(i.I2C_DMAMasterTransmitCplt) refers to stm32f7xx_hal_i2c.o(i.I2C_Enable_IRQ) for I2C_Enable_IRQ
    stm32f7xx_hal_i2c.o(i.I2C_DMASlaveReceiveCplt) refers to stm32f7xx_hal_i2c.o(i.I2C_ITSlaveSeqCplt) for I2C_ITSlaveSeqCplt
    stm32f7xx_hal_i2c.o(i.I2C_DMASlaveTransmitCplt) refers to stm32f7xx_hal_i2c.o(i.I2C_ITSlaveSeqCplt) for I2C_ITSlaveSeqCplt
    stm32f7xx_hal_i2c.o(i.I2C_Enable_IRQ) refers to stm32f7xx_hal_i2c.o(i.I2C_Master_ISR_DMA) for I2C_Master_ISR_DMA
    stm32f7xx_hal_i2c.o(i.I2C_Enable_IRQ) refers to stm32f7xx_hal_i2c.o(i.I2C_Slave_ISR_DMA) for I2C_Slave_ISR_DMA
    stm32f7xx_hal_i2c.o(i.I2C_ITAddrCplt) refers to stm32f7xx_hal_i2c.o(i.HAL_I2C_AddrCallback) for HAL_I2C_AddrCallback
    stm32f7xx_hal_i2c.o(i.I2C_ITAddrCplt) refers to stm32f7xx_hal_i2c.o(i.I2C_Disable_IRQ) for I2C_Disable_IRQ
    stm32f7xx_hal_i2c.o(i.I2C_ITError) refers to stm32f7xx_hal_i2c.o(i.I2C_Disable_IRQ) for I2C_Disable_IRQ
    stm32f7xx_hal_i2c.o(i.I2C_ITError) refers to stm32f7xx_hal_dma.o(i.HAL_DMA_Abort_IT) for HAL_DMA_Abort_IT
    stm32f7xx_hal_i2c.o(i.I2C_ITError) refers to stm32f7xx_hal_i2c.o(i.HAL_I2C_ErrorCallback) for HAL_I2C_ErrorCallback
    stm32f7xx_hal_i2c.o(i.I2C_ITError) refers to stm32f7xx_hal_i2c.o(i.HAL_I2C_AbortCpltCallback) for HAL_I2C_AbortCpltCallback
    stm32f7xx_hal_i2c.o(i.I2C_ITError) refers to stm32f7xx_hal_i2c.o(i.I2C_DMAAbort) for I2C_DMAAbort
    stm32f7xx_hal_i2c.o(i.I2C_ITError) refers to stm32f7xx_hal_i2c.o(i.I2C_Slave_ISR_IT) for I2C_Slave_ISR_IT
    stm32f7xx_hal_i2c.o(i.I2C_ITListenCplt) refers to stm32f7xx_hal_i2c.o(i.I2C_Disable_IRQ) for I2C_Disable_IRQ
    stm32f7xx_hal_i2c.o(i.I2C_ITListenCplt) refers to stm32f7xx_hal_i2c.o(i.HAL_I2C_ListenCpltCallback) for HAL_I2C_ListenCpltCallback
    stm32f7xx_hal_i2c.o(i.I2C_ITMasterCplt) refers to stm32f7xx_hal_i2c.o(i.I2C_Flush_TXDR) for I2C_Flush_TXDR
    stm32f7xx_hal_i2c.o(i.I2C_ITMasterCplt) refers to stm32f7xx_hal_i2c.o(i.I2C_Disable_IRQ) for I2C_Disable_IRQ
    stm32f7xx_hal_i2c.o(i.I2C_ITMasterCplt) refers to stm32f7xx_hal_i2c.o(i.I2C_ITError) for I2C_ITError
    stm32f7xx_hal_i2c.o(i.I2C_ITMasterCplt) refers to stm32f7xx_hal_i2c.o(i.HAL_I2C_MasterRxCpltCallback) for HAL_I2C_MasterRxCpltCallback
    stm32f7xx_hal_i2c.o(i.I2C_ITMasterCplt) refers to stm32f7xx_hal_i2c.o(i.HAL_I2C_MasterTxCpltCallback) for HAL_I2C_MasterTxCpltCallback
    stm32f7xx_hal_i2c.o(i.I2C_ITMasterCplt) refers to stm32f7xx_hal_i2c.o(i.HAL_I2C_MemTxCpltCallback) for HAL_I2C_MemTxCpltCallback
    stm32f7xx_hal_i2c.o(i.I2C_ITMasterCplt) refers to stm32f7xx_hal_i2c.o(i.HAL_I2C_MemRxCpltCallback) for HAL_I2C_MemRxCpltCallback
    stm32f7xx_hal_i2c.o(i.I2C_ITMasterSeqCplt) refers to stm32f7xx_hal_i2c.o(i.I2C_Disable_IRQ) for I2C_Disable_IRQ
    stm32f7xx_hal_i2c.o(i.I2C_ITMasterSeqCplt) refers to stm32f7xx_hal_i2c.o(i.HAL_I2C_MasterRxCpltCallback) for HAL_I2C_MasterRxCpltCallback
    stm32f7xx_hal_i2c.o(i.I2C_ITMasterSeqCplt) refers to stm32f7xx_hal_i2c.o(i.HAL_I2C_MasterTxCpltCallback) for HAL_I2C_MasterTxCpltCallback
    stm32f7xx_hal_i2c.o(i.I2C_ITSlaveCplt) refers to stm32f7xx_hal_i2c.o(i.I2C_Disable_IRQ) for I2C_Disable_IRQ
    stm32f7xx_hal_i2c.o(i.I2C_ITSlaveCplt) refers to stm32f7xx_hal_i2c.o(i.I2C_Flush_TXDR) for I2C_Flush_TXDR
    stm32f7xx_hal_i2c.o(i.I2C_ITSlaveCplt) refers to stm32f7xx_hal_i2c.o(i.I2C_ITError) for I2C_ITError
    stm32f7xx_hal_i2c.o(i.I2C_ITSlaveCplt) refers to stm32f7xx_hal_i2c.o(i.I2C_ITListenCplt) for I2C_ITListenCplt
    stm32f7xx_hal_i2c.o(i.I2C_ITSlaveCplt) refers to stm32f7xx_hal_i2c.o(i.I2C_ITSlaveSeqCplt) for I2C_ITSlaveSeqCplt
    stm32f7xx_hal_i2c.o(i.I2C_ITSlaveCplt) refers to stm32f7xx_hal_i2c.o(i.HAL_I2C_ListenCpltCallback) for HAL_I2C_ListenCpltCallback
    stm32f7xx_hal_i2c.o(i.I2C_ITSlaveCplt) refers to stm32f7xx_hal_i2c.o(i.HAL_I2C_SlaveTxCpltCallback) for HAL_I2C_SlaveTxCpltCallback
    stm32f7xx_hal_i2c.o(i.I2C_ITSlaveCplt) refers to stm32f7xx_hal_i2c.o(i.HAL_I2C_SlaveRxCpltCallback) for HAL_I2C_SlaveRxCpltCallback
    stm32f7xx_hal_i2c.o(i.I2C_ITSlaveSeqCplt) refers to stm32f7xx_hal_i2c.o(i.I2C_Disable_IRQ) for I2C_Disable_IRQ
    stm32f7xx_hal_i2c.o(i.I2C_ITSlaveSeqCplt) refers to stm32f7xx_hal_i2c.o(i.HAL_I2C_SlaveRxCpltCallback) for HAL_I2C_SlaveRxCpltCallback
    stm32f7xx_hal_i2c.o(i.I2C_ITSlaveSeqCplt) refers to stm32f7xx_hal_i2c.o(i.HAL_I2C_SlaveTxCpltCallback) for HAL_I2C_SlaveTxCpltCallback
    stm32f7xx_hal_i2c.o(i.I2C_IsAcknowledgeFailed) refers to stm32f7xx_hal.o(i.HAL_GetTick) for HAL_GetTick
    stm32f7xx_hal_i2c.o(i.I2C_IsAcknowledgeFailed) refers to stm32f7xx_hal_i2c.o(i.I2C_Flush_TXDR) for I2C_Flush_TXDR
    stm32f7xx_hal_i2c.o(i.I2C_Master_ISR_DMA) refers to stm32f7xx_hal_i2c.o(i.I2C_Enable_IRQ) for I2C_Enable_IRQ
    stm32f7xx_hal_i2c.o(i.I2C_Master_ISR_DMA) refers to stm32f7xx_hal_i2c.o(i.I2C_Flush_TXDR) for I2C_Flush_TXDR
    stm32f7xx_hal_i2c.o(i.I2C_Master_ISR_DMA) refers to stm32f7xx_hal_i2c.o(i.I2C_TransferConfig) for I2C_TransferConfig
    stm32f7xx_hal_i2c.o(i.I2C_Master_ISR_DMA) refers to stm32f7xx_hal_i2c.o(i.I2C_ITError) for I2C_ITError
    stm32f7xx_hal_i2c.o(i.I2C_Master_ISR_DMA) refers to stm32f7xx_hal_i2c.o(i.I2C_ITMasterSeqCplt) for I2C_ITMasterSeqCplt
    stm32f7xx_hal_i2c.o(i.I2C_Master_ISR_DMA) refers to stm32f7xx_hal_i2c.o(i.I2C_ITMasterCplt) for I2C_ITMasterCplt
    stm32f7xx_hal_i2c.o(i.I2C_Master_ISR_IT) refers to stm32f7xx_hal_i2c.o(i.I2C_Flush_TXDR) for I2C_Flush_TXDR
    stm32f7xx_hal_i2c.o(i.I2C_Master_ISR_IT) refers to stm32f7xx_hal_i2c.o(i.I2C_TransferConfig) for I2C_TransferConfig
    stm32f7xx_hal_i2c.o(i.I2C_Master_ISR_IT) refers to stm32f7xx_hal_i2c.o(i.I2C_ITError) for I2C_ITError
    stm32f7xx_hal_i2c.o(i.I2C_Master_ISR_IT) refers to stm32f7xx_hal_i2c.o(i.I2C_ITMasterCplt) for I2C_ITMasterCplt
    stm32f7xx_hal_i2c.o(i.I2C_Master_ISR_IT) refers to stm32f7xx_hal_i2c.o(i.I2C_ITMasterSeqCplt) for I2C_ITMasterSeqCplt
    stm32f7xx_hal_i2c.o(i.I2C_RequestMemoryRead) refers to stm32f7xx_hal_i2c.o(i.I2C_TransferConfig) for I2C_TransferConfig
    stm32f7xx_hal_i2c.o(i.I2C_RequestMemoryRead) refers to stm32f7xx_hal_i2c.o(i.I2C_WaitOnTXISFlagUntilTimeout) for I2C_WaitOnTXISFlagUntilTimeout
    stm32f7xx_hal_i2c.o(i.I2C_RequestMemoryRead) refers to stm32f7xx_hal_i2c.o(i.I2C_WaitOnFlagUntilTimeout) for I2C_WaitOnFlagUntilTimeout
    stm32f7xx_hal_i2c.o(i.I2C_RequestMemoryWrite) refers to stm32f7xx_hal_i2c.o(i.I2C_TransferConfig) for I2C_TransferConfig
    stm32f7xx_hal_i2c.o(i.I2C_RequestMemoryWrite) refers to stm32f7xx_hal_i2c.o(i.I2C_WaitOnTXISFlagUntilTimeout) for I2C_WaitOnTXISFlagUntilTimeout
    stm32f7xx_hal_i2c.o(i.I2C_RequestMemoryWrite) refers to stm32f7xx_hal_i2c.o(i.I2C_WaitOnFlagUntilTimeout) for I2C_WaitOnFlagUntilTimeout
    stm32f7xx_hal_i2c.o(i.I2C_Slave_ISR_DMA) refers to stm32f7xx_hal_i2c.o(i.I2C_ITListenCplt) for I2C_ITListenCplt
    stm32f7xx_hal_i2c.o(i.I2C_Slave_ISR_DMA) refers to stm32f7xx_hal_i2c.o(i.I2C_Flush_TXDR) for I2C_Flush_TXDR
    stm32f7xx_hal_i2c.o(i.I2C_Slave_ISR_DMA) refers to stm32f7xx_hal_i2c.o(i.I2C_ITSlaveSeqCplt) for I2C_ITSlaveSeqCplt
    stm32f7xx_hal_i2c.o(i.I2C_Slave_ISR_DMA) refers to stm32f7xx_hal_i2c.o(i.I2C_ITError) for I2C_ITError
    stm32f7xx_hal_i2c.o(i.I2C_Slave_ISR_DMA) refers to stm32f7xx_hal_i2c.o(i.I2C_ITAddrCplt) for I2C_ITAddrCplt
    stm32f7xx_hal_i2c.o(i.I2C_Slave_ISR_DMA) refers to stm32f7xx_hal_i2c.o(i.I2C_ITSlaveCplt) for I2C_ITSlaveCplt
    stm32f7xx_hal_i2c.o(i.I2C_Slave_ISR_IT) refers to stm32f7xx_hal_i2c.o(i.I2C_ITError) for I2C_ITError
    stm32f7xx_hal_i2c.o(i.I2C_Slave_ISR_IT) refers to stm32f7xx_hal_i2c.o(i.I2C_ITListenCplt) for I2C_ITListenCplt
    stm32f7xx_hal_i2c.o(i.I2C_Slave_ISR_IT) refers to stm32f7xx_hal_i2c.o(i.I2C_Flush_TXDR) for I2C_Flush_TXDR
    stm32f7xx_hal_i2c.o(i.I2C_Slave_ISR_IT) refers to stm32f7xx_hal_i2c.o(i.I2C_ITAddrCplt) for I2C_ITAddrCplt
    stm32f7xx_hal_i2c.o(i.I2C_Slave_ISR_IT) refers to stm32f7xx_hal_i2c.o(i.I2C_ITSlaveSeqCplt) for I2C_ITSlaveSeqCplt
    stm32f7xx_hal_i2c.o(i.I2C_Slave_ISR_IT) refers to stm32f7xx_hal_i2c.o(i.I2C_ITSlaveCplt) for I2C_ITSlaveCplt
    stm32f7xx_hal_i2c.o(i.I2C_WaitOnFlagUntilTimeout) refers to stm32f7xx_hal.o(i.HAL_GetTick) for HAL_GetTick
    stm32f7xx_hal_i2c.o(i.I2C_WaitOnRXNEFlagUntilTimeout) refers to stm32f7xx_hal_i2c.o(i.I2C_IsAcknowledgeFailed) for I2C_IsAcknowledgeFailed
    stm32f7xx_hal_i2c.o(i.I2C_WaitOnRXNEFlagUntilTimeout) refers to stm32f7xx_hal.o(i.HAL_GetTick) for HAL_GetTick
    stm32f7xx_hal_i2c.o(i.I2C_WaitOnSTOPFlagUntilTimeout) refers to stm32f7xx_hal_i2c.o(i.I2C_IsAcknowledgeFailed) for I2C_IsAcknowledgeFailed
    stm32f7xx_hal_i2c.o(i.I2C_WaitOnSTOPFlagUntilTimeout) refers to stm32f7xx_hal.o(i.HAL_GetTick) for HAL_GetTick
    stm32f7xx_hal_i2c.o(i.I2C_WaitOnTXISFlagUntilTimeout) refers to stm32f7xx_hal_i2c.o(i.I2C_IsAcknowledgeFailed) for I2C_IsAcknowledgeFailed
    stm32f7xx_hal_i2c.o(i.I2C_WaitOnTXISFlagUntilTimeout) refers to stm32f7xx_hal.o(i.HAL_GetTick) for HAL_GetTick
    system_stm32f7xx.o(i.SystemCoreClockUpdate) refers to system_stm32f7xx.o(.data) for .data
    system_stm32f7xx.o(i.SystemCoreClockUpdate) refers to system_stm32f7xx.o(.constdata) for .constdata
    serial.o(i._serial_int_rx) refers to kservice.o(i.rt_assert_handler) for rt_assert_handler
    serial.o(i._serial_int_rx) refers to context_rvds.o(.text) for rt_hw_interrupt_disable
    serial.o(i._serial_int_rx) refers to serial.o(.constdata) for .constdata
    serial.o(i._serial_int_rx) refers to serial.o(i.rt_serial_write) for i.rt_serial_write
    serial.o(i.rt_hw_serial_isr) refers to completion.o(i.rt_completion_done) for rt_completion_done
    serial.o(i.rt_hw_serial_isr) refers to kservice.o(i.rt_assert_handler) for rt_assert_handler
    serial.o(i.rt_hw_serial_isr) refers to context_rvds.o(.text) for rt_hw_interrupt_disable
    serial.o(i.rt_hw_serial_isr) refers to serial.o(.constdata) for .constdata
    serial.o(i.rt_hw_serial_register) refers to kservice.o(i.rt_assert_handler) for rt_assert_handler
    serial.o(i.rt_hw_serial_register) refers to device.o(i.rt_device_register) for rt_device_register
    serial.o(i.rt_hw_serial_register) refers to serial.o(.constdata) for .constdata
    serial.o(i.rt_hw_serial_register) refers to serial.o(i.rt_serial_init) for rt_serial_init
    serial.o(i.rt_hw_serial_register) refers to serial.o(i.rt_serial_open) for rt_serial_open
    serial.o(i.rt_hw_serial_register) refers to serial.o(i.rt_serial_close) for rt_serial_close
    serial.o(i.rt_hw_serial_register) refers to serial.o(i.rt_serial_read) for rt_serial_read
    serial.o(i.rt_hw_serial_register) refers to serial.o(i.rt_serial_write) for rt_serial_write
    serial.o(i.rt_hw_serial_register) refers to serial.o(i.rt_serial_control) for rt_serial_control
    serial.o(i.rt_serial_close) refers to kservice.o(i.rt_assert_handler) for rt_assert_handler
    serial.o(i.rt_serial_close) refers to mem.o(i.rt_free) for rt_free
    serial.o(i.rt_serial_close) refers to serial.o(.constdata) for .constdata
    serial.o(i.rt_serial_control) refers to kservice.o(i.rt_assert_handler) for rt_assert_handler
    serial.o(i.rt_serial_control) refers to serial.o(.constdata) for .constdata
    serial.o(i.rt_serial_init) refers to kservice.o(i.rt_assert_handler) for rt_assert_handler
    serial.o(i.rt_serial_init) refers to serial.o(.constdata) for .constdata
    serial.o(i.rt_serial_open) refers to kservice.o(i.rt_assert_handler) for rt_assert_handler
    serial.o(i.rt_serial_open) refers to mem.o(i.rt_malloc) for rt_malloc
    serial.o(i.rt_serial_open) refers to kservice.o(i.rt_memset) for rt_memset
    serial.o(i.rt_serial_open) refers to completion.o(i.rt_completion_init) for rt_completion_init
    serial.o(i.rt_serial_open) refers to serial.o(.constdata) for .constdata
    serial.o(i.rt_serial_read) refers to kservice.o(i.rt_assert_handler) for rt_assert_handler
    serial.o(i.rt_serial_read) refers to serial.o(i._serial_int_rx) for _serial_int_rx
    serial.o(i.rt_serial_read) refers to serial.o(.constdata) for .constdata
    serial.o(i.rt_serial_write) refers to kservice.o(i.rt_assert_handler) for rt_assert_handler
    serial.o(i.rt_serial_write) refers to serial.o(.constdata) for .constdata
    completion.o(i.rt_completion_done) refers to kservice.o(i.rt_assert_handler) for rt_assert_handler
    completion.o(i.rt_completion_done) refers to context_rvds.o(.text) for rt_hw_interrupt_disable
    completion.o(i.rt_completion_done) refers to thread.o(i.rt_thread_resume) for rt_thread_resume
    completion.o(i.rt_completion_done) refers to scheduler.o(i.rt_schedule) for rt_schedule
    completion.o(i.rt_completion_done) refers to completion.o(.constdata) for .constdata
    completion.o(i.rt_completion_init) refers to kservice.o(i.rt_assert_handler) for rt_assert_handler
    completion.o(i.rt_completion_init) refers to context_rvds.o(.text) for rt_hw_interrupt_disable
    completion.o(i.rt_completion_init) refers to completion.o(.constdata) for .constdata
    completion.o(i.rt_completion_wait) refers to kservice.o(i.rt_assert_handler) for rt_assert_handler
    completion.o(i.rt_completion_wait) refers to thread.o(i.rt_thread_self) for rt_thread_self
    completion.o(i.rt_completion_wait) refers to context_rvds.o(.text) for rt_hw_interrupt_disable
    completion.o(i.rt_completion_wait) refers to thread.o(i.rt_thread_suspend) for rt_thread_suspend
    completion.o(i.rt_completion_wait) refers to irq.o(i.rt_interrupt_get_nest) for rt_interrupt_get_nest
    completion.o(i.rt_completion_wait) refers to kservice.o(i.rt_kprintf) for rt_kprintf
    completion.o(i.rt_completion_wait) refers to timer.o(i.rt_timer_control) for rt_timer_control
    completion.o(i.rt_completion_wait) refers to timer.o(i.rt_timer_start) for rt_timer_start
    completion.o(i.rt_completion_wait) refers to scheduler.o(i.rt_schedule) for rt_schedule
    completion.o(i.rt_completion_wait) refers to completion.o(.constdata) for .constdata
    context_rvds.o(.text) refers to cpuport.o(i.rt_hw_hard_fault_exception) for rt_hw_hard_fault_exception
    context_rvds.o(.text) refers to cpuport.o(.data) for rt_thread_switch_interrupt_flag
    context_rvds.o(.text) refers to cpuport.o(.data) for rt_interrupt_from_thread
    context_rvds.o(.text) refers to cpuport.o(.data) for rt_interrupt_to_thread
    board.o(i.SysTick_Handler) refers to irq.o(i.rt_interrupt_enter) for rt_interrupt_enter
    board.o(i.SysTick_Handler) refers to clock.o(i.rt_tick_increase) for rt_tick_increase
    board.o(i.SysTick_Handler) refers to irq.o(i.rt_interrupt_leave) for rt_interrupt_leave
    board.o(i.rt_heap_begin_get) refers to board.o(.bss) for .bss
    board.o(i.rt_heap_end_get) refers to board.o(.bss) for .bss
    board.o(i.rt_hw_board_init) refers to system_stm32f7xx.o(i.SystemCoreClockUpdate) for SystemCoreClockUpdate
    board.o(i.rt_hw_board_init) refers to components.o(i.rt_components_board_init) for rt_components_board_init
    board.o(i.rt_hw_board_init) refers to kservice.o(i.rt_console_set_device) for rt_console_set_device
    board.o(i.rt_hw_board_init) refers to board.o(i.rt_heap_end_get) for rt_heap_end_get
    board.o(i.rt_hw_board_init) refers to board.o(i.rt_heap_begin_get) for rt_heap_begin_get
    board.o(i.rt_hw_board_init) refers to mem.o(i.rt_system_heap_init) for rt_system_heap_init
    board.o(i.rt_hw_board_init) refers to system_stm32f7xx.o(.data) for SystemCoreClock
    clock.o(i.rt_tick_get) refers to clock.o(.data) for .data
    clock.o(i.rt_tick_increase) refers to thread.o(i.rt_thread_self) for rt_thread_self
    clock.o(i.rt_tick_increase) refers to thread.o(i.rt_thread_yield) for rt_thread_yield
    clock.o(i.rt_tick_increase) refers to timer.o(i.rt_timer_check) for rt_timer_check
    clock.o(i.rt_tick_increase) refers to clock.o(.data) for .data
    clock.o(i.rt_tick_set) refers to context_rvds.o(.text) for rt_hw_interrupt_disable
    clock.o(i.rt_tick_set) refers to clock.o(.data) for .data
    components.o(i.$Sub$$main) refers to context_rvds.o(.text) for rt_hw_interrupt_disable
    components.o(i.$Sub$$main) refers to components.o(i.rtthread_startup) for rtthread_startup
    components.o(i.main_thread_entry) refers to components.o(i.rt_components_init) for rt_components_init
    components.o(i.main_thread_entry) refers to main.o(i.main) for $Super$$main
    components.o(i.rt_application_init) refers to thread.o(i.rt_thread_create) for rt_thread_create
    components.o(i.rt_application_init) refers to kservice.o(i.rt_assert_handler) for rt_assert_handler
    components.o(i.rt_application_init) refers to thread.o(i.rt_thread_startup) for rt_thread_startup
    components.o(i.rt_application_init) refers to components.o(i.main_thread_entry) for main_thread_entry
    components.o(i.rt_application_init) refers to components.o(.constdata) for .constdata
    components.o(i.rt_components_board_init) refers to components.o(.rti_fn.0.end) for .rti_fn.0.end
    components.o(i.rt_components_board_init) refers to components.o(.rti_fn.1.end) for .rti_fn.1.end
    components.o(i.rt_components_init) refers to components.o(.rti_fn.1.end) for .rti_fn.1.end
    components.o(i.rt_components_init) refers to components.o(.rti_fn.6.end) for .rti_fn.6.end
    components.o(i.rtthread_startup) refers to context_rvds.o(.text) for rt_hw_interrupt_disable
    components.o(i.rtthread_startup) refers to board.o(i.rt_hw_board_init) for rt_hw_board_init
    components.o(i.rtthread_startup) refers to kservice.o(i.rt_show_version) for rt_show_version
    components.o(i.rtthread_startup) refers to timer.o(i.rt_system_timer_init) for rt_system_timer_init
    components.o(i.rtthread_startup) refers to scheduler.o(i.rt_system_scheduler_init) for rt_system_scheduler_init
    components.o(i.rtthread_startup) refers to components.o(i.rt_application_init) for rt_application_init
    components.o(i.rtthread_startup) refers to timer.o(i.rt_system_timer_thread_init) for rt_system_timer_thread_init
    components.o(i.rtthread_startup) refers to idle.o(i.rt_thread_idle_init) for rt_thread_idle_init
    components.o(i.rtthread_startup) refers to scheduler.o(i.rt_system_scheduler_start) for rt_system_scheduler_start
    components.o(.rti_fn.0) refers to components.o(i.rti_start) for rti_start
    components.o(.rti_fn.0.end) refers to components.o(i.rti_board_start) for rti_board_start
    components.o(.rti_fn.1.end) refers to components.o(i.rti_board_end) for rti_board_end
    components.o(.rti_fn.6.end) refers to components.o(i.rti_end) for rti_end
    device.o(i.rt_device_close) refers to kservice.o(i.rt_assert_handler) for rt_assert_handler
    device.o(i.rt_device_close) refers to object.o(i.rt_object_get_type) for rt_object_get_type
    device.o(i.rt_device_close) refers to device.o(.constdata) for .constdata
    device.o(i.rt_device_control) refers to kservice.o(i.rt_assert_handler) for rt_assert_handler
    device.o(i.rt_device_control) refers to object.o(i.rt_object_get_type) for rt_object_get_type
    device.o(i.rt_device_control) refers to device.o(.constdata) for .constdata
    device.o(i.rt_device_create) refers to mem.o(i.rt_malloc) for rt_malloc
    device.o(i.rt_device_create) refers to kservice.o(i.rt_memset) for rt_memset
    device.o(i.rt_device_destroy) refers to kservice.o(i.rt_assert_handler) for rt_assert_handler
    device.o(i.rt_device_destroy) refers to object.o(i.rt_object_get_type) for rt_object_get_type
    device.o(i.rt_device_destroy) refers to object.o(i.rt_object_is_systemobject) for rt_object_is_systemobject
    device.o(i.rt_device_destroy) refers to object.o(i.rt_object_detach) for rt_object_detach
    device.o(i.rt_device_destroy) refers to mem.o(i.rt_free) for rt_free
    device.o(i.rt_device_destroy) refers to device.o(.constdata) for .constdata
    device.o(i.rt_device_find) refers to thread.o(i.rt_thread_self) for rt_thread_self
    device.o(i.rt_device_find) refers to scheduler.o(i.rt_enter_critical) for rt_enter_critical
    device.o(i.rt_device_find) refers to object.o(i.rt_object_get_information) for rt_object_get_information
    device.o(i.rt_device_find) refers to kservice.o(i.rt_assert_handler) for rt_assert_handler
    device.o(i.rt_device_find) refers to kservice.o(i.rt_strncmp) for rt_strncmp
    device.o(i.rt_device_find) refers to scheduler.o(i.rt_exit_critical) for rt_exit_critical
    device.o(i.rt_device_find) refers to device.o(.constdata) for .constdata
    device.o(i.rt_device_init) refers to kservice.o(i.rt_assert_handler) for rt_assert_handler
    device.o(i.rt_device_init) refers to kservice.o(i.rt_kprintf) for rt_kprintf
    device.o(i.rt_device_init) refers to device.o(.constdata) for .constdata
    device.o(i.rt_device_open) refers to kservice.o(i.rt_assert_handler) for rt_assert_handler
    device.o(i.rt_device_open) refers to object.o(i.rt_object_get_type) for rt_object_get_type
    device.o(i.rt_device_open) refers to kservice.o(i.rt_kprintf) for rt_kprintf
    device.o(i.rt_device_open) refers to device.o(.constdata) for .constdata
    device.o(i.rt_device_read) refers to kservice.o(i.rt_assert_handler) for rt_assert_handler
    device.o(i.rt_device_read) refers to object.o(i.rt_object_get_type) for rt_object_get_type
    device.o(i.rt_device_read) refers to kservice.o(i.rt_set_errno) for rt_set_errno
    device.o(i.rt_device_read) refers to device.o(.constdata) for .constdata
    device.o(i.rt_device_register) refers to device.o(i.rt_device_find) for rt_device_find
    device.o(i.rt_device_register) refers to object.o(i.rt_object_init) for rt_object_init
    device.o(i.rt_device_set_rx_indicate) refers to kservice.o(i.rt_assert_handler) for rt_assert_handler
    device.o(i.rt_device_set_rx_indicate) refers to object.o(i.rt_object_get_type) for rt_object_get_type
    device.o(i.rt_device_set_rx_indicate) refers to device.o(.constdata) for .constdata
    device.o(i.rt_device_set_tx_complete) refers to kservice.o(i.rt_assert_handler) for rt_assert_handler
    device.o(i.rt_device_set_tx_complete) refers to object.o(i.rt_object_get_type) for rt_object_get_type
    device.o(i.rt_device_set_tx_complete) refers to device.o(.constdata) for .constdata
    device.o(i.rt_device_unregister) refers to kservice.o(i.rt_assert_handler) for rt_assert_handler
    device.o(i.rt_device_unregister) refers to object.o(i.rt_object_get_type) for rt_object_get_type
    device.o(i.rt_device_unregister) refers to object.o(i.rt_object_is_systemobject) for rt_object_is_systemobject
    device.o(i.rt_device_unregister) refers to object.o(i.rt_object_detach) for rt_object_detach
    device.o(i.rt_device_unregister) refers to device.o(.constdata) for .constdata
    device.o(i.rt_device_write) refers to kservice.o(i.rt_assert_handler) for rt_assert_handler
    device.o(i.rt_device_write) refers to object.o(i.rt_object_get_type) for rt_object_get_type
    device.o(i.rt_device_write) refers to kservice.o(i.rt_set_errno) for rt_set_errno
    device.o(i.rt_device_write) refers to device.o(.constdata) for .constdata
    idle.o(i._has_defunct_thread) refers to scheduler.o(.data) for rt_thread_defunct
    idle.o(i.rt_thread_idle_delhook) refers to context_rvds.o(.text) for rt_hw_interrupt_disable
    idle.o(i.rt_thread_idle_delhook) refers to idle.o(.bss) for .bss
    idle.o(i.rt_thread_idle_entry) refers to idle.o(i.rt_thread_idle_excute) for rt_thread_idle_excute
    idle.o(i.rt_thread_idle_entry) refers to idle.o(.bss) for .bss
    idle.o(i.rt_thread_idle_excute) refers to context_rvds.o(.text) for rt_hw_interrupt_disable
    idle.o(i.rt_thread_idle_excute) refers to irq.o(i.rt_interrupt_get_nest) for rt_interrupt_get_nest
    idle.o(i.rt_thread_idle_excute) refers to kservice.o(i.rt_kprintf) for rt_kprintf
    idle.o(i.rt_thread_idle_excute) refers to kservice.o(i.rt_assert_handler) for rt_assert_handler
    idle.o(i.rt_thread_idle_excute) refers to idle.o(i._has_defunct_thread) for _has_defunct_thread
    idle.o(i.rt_thread_idle_excute) refers to scheduler.o(i.rt_enter_critical) for rt_enter_critical
    idle.o(i.rt_thread_idle_excute) refers to object.o(i.rt_object_is_systemobject) for rt_object_is_systemobject
    idle.o(i.rt_thread_idle_excute) refers to scheduler.o(i.rt_exit_critical) for rt_exit_critical
    idle.o(i.rt_thread_idle_excute) refers to mem.o(i.rt_free) for rt_free
    idle.o(i.rt_thread_idle_excute) refers to object.o(i.rt_object_delete) for rt_object_delete
    idle.o(i.rt_thread_idle_excute) refers to idle.o(.constdata) for .constdata
    idle.o(i.rt_thread_idle_excute) refers to scheduler.o(.data) for rt_thread_defunct
    idle.o(i.rt_thread_idle_gethandler) refers to idle.o(.bss) for .bss
    idle.o(i.rt_thread_idle_init) refers to thread.o(i.rt_thread_init) for rt_thread_init
    idle.o(i.rt_thread_idle_init) refers to thread.o(i.rt_thread_startup) for rt_thread_startup
    idle.o(i.rt_thread_idle_init) refers to idle.o(.bss) for .bss
    idle.o(i.rt_thread_idle_init) refers to idle.o(i.rt_thread_idle_entry) for rt_thread_idle_entry
    idle.o(i.rt_thread_idle_sethook) refers to context_rvds.o(.text) for rt_hw_interrupt_disable
    idle.o(i.rt_thread_idle_sethook) refers to idle.o(.bss) for .bss
    ipc.o(i.rt_event_control) refers to kservice.o(i.rt_assert_handler) for rt_assert_handler
    ipc.o(i.rt_event_control) refers to object.o(i.rt_object_get_type) for rt_object_get_type
    ipc.o(i.rt_event_control) refers to context_rvds.o(.text) for rt_hw_interrupt_disable
    ipc.o(i.rt_event_control) refers to ipc.o(i.rt_ipc_list_resume_all) for rt_ipc_list_resume_all
    ipc.o(i.rt_event_control) refers to scheduler.o(i.rt_schedule) for rt_schedule
    ipc.o(i.rt_event_control) refers to ipc.o(.constdata) for .constdata
    ipc.o(i.rt_event_control) refers to ipc.o(.conststring) for .conststring
    ipc.o(i.rt_event_create) refers to context_rvds.o(.text) for rt_hw_interrupt_disable
    ipc.o(i.rt_event_create) refers to irq.o(i.rt_interrupt_get_nest) for rt_interrupt_get_nest
    ipc.o(i.rt_event_create) refers to kservice.o(i.rt_kprintf) for rt_kprintf
    ipc.o(i.rt_event_create) refers to kservice.o(i.rt_assert_handler) for rt_assert_handler
    ipc.o(i.rt_event_create) refers to object.o(i.rt_object_allocate) for rt_object_allocate
    ipc.o(i.rt_event_create) refers to ipc.o(.constdata) for .constdata
    ipc.o(i.rt_event_delete) refers to kservice.o(i.rt_assert_handler) for rt_assert_handler
    ipc.o(i.rt_event_delete) refers to object.o(i.rt_object_get_type) for rt_object_get_type
    ipc.o(i.rt_event_delete) refers to object.o(i.rt_object_is_systemobject) for rt_object_is_systemobject
    ipc.o(i.rt_event_delete) refers to context_rvds.o(.text) for rt_hw_interrupt_disable
    ipc.o(i.rt_event_delete) refers to irq.o(i.rt_interrupt_get_nest) for rt_interrupt_get_nest
    ipc.o(i.rt_event_delete) refers to kservice.o(i.rt_kprintf) for rt_kprintf
    ipc.o(i.rt_event_delete) refers to ipc.o(i.rt_ipc_list_resume_all) for rt_ipc_list_resume_all
    ipc.o(i.rt_event_delete) refers to object.o(i.rt_object_delete) for rt_object_delete
    ipc.o(i.rt_event_delete) refers to ipc.o(.constdata) for .constdata
    ipc.o(i.rt_event_delete) refers to ipc.o(.conststring) for .conststring
    ipc.o(i.rt_event_detach) refers to kservice.o(i.rt_assert_handler) for rt_assert_handler
    ipc.o(i.rt_event_detach) refers to object.o(i.rt_object_get_type) for rt_object_get_type
    ipc.o(i.rt_event_detach) refers to object.o(i.rt_object_is_systemobject) for rt_object_is_systemobject
    ipc.o(i.rt_event_detach) refers to ipc.o(i.rt_ipc_list_resume_all) for rt_ipc_list_resume_all
    ipc.o(i.rt_event_detach) refers to object.o(i.rt_object_detach) for rt_object_detach
    ipc.o(i.rt_event_detach) refers to ipc.o(.constdata) for .constdata
    ipc.o(i.rt_event_detach) refers to ipc.o(.conststring) for .conststring
    ipc.o(i.rt_event_init) refers to kservice.o(i.rt_assert_handler) for rt_assert_handler
    ipc.o(i.rt_event_init) refers to object.o(i.rt_object_init) for rt_object_init
    ipc.o(i.rt_event_init) refers to ipc.o(.constdata) for .constdata
    ipc.o(i.rt_event_recv) refers to context_rvds.o(.text) for rt_hw_interrupt_disable
    ipc.o(i.rt_event_recv) refers to thread.o(i.rt_thread_self) for rt_thread_self
    ipc.o(i.rt_event_recv) refers to kservice.o(i.rt_kprintf) for rt_kprintf
    ipc.o(i.rt_event_recv) refers to kservice.o(i.rt_assert_handler) for rt_assert_handler
    ipc.o(i.rt_event_recv) refers to irq.o(i.rt_interrupt_get_nest) for rt_interrupt_get_nest
    ipc.o(i.rt_event_recv) refers to object.o(i.rt_object_get_type) for rt_object_get_type
    ipc.o(i.rt_event_recv) refers to ipc.o(i.rt_ipc_list_suspend) for rt_ipc_list_suspend
    ipc.o(i.rt_event_recv) refers to timer.o(i.rt_timer_control) for rt_timer_control
    ipc.o(i.rt_event_recv) refers to timer.o(i.rt_timer_start) for rt_timer_start
    ipc.o(i.rt_event_recv) refers to scheduler.o(i.rt_schedule) for rt_schedule
    ipc.o(i.rt_event_recv) refers to ipc.o(.constdata) for .constdata
    ipc.o(i.rt_event_recv) refers to ipc.o(.conststring) for .conststring
    ipc.o(i.rt_event_recv) refers to object.o(.data) for rt_object_trytake_hook
    ipc.o(i.rt_event_send) refers to kservice.o(i.rt_assert_handler) for rt_assert_handler
    ipc.o(i.rt_event_send) refers to object.o(i.rt_object_get_type) for rt_object_get_type
    ipc.o(i.rt_event_send) refers to context_rvds.o(.text) for rt_hw_interrupt_disable
    ipc.o(i.rt_event_send) refers to thread.o(i.rt_thread_resume) for rt_thread_resume
    ipc.o(i.rt_event_send) refers to scheduler.o(i.rt_schedule) for rt_schedule
    ipc.o(i.rt_event_send) refers to ipc.o(.constdata) for .constdata
    ipc.o(i.rt_event_send) refers to ipc.o(.conststring) for .conststring
    ipc.o(i.rt_event_send) refers to object.o(.data) for rt_object_put_hook
    ipc.o(i.rt_ipc_list_resume) refers to thread.o(i.rt_thread_resume) for rt_thread_resume
    ipc.o(i.rt_ipc_list_resume_all) refers to context_rvds.o(.text) for rt_hw_interrupt_disable
    ipc.o(i.rt_ipc_list_resume_all) refers to thread.o(i.rt_thread_resume) for rt_thread_resume
    ipc.o(i.rt_ipc_list_suspend) refers to thread.o(i.rt_thread_suspend) for rt_thread_suspend
    ipc.o(i.rt_ipc_list_suspend) refers to ipc.o(i.rt_list_insert_before) for rt_list_insert_before
    ipc.o(i.rt_mb_control) refers to kservice.o(i.rt_assert_handler) for rt_assert_handler
    ipc.o(i.rt_mb_control) refers to object.o(i.rt_object_get_type) for rt_object_get_type
    ipc.o(i.rt_mb_control) refers to context_rvds.o(.text) for rt_hw_interrupt_disable
    ipc.o(i.rt_mb_control) refers to ipc.o(i.rt_ipc_list_resume_all) for rt_ipc_list_resume_all
    ipc.o(i.rt_mb_control) refers to scheduler.o(i.rt_schedule) for rt_schedule
    ipc.o(i.rt_mb_control) refers to ipc.o(.constdata) for .constdata
    ipc.o(i.rt_mb_control) refers to ipc.o(.conststring) for .conststring
    ipc.o(i.rt_mb_create) refers to context_rvds.o(.text) for rt_hw_interrupt_disable
    ipc.o(i.rt_mb_create) refers to irq.o(i.rt_interrupt_get_nest) for rt_interrupt_get_nest
    ipc.o(i.rt_mb_create) refers to kservice.o(i.rt_kprintf) for rt_kprintf
    ipc.o(i.rt_mb_create) refers to kservice.o(i.rt_assert_handler) for rt_assert_handler
    ipc.o(i.rt_mb_create) refers to object.o(i.rt_object_allocate) for rt_object_allocate
    ipc.o(i.rt_mb_create) refers to mem.o(i.rt_malloc) for rt_malloc
    ipc.o(i.rt_mb_create) refers to object.o(i.rt_object_delete) for rt_object_delete
    ipc.o(i.rt_mb_create) refers to ipc.o(.constdata) for .constdata
    ipc.o(i.rt_mb_delete) refers to context_rvds.o(.text) for rt_hw_interrupt_disable
    ipc.o(i.rt_mb_delete) refers to irq.o(i.rt_interrupt_get_nest) for rt_interrupt_get_nest
    ipc.o(i.rt_mb_delete) refers to kservice.o(i.rt_kprintf) for rt_kprintf
    ipc.o(i.rt_mb_delete) refers to kservice.o(i.rt_assert_handler) for rt_assert_handler
    ipc.o(i.rt_mb_delete) refers to object.o(i.rt_object_get_type) for rt_object_get_type
    ipc.o(i.rt_mb_delete) refers to object.o(i.rt_object_is_systemobject) for rt_object_is_systemobject
    ipc.o(i.rt_mb_delete) refers to ipc.o(i.rt_ipc_list_resume_all) for rt_ipc_list_resume_all
    ipc.o(i.rt_mb_delete) refers to mem.o(i.rt_free) for rt_free
    ipc.o(i.rt_mb_delete) refers to object.o(i.rt_object_delete) for rt_object_delete
    ipc.o(i.rt_mb_delete) refers to ipc.o(.constdata) for .constdata
    ipc.o(i.rt_mb_delete) refers to ipc.o(.conststring) for .conststring
    ipc.o(i.rt_mb_detach) refers to kservice.o(i.rt_assert_handler) for rt_assert_handler
    ipc.o(i.rt_mb_detach) refers to object.o(i.rt_object_get_type) for rt_object_get_type
    ipc.o(i.rt_mb_detach) refers to object.o(i.rt_object_is_systemobject) for rt_object_is_systemobject
    ipc.o(i.rt_mb_detach) refers to ipc.o(i.rt_ipc_list_resume_all) for rt_ipc_list_resume_all
    ipc.o(i.rt_mb_detach) refers to object.o(i.rt_object_detach) for rt_object_detach
    ipc.o(i.rt_mb_detach) refers to ipc.o(.constdata) for .constdata
    ipc.o(i.rt_mb_detach) refers to ipc.o(.conststring) for .conststring
    ipc.o(i.rt_mb_init) refers to kservice.o(i.rt_assert_handler) for rt_assert_handler
    ipc.o(i.rt_mb_init) refers to object.o(i.rt_object_init) for rt_object_init
    ipc.o(i.rt_mb_init) refers to ipc.o(.constdata) for .constdata
    ipc.o(i.rt_mb_recv) refers to kservice.o(i.rt_assert_handler) for rt_assert_handler
    ipc.o(i.rt_mb_recv) refers to object.o(i.rt_object_get_type) for rt_object_get_type
    ipc.o(i.rt_mb_recv) refers to thread.o(i.rt_thread_self) for rt_thread_self
    ipc.o(i.rt_mb_recv) refers to context_rvds.o(.text) for rt_hw_interrupt_disable
    ipc.o(i.rt_mb_recv) refers to kservice.o(i.rt_kprintf) for rt_kprintf
    ipc.o(i.rt_mb_recv) refers to irq.o(i.rt_interrupt_get_nest) for rt_interrupt_get_nest
    ipc.o(i.rt_mb_recv) refers to ipc.o(i.rt_ipc_list_suspend) for rt_ipc_list_suspend
    ipc.o(i.rt_mb_recv) refers to clock.o(i.rt_tick_get) for rt_tick_get
    ipc.o(i.rt_mb_recv) refers to timer.o(i.rt_timer_control) for rt_timer_control
    ipc.o(i.rt_mb_recv) refers to timer.o(i.rt_timer_start) for rt_timer_start
    ipc.o(i.rt_mb_recv) refers to scheduler.o(i.rt_schedule) for rt_schedule
    ipc.o(i.rt_mb_recv) refers to ipc.o(i.rt_ipc_list_resume) for rt_ipc_list_resume
    ipc.o(i.rt_mb_recv) refers to ipc.o(.constdata) for .constdata
    ipc.o(i.rt_mb_recv) refers to ipc.o(.conststring) for .conststring
    ipc.o(i.rt_mb_recv) refers to object.o(.data) for rt_object_trytake_hook
    ipc.o(i.rt_mb_send) refers to ipc.o(i.rt_mb_send_wait) for rt_mb_send_wait
    ipc.o(i.rt_mb_send_wait) refers to kservice.o(i.rt_assert_handler) for rt_assert_handler
    ipc.o(i.rt_mb_send_wait) refers to object.o(i.rt_object_get_type) for rt_object_get_type
    ipc.o(i.rt_mb_send_wait) refers to thread.o(i.rt_thread_self) for rt_thread_self
    ipc.o(i.rt_mb_send_wait) refers to context_rvds.o(.text) for rt_hw_interrupt_disable
    ipc.o(i.rt_mb_send_wait) refers to kservice.o(i.rt_kprintf) for rt_kprintf
    ipc.o(i.rt_mb_send_wait) refers to irq.o(i.rt_interrupt_get_nest) for rt_interrupt_get_nest
    ipc.o(i.rt_mb_send_wait) refers to ipc.o(i.rt_ipc_list_suspend) for rt_ipc_list_suspend
    ipc.o(i.rt_mb_send_wait) refers to clock.o(i.rt_tick_get) for rt_tick_get
    ipc.o(i.rt_mb_send_wait) refers to timer.o(i.rt_timer_control) for rt_timer_control
    ipc.o(i.rt_mb_send_wait) refers to timer.o(i.rt_timer_start) for rt_timer_start
    ipc.o(i.rt_mb_send_wait) refers to scheduler.o(i.rt_schedule) for rt_schedule
    ipc.o(i.rt_mb_send_wait) refers to ipc.o(i.rt_ipc_list_resume) for rt_ipc_list_resume
    ipc.o(i.rt_mb_send_wait) refers to ipc.o(.constdata) for .constdata
    ipc.o(i.rt_mb_send_wait) refers to ipc.o(.conststring) for .conststring
    ipc.o(i.rt_mb_send_wait) refers to object.o(.data) for rt_object_put_hook
    ipc.o(i.rt_mq_control) refers to kservice.o(i.rt_assert_handler) for rt_assert_handler
    ipc.o(i.rt_mq_control) refers to object.o(i.rt_object_get_type) for rt_object_get_type
    ipc.o(i.rt_mq_control) refers to context_rvds.o(.text) for rt_hw_interrupt_disable
    ipc.o(i.rt_mq_control) refers to ipc.o(i.rt_ipc_list_resume_all) for rt_ipc_list_resume_all
    ipc.o(i.rt_mq_control) refers to scheduler.o(i.rt_schedule) for rt_schedule
    ipc.o(i.rt_mq_control) refers to ipc.o(.constdata) for .constdata
    ipc.o(i.rt_mq_control) refers to ipc.o(.conststring) for .conststring
    ipc.o(i.rt_mq_create) refers to context_rvds.o(.text) for rt_hw_interrupt_disable
    ipc.o(i.rt_mq_create) refers to irq.o(i.rt_interrupt_get_nest) for rt_interrupt_get_nest
    ipc.o(i.rt_mq_create) refers to kservice.o(i.rt_kprintf) for rt_kprintf
    ipc.o(i.rt_mq_create) refers to kservice.o(i.rt_assert_handler) for rt_assert_handler
    ipc.o(i.rt_mq_create) refers to object.o(i.rt_object_allocate) for rt_object_allocate
    ipc.o(i.rt_mq_create) refers to mem.o(i.rt_malloc) for rt_malloc
    ipc.o(i.rt_mq_create) refers to ipc.o(i.rt_mq_delete) for rt_mq_delete
    ipc.o(i.rt_mq_create) refers to ipc.o(.constdata) for .constdata
    ipc.o(i.rt_mq_delete) refers to context_rvds.o(.text) for rt_hw_interrupt_disable
    ipc.o(i.rt_mq_delete) refers to irq.o(i.rt_interrupt_get_nest) for rt_interrupt_get_nest
    ipc.o(i.rt_mq_delete) refers to kservice.o(i.rt_kprintf) for rt_kprintf
    ipc.o(i.rt_mq_delete) refers to kservice.o(i.rt_assert_handler) for rt_assert_handler
    ipc.o(i.rt_mq_delete) refers to object.o(i.rt_object_get_type) for rt_object_get_type
    ipc.o(i.rt_mq_delete) refers to object.o(i.rt_object_is_systemobject) for rt_object_is_systemobject
    ipc.o(i.rt_mq_delete) refers to ipc.o(i.rt_ipc_list_resume_all) for rt_ipc_list_resume_all
    ipc.o(i.rt_mq_delete) refers to mem.o(i.rt_free) for rt_free
    ipc.o(i.rt_mq_delete) refers to object.o(i.rt_object_delete) for rt_object_delete
    ipc.o(i.rt_mq_delete) refers to ipc.o(.constdata) for .constdata
    ipc.o(i.rt_mq_delete) refers to ipc.o(.conststring) for .conststring
    ipc.o(i.rt_mq_detach) refers to kservice.o(i.rt_assert_handler) for rt_assert_handler
    ipc.o(i.rt_mq_detach) refers to object.o(i.rt_object_get_type) for rt_object_get_type
    ipc.o(i.rt_mq_detach) refers to object.o(i.rt_object_is_systemobject) for rt_object_is_systemobject
    ipc.o(i.rt_mq_detach) refers to ipc.o(i.rt_ipc_list_resume_all) for rt_ipc_list_resume_all
    ipc.o(i.rt_mq_detach) refers to object.o(i.rt_object_detach) for rt_object_detach
    ipc.o(i.rt_mq_detach) refers to ipc.o(.constdata) for .constdata
    ipc.o(i.rt_mq_detach) refers to ipc.o(.conststring) for .conststring
    ipc.o(i.rt_mq_init) refers to kservice.o(i.rt_assert_handler) for rt_assert_handler
    ipc.o(i.rt_mq_init) refers to object.o(i.rt_object_init) for rt_object_init
    ipc.o(i.rt_mq_init) refers to ipc.o(.constdata) for .constdata
    ipc.o(i.rt_mq_recv) refers to kservice.o(i.rt_assert_handler) for rt_assert_handler
    ipc.o(i.rt_mq_recv) refers to object.o(i.rt_object_get_type) for rt_object_get_type
    ipc.o(i.rt_mq_recv) refers to thread.o(i.rt_thread_self) for rt_thread_self
    ipc.o(i.rt_mq_recv) refers to context_rvds.o(.text) for rt_hw_interrupt_disable
    ipc.o(i.rt_mq_recv) refers to kservice.o(i.rt_kprintf) for rt_kprintf
    ipc.o(i.rt_mq_recv) refers to irq.o(i.rt_interrupt_get_nest) for rt_interrupt_get_nest
    ipc.o(i.rt_mq_recv) refers to ipc.o(i.rt_ipc_list_suspend) for rt_ipc_list_suspend
    ipc.o(i.rt_mq_recv) refers to clock.o(i.rt_tick_get) for rt_tick_get
    ipc.o(i.rt_mq_recv) refers to timer.o(i.rt_timer_control) for rt_timer_control
    ipc.o(i.rt_mq_recv) refers to timer.o(i.rt_timer_start) for rt_timer_start
    ipc.o(i.rt_mq_recv) refers to scheduler.o(i.rt_schedule) for rt_schedule
    ipc.o(i.rt_mq_recv) refers to kservice.o(i.rt_memcpy) for rt_memcpy
    ipc.o(i.rt_mq_recv) refers to ipc.o(.constdata) for .constdata
    ipc.o(i.rt_mq_recv) refers to ipc.o(.conststring) for .conststring
    ipc.o(i.rt_mq_recv) refers to object.o(.data) for rt_object_trytake_hook
    ipc.o(i.rt_mq_send) refers to kservice.o(i.rt_assert_handler) for rt_assert_handler
    ipc.o(i.rt_mq_send) refers to object.o(i.rt_object_get_type) for rt_object_get_type
    ipc.o(i.rt_mq_send) refers to context_rvds.o(.text) for rt_hw_interrupt_disable
    ipc.o(i.rt_mq_send) refers to kservice.o(i.rt_memcpy) for rt_memcpy
    ipc.o(i.rt_mq_send) refers to ipc.o(i.rt_ipc_list_resume) for rt_ipc_list_resume
    ipc.o(i.rt_mq_send) refers to scheduler.o(i.rt_schedule) for rt_schedule
    ipc.o(i.rt_mq_send) refers to ipc.o(.constdata) for .constdata
    ipc.o(i.rt_mq_send) refers to ipc.o(.conststring) for .conststring
    ipc.o(i.rt_mq_send) refers to object.o(.data) for rt_object_put_hook
    ipc.o(i.rt_mq_urgent) refers to kservice.o(i.rt_assert_handler) for rt_assert_handler
    ipc.o(i.rt_mq_urgent) refers to object.o(i.rt_object_get_type) for rt_object_get_type
    ipc.o(i.rt_mq_urgent) refers to context_rvds.o(.text) for rt_hw_interrupt_disable
    ipc.o(i.rt_mq_urgent) refers to kservice.o(i.rt_memcpy) for rt_memcpy
    ipc.o(i.rt_mq_urgent) refers to ipc.o(i.rt_ipc_list_resume) for rt_ipc_list_resume
    ipc.o(i.rt_mq_urgent) refers to scheduler.o(i.rt_schedule) for rt_schedule
    ipc.o(i.rt_mq_urgent) refers to ipc.o(.constdata) for .constdata
    ipc.o(i.rt_mq_urgent) refers to ipc.o(.conststring) for .conststring
    ipc.o(i.rt_mq_urgent) refers to object.o(.data) for rt_object_put_hook
    ipc.o(i.rt_mutex_control) refers to kservice.o(i.rt_assert_handler) for rt_assert_handler
    ipc.o(i.rt_mutex_control) refers to object.o(i.rt_object_get_type) for rt_object_get_type
    ipc.o(i.rt_mutex_control) refers to ipc.o(.constdata) for .constdata
    ipc.o(i.rt_mutex_control) refers to ipc.o(.conststring) for .conststring
    ipc.o(i.rt_mutex_create) refers to context_rvds.o(.text) for rt_hw_interrupt_disable
    ipc.o(i.rt_mutex_create) refers to irq.o(i.rt_interrupt_get_nest) for rt_interrupt_get_nest
    ipc.o(i.rt_mutex_create) refers to kservice.o(i.rt_kprintf) for rt_kprintf
    ipc.o(i.rt_mutex_create) refers to kservice.o(i.rt_assert_handler) for rt_assert_handler
    ipc.o(i.rt_mutex_create) refers to object.o(i.rt_object_allocate) for rt_object_allocate
    ipc.o(i.rt_mutex_create) refers to ipc.o(.constdata) for .constdata
    ipc.o(i.rt_mutex_delete) refers to context_rvds.o(.text) for rt_hw_interrupt_disable
    ipc.o(i.rt_mutex_delete) refers to irq.o(i.rt_interrupt_get_nest) for rt_interrupt_get_nest
    ipc.o(i.rt_mutex_delete) refers to kservice.o(i.rt_kprintf) for rt_kprintf
    ipc.o(i.rt_mutex_delete) refers to kservice.o(i.rt_assert_handler) for rt_assert_handler
    ipc.o(i.rt_mutex_delete) refers to object.o(i.rt_object_get_type) for rt_object_get_type
    ipc.o(i.rt_mutex_delete) refers to object.o(i.rt_object_is_systemobject) for rt_object_is_systemobject
    ipc.o(i.rt_mutex_delete) refers to ipc.o(i.rt_ipc_list_resume_all) for rt_ipc_list_resume_all
    ipc.o(i.rt_mutex_delete) refers to object.o(i.rt_object_delete) for rt_object_delete
    ipc.o(i.rt_mutex_delete) refers to ipc.o(.constdata) for .constdata
    ipc.o(i.rt_mutex_delete) refers to ipc.o(.conststring) for .conststring
    ipc.o(i.rt_mutex_detach) refers to kservice.o(i.rt_assert_handler) for rt_assert_handler
    ipc.o(i.rt_mutex_detach) refers to object.o(i.rt_object_get_type) for rt_object_get_type
    ipc.o(i.rt_mutex_detach) refers to object.o(i.rt_object_is_systemobject) for rt_object_is_systemobject
    ipc.o(i.rt_mutex_detach) refers to ipc.o(i.rt_ipc_list_resume_all) for rt_ipc_list_resume_all
    ipc.o(i.rt_mutex_detach) refers to object.o(i.rt_object_detach) for rt_object_detach
    ipc.o(i.rt_mutex_detach) refers to ipc.o(.constdata) for .constdata
    ipc.o(i.rt_mutex_detach) refers to ipc.o(.conststring) for .conststring
    ipc.o(i.rt_mutex_init) refers to kservice.o(i.rt_assert_handler) for rt_assert_handler
    ipc.o(i.rt_mutex_init) refers to object.o(i.rt_object_init) for rt_object_init
    ipc.o(i.rt_mutex_init) refers to ipc.o(.constdata) for .constdata
    ipc.o(i.rt_mutex_release) refers to kservice.o(i.rt_assert_handler) for rt_assert_handler
    ipc.o(i.rt_mutex_release) refers to object.o(i.rt_object_get_type) for rt_object_get_type
    ipc.o(i.rt_mutex_release) refers to context_rvds.o(.text) for rt_hw_interrupt_disable
    ipc.o(i.rt_mutex_release) refers to thread.o(i.rt_thread_self) for rt_thread_self
    ipc.o(i.rt_mutex_release) refers to kservice.o(i.rt_kprintf) for rt_kprintf
    ipc.o(i.rt_mutex_release) refers to irq.o(i.rt_interrupt_get_nest) for rt_interrupt_get_nest
    ipc.o(i.rt_mutex_release) refers to thread.o(i.rt_thread_control) for rt_thread_control
    ipc.o(i.rt_mutex_release) refers to ipc.o(i.rt_ipc_list_resume) for rt_ipc_list_resume
    ipc.o(i.rt_mutex_release) refers to scheduler.o(i.rt_schedule) for rt_schedule
    ipc.o(i.rt_mutex_release) refers to ipc.o(.constdata) for .constdata
    ipc.o(i.rt_mutex_release) refers to ipc.o(.conststring) for .conststring
    ipc.o(i.rt_mutex_release) refers to object.o(.data) for rt_object_put_hook
    ipc.o(i.rt_mutex_take) refers to context_rvds.o(.text) for rt_hw_interrupt_disable
    ipc.o(i.rt_mutex_take) refers to thread.o(i.rt_thread_self) for rt_thread_self
    ipc.o(i.rt_mutex_take) refers to kservice.o(i.rt_kprintf) for rt_kprintf
    ipc.o(i.rt_mutex_take) refers to kservice.o(i.rt_assert_handler) for rt_assert_handler
    ipc.o(i.rt_mutex_take) refers to irq.o(i.rt_interrupt_get_nest) for rt_interrupt_get_nest
    ipc.o(i.rt_mutex_take) refers to object.o(i.rt_object_get_type) for rt_object_get_type
    ipc.o(i.rt_mutex_take) refers to thread.o(i.rt_thread_control) for rt_thread_control
    ipc.o(i.rt_mutex_take) refers to ipc.o(i.rt_ipc_list_suspend) for rt_ipc_list_suspend
    ipc.o(i.rt_mutex_take) refers to timer.o(i.rt_timer_control) for rt_timer_control
    ipc.o(i.rt_mutex_take) refers to timer.o(i.rt_timer_start) for rt_timer_start
    ipc.o(i.rt_mutex_take) refers to scheduler.o(i.rt_schedule) for rt_schedule
    ipc.o(i.rt_mutex_take) refers to ipc.o(.constdata) for .constdata
    ipc.o(i.rt_mutex_take) refers to ipc.o(.conststring) for .conststring
    ipc.o(i.rt_mutex_take) refers to object.o(.data) for rt_object_trytake_hook
    ipc.o(i.rt_sem_control) refers to kservice.o(i.rt_assert_handler) for rt_assert_handler
    ipc.o(i.rt_sem_control) refers to object.o(i.rt_object_get_type) for rt_object_get_type
    ipc.o(i.rt_sem_control) refers to context_rvds.o(.text) for rt_hw_interrupt_disable
    ipc.o(i.rt_sem_control) refers to ipc.o(i.rt_ipc_list_resume_all) for rt_ipc_list_resume_all
    ipc.o(i.rt_sem_control) refers to scheduler.o(i.rt_schedule) for rt_schedule
    ipc.o(i.rt_sem_control) refers to ipc.o(.constdata) for .constdata
    ipc.o(i.rt_sem_control) refers to ipc.o(.conststring) for .conststring
    ipc.o(i.rt_sem_create) refers to context_rvds.o(.text) for rt_hw_interrupt_disable
    ipc.o(i.rt_sem_create) refers to irq.o(i.rt_interrupt_get_nest) for rt_interrupt_get_nest
    ipc.o(i.rt_sem_create) refers to kservice.o(i.rt_kprintf) for rt_kprintf
    ipc.o(i.rt_sem_create) refers to kservice.o(i.rt_assert_handler) for rt_assert_handler
    ipc.o(i.rt_sem_create) refers to object.o(i.rt_object_allocate) for rt_object_allocate
    ipc.o(i.rt_sem_create) refers to ipc.o(.constdata) for .constdata
    ipc.o(i.rt_sem_delete) refers to context_rvds.o(.text) for rt_hw_interrupt_disable
    ipc.o(i.rt_sem_delete) refers to irq.o(i.rt_interrupt_get_nest) for rt_interrupt_get_nest
    ipc.o(i.rt_sem_delete) refers to kservice.o(i.rt_kprintf) for rt_kprintf
    ipc.o(i.rt_sem_delete) refers to kservice.o(i.rt_assert_handler) for rt_assert_handler
    ipc.o(i.rt_sem_delete) refers to object.o(i.rt_object_get_type) for rt_object_get_type
    ipc.o(i.rt_sem_delete) refers to object.o(i.rt_object_is_systemobject) for rt_object_is_systemobject
    ipc.o(i.rt_sem_delete) refers to ipc.o(i.rt_ipc_list_resume_all) for rt_ipc_list_resume_all
    ipc.o(i.rt_sem_delete) refers to object.o(i.rt_object_delete) for rt_object_delete
    ipc.o(i.rt_sem_delete) refers to ipc.o(.constdata) for .constdata
    ipc.o(i.rt_sem_delete) refers to ipc.o(.conststring) for .conststring
    ipc.o(i.rt_sem_detach) refers to kservice.o(i.rt_assert_handler) for rt_assert_handler
    ipc.o(i.rt_sem_detach) refers to object.o(i.rt_object_get_type) for rt_object_get_type
    ipc.o(i.rt_sem_detach) refers to object.o(i.rt_object_is_systemobject) for rt_object_is_systemobject
    ipc.o(i.rt_sem_detach) refers to ipc.o(i.rt_ipc_list_resume_all) for rt_ipc_list_resume_all
    ipc.o(i.rt_sem_detach) refers to object.o(i.rt_object_detach) for rt_object_detach
    ipc.o(i.rt_sem_detach) refers to ipc.o(.constdata) for .constdata
    ipc.o(i.rt_sem_detach) refers to ipc.o(.conststring) for .conststring
    ipc.o(i.rt_sem_init) refers to kservice.o(i.rt_assert_handler) for rt_assert_handler
    ipc.o(i.rt_sem_init) refers to object.o(i.rt_object_init) for rt_object_init
    ipc.o(i.rt_sem_init) refers to ipc.o(.constdata) for .constdata
    ipc.o(i.rt_sem_release) refers to kservice.o(i.rt_assert_handler) for rt_assert_handler
    ipc.o(i.rt_sem_release) refers to object.o(i.rt_object_get_type) for rt_object_get_type
    ipc.o(i.rt_sem_release) refers to context_rvds.o(.text) for rt_hw_interrupt_disable
    ipc.o(i.rt_sem_release) refers to ipc.o(i.rt_ipc_list_resume) for rt_ipc_list_resume
    ipc.o(i.rt_sem_release) refers to scheduler.o(i.rt_schedule) for rt_schedule
    ipc.o(i.rt_sem_release) refers to ipc.o(.constdata) for .constdata
    ipc.o(i.rt_sem_release) refers to ipc.o(.conststring) for .conststring
    ipc.o(i.rt_sem_release) refers to object.o(.data) for rt_object_put_hook
    ipc.o(i.rt_sem_take) refers to kservice.o(i.rt_assert_handler) for rt_assert_handler
    ipc.o(i.rt_sem_take) refers to object.o(i.rt_object_get_type) for rt_object_get_type
    ipc.o(i.rt_sem_take) refers to context_rvds.o(.text) for rt_hw_interrupt_disable
    ipc.o(i.rt_sem_take) refers to thread.o(i.rt_thread_self) for rt_thread_self
    ipc.o(i.rt_sem_take) refers to kservice.o(i.rt_kprintf) for rt_kprintf
    ipc.o(i.rt_sem_take) refers to irq.o(i.rt_interrupt_get_nest) for rt_interrupt_get_nest
    ipc.o(i.rt_sem_take) refers to ipc.o(i.rt_ipc_list_suspend) for rt_ipc_list_suspend
    ipc.o(i.rt_sem_take) refers to timer.o(i.rt_timer_control) for rt_timer_control
    ipc.o(i.rt_sem_take) refers to timer.o(i.rt_timer_start) for rt_timer_start
    ipc.o(i.rt_sem_take) refers to scheduler.o(i.rt_schedule) for rt_schedule
    ipc.o(i.rt_sem_take) refers to ipc.o(.constdata) for .constdata
    ipc.o(i.rt_sem_take) refers to ipc.o(.conststring) for .conststring
    ipc.o(i.rt_sem_take) refers to object.o(.data) for rt_object_trytake_hook
    ipc.o(i.rt_sem_trytake) refers to ipc.o(i.rt_sem_take) for rt_sem_take
    irq.o(i.rt_interrupt_enter) refers to context_rvds.o(.text) for rt_hw_interrupt_disable
    irq.o(i.rt_interrupt_enter) refers to irq.o(.data) for .data
    irq.o(i.rt_interrupt_enter_sethook) refers to irq.o(.data) for .data
    irq.o(i.rt_interrupt_get_nest) refers to irq.o(.data) for .data
    irq.o(i.rt_interrupt_leave) refers to context_rvds.o(.text) for rt_hw_interrupt_disable
    irq.o(i.rt_interrupt_leave) refers to irq.o(.data) for .data
    irq.o(i.rt_interrupt_leave_sethook) refers to irq.o(.data) for .data
    kservice.o(i.__rt_ffs) refers to kservice.o(.constdata) for .constdata
    kservice.o(i._rt_errno) refers to irq.o(i.rt_interrupt_get_nest) for rt_interrupt_get_nest
    kservice.o(i._rt_errno) refers to thread.o(i.rt_thread_self) for rt_thread_self
    kservice.o(i._rt_errno) refers to kservice.o(.data) for .data
    kservice.o(i.print_number) refers to kservice.o(.constdata) for .constdata
    kservice.o(i.rt_assert_handler) refers to kservice.o(i.rt_kprintf) for rt_kprintf
    kservice.o(i.rt_assert_handler) refers to kservice.o(.data) for .data
    kservice.o(i.rt_assert_set_hook) refers to kservice.o(.data) for .data
    kservice.o(i.rt_console_get_device) refers to kservice.o(.data) for .data
    kservice.o(i.rt_console_set_device) refers to device.o(i.rt_device_find) for rt_device_find
    kservice.o(i.rt_console_set_device) refers to device.o(i.rt_device_close) for rt_device_close
    kservice.o(i.rt_console_set_device) refers to device.o(i.rt_device_open) for rt_device_open
    kservice.o(i.rt_console_set_device) refers to kservice.o(.data) for .data
    kservice.o(i.rt_free_align) refers to mem.o(i.rt_free) for rt_free
    kservice.o(i.rt_get_errno) refers to irq.o(i.rt_interrupt_get_nest) for rt_interrupt_get_nest
    kservice.o(i.rt_get_errno) refers to thread.o(i.rt_thread_self) for rt_thread_self
    kservice.o(i.rt_get_errno) refers to kservice.o(.data) for .data
    kservice.o(i.rt_kprintf) refers to kservice.o(i.rt_vsnprintf) for rt_vsnprintf
    kservice.o(i.rt_kprintf) refers to device.o(i.rt_device_write) for rt_device_write
    kservice.o(i.rt_kprintf) refers to kservice.o(i.rt_hw_console_output) for rt_hw_console_output
    kservice.o(i.rt_kprintf) refers to kservice.o(.bss) for .bss
    kservice.o(i.rt_kprintf) refers to kservice.o(.data) for .data
    kservice.o(i.rt_kputs) refers to kservice.o(i.rt_strlen) for rt_strlen
    kservice.o(i.rt_kputs) refers to device.o(i.rt_device_write) for rt_device_write
    kservice.o(i.rt_kputs) refers to kservice.o(i.rt_hw_console_output) for rt_hw_console_output
    kservice.o(i.rt_kputs) refers to kservice.o(.data) for .data
    kservice.o(i.rt_malloc_align) refers to mem.o(i.rt_malloc) for rt_malloc
    kservice.o(i.rt_set_errno) refers to irq.o(i.rt_interrupt_get_nest) for rt_interrupt_get_nest
    kservice.o(i.rt_set_errno) refers to thread.o(i.rt_thread_self) for rt_thread_self
    kservice.o(i.rt_set_errno) refers to kservice.o(.data) for .data
    kservice.o(i.rt_show_version) refers to kservice.o(i.rt_kprintf) for rt_kprintf
    kservice.o(i.rt_snprintf) refers to kservice.o(i.rt_vsnprintf) for rt_vsnprintf
    kservice.o(i.rt_sprintf) refers to kservice.o(i.rt_vsprintf) for rt_vsprintf
    kservice.o(i.rt_strdup) refers to kservice.o(i.rt_strlen) for rt_strlen
    kservice.o(i.rt_strdup) refers to mem.o(i.rt_malloc) for rt_malloc
    kservice.o(i.rt_strdup) refers to kservice.o(i.rt_memcpy) for rt_memcpy
    kservice.o(i.rt_strstr) refers to kservice.o(i.rt_strlen) for rt_strlen
    kservice.o(i.rt_strstr) refers to kservice.o(i.rt_memcmp) for rt_memcmp
    kservice.o(i.rt_vsnprintf) refers to kservice.o(i.skip_atoi) for skip_atoi
    kservice.o(i.rt_vsnprintf) refers to kservice.o(i.rt_strlen) for rt_strlen
    kservice.o(i.rt_vsnprintf) refers to kservice.o(i.print_number) for print_number
    kservice.o(i.rt_vsprintf) refers to kservice.o(i.rt_vsnprintf) for rt_vsnprintf
    mem.o(i.plug_holes) refers to kservice.o(i.rt_assert_handler) for rt_assert_handler
    mem.o(i.plug_holes) refers to mem.o(.data) for .data
    mem.o(i.plug_holes) refers to mem.o(.constdata) for .constdata
    mem.o(i.rt_calloc) refers to mem.o(i.rt_malloc) for rt_malloc
    mem.o(i.rt_calloc) refers to kservice.o(i.rt_memset) for rt_memset
    mem.o(i.rt_free) refers to context_rvds.o(.text) for rt_hw_interrupt_disable
    mem.o(i.rt_free) refers to irq.o(i.rt_interrupt_get_nest) for rt_interrupt_get_nest
    mem.o(i.rt_free) refers to kservice.o(i.rt_kprintf) for rt_kprintf
    mem.o(i.rt_free) refers to kservice.o(i.rt_assert_handler) for rt_assert_handler
    mem.o(i.rt_free) refers to ipc.o(i.rt_sem_take) for rt_sem_take
    mem.o(i.rt_free) refers to mem.o(i.plug_holes) for plug_holes
    mem.o(i.rt_free) refers to ipc.o(i.rt_sem_release) for rt_sem_release
    mem.o(i.rt_free) refers to mem.o(.constdata) for .constdata
    mem.o(i.rt_free) refers to mem.o(.data) for .data
    mem.o(i.rt_free) refers to mem.o(.conststring) for .conststring
    mem.o(i.rt_free) refers to mem.o(.bss) for .bss
    mem.o(i.rt_free_sethook) refers to mem.o(.data) for .data
    mem.o(i.rt_malloc) refers to context_rvds.o(.text) for rt_hw_interrupt_disable
    mem.o(i.rt_malloc) refers to irq.o(i.rt_interrupt_get_nest) for rt_interrupt_get_nest
    mem.o(i.rt_malloc) refers to kservice.o(i.rt_kprintf) for rt_kprintf
    mem.o(i.rt_malloc) refers to kservice.o(i.rt_assert_handler) for rt_assert_handler
    mem.o(i.rt_malloc) refers to ipc.o(i.rt_sem_take) for rt_sem_take
    mem.o(i.rt_malloc) refers to ipc.o(i.rt_sem_release) for rt_sem_release
    mem.o(i.rt_malloc) refers to mem.o(.constdata) for .constdata
    mem.o(i.rt_malloc) refers to mem.o(.data) for .data
    mem.o(i.rt_malloc) refers to mem.o(.bss) for .bss
    mem.o(i.rt_malloc) refers to mem.o(.conststring) for .conststring
    mem.o(i.rt_malloc_sethook) refers to mem.o(.data) for .data
    mem.o(i.rt_memory_info) refers to mem.o(.data) for .data
    mem.o(i.rt_realloc) refers to context_rvds.o(.text) for rt_hw_interrupt_disable
    mem.o(i.rt_realloc) refers to irq.o(i.rt_interrupt_get_nest) for rt_interrupt_get_nest
    mem.o(i.rt_realloc) refers to kservice.o(i.rt_kprintf) for rt_kprintf
    mem.o(i.rt_realloc) refers to kservice.o(i.rt_assert_handler) for rt_assert_handler
    mem.o(i.rt_realloc) refers to ipc.o(i.rt_sem_take) for rt_sem_take
    mem.o(i.rt_realloc) refers to ipc.o(i.rt_sem_release) for rt_sem_release
    mem.o(i.rt_realloc) refers to mem.o(i.rt_free) for rt_free
    mem.o(i.rt_realloc) refers to mem.o(i.rt_malloc) for rt_malloc
    mem.o(i.rt_realloc) refers to mem.o(i.plug_holes) for plug_holes
    mem.o(i.rt_realloc) refers to kservice.o(i.rt_memcpy) for rt_memcpy
    mem.o(i.rt_realloc) refers to mem.o(.constdata) for .constdata
    mem.o(i.rt_realloc) refers to mem.o(.data) for .data
    mem.o(i.rt_realloc) refers to mem.o(.bss) for .bss
    mem.o(i.rt_system_heap_init) refers to context_rvds.o(.text) for rt_hw_interrupt_disable
    mem.o(i.rt_system_heap_init) refers to irq.o(i.rt_interrupt_get_nest) for rt_interrupt_get_nest
    mem.o(i.rt_system_heap_init) refers to kservice.o(i.rt_kprintf) for rt_kprintf
    mem.o(i.rt_system_heap_init) refers to kservice.o(i.rt_assert_handler) for rt_assert_handler
    mem.o(i.rt_system_heap_init) refers to ipc.o(i.rt_sem_init) for rt_sem_init
    mem.o(i.rt_system_heap_init) refers to mem.o(.constdata) for .constdata
    mem.o(i.rt_system_heap_init) refers to mem.o(.data) for .data
    mem.o(i.rt_system_heap_init) refers to mem.o(.bss) for .bss
    object.o(i.rt_object_allocate) refers to context_rvds.o(.text) for rt_hw_interrupt_disable
    object.o(i.rt_object_allocate) refers to irq.o(i.rt_interrupt_get_nest) for rt_interrupt_get_nest
    object.o(i.rt_object_allocate) refers to kservice.o(i.rt_kprintf) for rt_kprintf
    object.o(i.rt_object_allocate) refers to kservice.o(i.rt_assert_handler) for rt_assert_handler
    object.o(i.rt_object_allocate) refers to object.o(i.rt_object_get_information) for rt_object_get_information
    object.o(i.rt_object_allocate) refers to mem.o(i.rt_malloc) for rt_malloc
    object.o(i.rt_object_allocate) refers to kservice.o(i.rt_memset) for rt_memset
    object.o(i.rt_object_allocate) refers to kservice.o(i.rt_strncpy) for rt_strncpy
    object.o(i.rt_object_allocate) refers to object.o(i.rt_list_insert_after) for rt_list_insert_after
    object.o(i.rt_object_allocate) refers to object.o(.constdata) for .constdata
    object.o(i.rt_object_allocate) refers to object.o(.data) for .data
    object.o(i.rt_object_attach_sethook) refers to object.o(.data) for .data
    object.o(i.rt_object_delete) refers to kservice.o(i.rt_assert_handler) for rt_assert_handler
    object.o(i.rt_object_delete) refers to context_rvds.o(.text) for rt_hw_interrupt_disable
    object.o(i.rt_object_delete) refers to object.o(i.rt_list_remove) for rt_list_remove
    object.o(i.rt_object_delete) refers to mem.o(i.rt_free) for rt_free
    object.o(i.rt_object_delete) refers to object.o(.constdata) for .constdata
    object.o(i.rt_object_delete) refers to object.o(.data) for .data
    object.o(i.rt_object_detach) refers to kservice.o(i.rt_assert_handler) for rt_assert_handler
    object.o(i.rt_object_detach) refers to context_rvds.o(.text) for rt_hw_interrupt_disable
    object.o(i.rt_object_detach) refers to object.o(i.rt_list_remove) for rt_list_remove
    object.o(i.rt_object_detach) refers to object.o(.constdata) for .constdata
    object.o(i.rt_object_detach) refers to object.o(.data) for .data
    object.o(i.rt_object_detach_sethook) refers to object.o(.data) for .data
    object.o(i.rt_object_find) refers to context_rvds.o(.text) for rt_hw_interrupt_disable
    object.o(i.rt_object_find) refers to irq.o(i.rt_interrupt_get_nest) for rt_interrupt_get_nest
    object.o(i.rt_object_find) refers to kservice.o(i.rt_kprintf) for rt_kprintf
    object.o(i.rt_object_find) refers to kservice.o(i.rt_assert_handler) for rt_assert_handler
    object.o(i.rt_object_find) refers to scheduler.o(i.rt_enter_critical) for rt_enter_critical
    object.o(i.rt_object_find) refers to object.o(i.rt_object_get_information) for rt_object_get_information
    object.o(i.rt_object_find) refers to kservice.o(i.rt_strncmp) for rt_strncmp
    object.o(i.rt_object_find) refers to scheduler.o(i.rt_exit_critical) for rt_exit_critical
    object.o(i.rt_object_find) refers to object.o(.constdata) for .constdata
    object.o(i.rt_object_get_information) refers to object.o(.data) for .data
    object.o(i.rt_object_get_type) refers to kservice.o(i.rt_assert_handler) for rt_assert_handler
    object.o(i.rt_object_get_type) refers to object.o(.constdata) for .constdata
    object.o(i.rt_object_init) refers to object.o(i.rt_object_get_information) for rt_object_get_information
    object.o(i.rt_object_init) refers to kservice.o(i.rt_assert_handler) for rt_assert_handler
    object.o(i.rt_object_init) refers to kservice.o(i.rt_strncpy) for rt_strncpy
    object.o(i.rt_object_init) refers to context_rvds.o(.text) for rt_hw_interrupt_disable
    object.o(i.rt_object_init) refers to object.o(i.rt_list_insert_after) for rt_list_insert_after
    object.o(i.rt_object_init) refers to object.o(.constdata) for .constdata
    object.o(i.rt_object_init) refers to object.o(.data) for .data
    object.o(i.rt_object_is_systemobject) refers to kservice.o(i.rt_assert_handler) for rt_assert_handler
    object.o(i.rt_object_is_systemobject) refers to object.o(.constdata) for .constdata
    object.o(i.rt_object_put_sethook) refers to object.o(.data) for .data
    object.o(i.rt_object_take_sethook) refers to object.o(.data) for .data
    object.o(i.rt_object_trytake_sethook) refers to object.o(.data) for .data
    scheduler.o(i._rt_scheduler_stack_check) refers to kservice.o(i.rt_assert_handler) for rt_assert_handler
    scheduler.o(i._rt_scheduler_stack_check) refers to kservice.o(i.rt_kprintf) for rt_kprintf
    scheduler.o(i._rt_scheduler_stack_check) refers to context_rvds.o(.text) for rt_hw_interrupt_disable
    scheduler.o(i._rt_scheduler_stack_check) refers to scheduler.o(.constdata) for .constdata
    scheduler.o(i.rt_critical_level) refers to scheduler.o(.data) for .data
    scheduler.o(i.rt_enter_critical) refers to context_rvds.o(.text) for rt_hw_interrupt_disable
    scheduler.o(i.rt_enter_critical) refers to scheduler.o(.data) for .data
    scheduler.o(i.rt_exit_critical) refers to context_rvds.o(.text) for rt_hw_interrupt_disable
    scheduler.o(i.rt_exit_critical) refers to scheduler.o(i.rt_schedule) for rt_schedule
    scheduler.o(i.rt_exit_critical) refers to scheduler.o(.data) for .data
    scheduler.o(i.rt_schedule) refers to context_rvds.o(.text) for rt_hw_interrupt_disable
    scheduler.o(i.rt_schedule) refers to kservice.o(i.__rt_ffs) for __rt_ffs
    scheduler.o(i.rt_schedule) refers to scheduler.o(i._rt_scheduler_stack_check) for _rt_scheduler_stack_check
    scheduler.o(i.rt_schedule) refers to scheduler.o(.data) for .data
    scheduler.o(i.rt_schedule) refers to scheduler.o(.bss) for .bss
    scheduler.o(i.rt_schedule) refers to irq.o(.data) for rt_interrupt_nest
    scheduler.o(i.rt_schedule_insert_thread) refers to kservice.o(i.rt_assert_handler) for rt_assert_handler
    scheduler.o(i.rt_schedule_insert_thread) refers to context_rvds.o(.text) for rt_hw_interrupt_disable
    scheduler.o(i.rt_schedule_insert_thread) refers to scheduler.o(.constdata) for .constdata
    scheduler.o(i.rt_schedule_insert_thread) refers to scheduler.o(.bss) for .bss
    scheduler.o(i.rt_schedule_insert_thread) refers to scheduler.o(.data) for .data
    scheduler.o(i.rt_schedule_remove_thread) refers to kservice.o(i.rt_assert_handler) for rt_assert_handler
    scheduler.o(i.rt_schedule_remove_thread) refers to context_rvds.o(.text) for rt_hw_interrupt_disable
    scheduler.o(i.rt_schedule_remove_thread) refers to scheduler.o(.constdata) for .constdata
    scheduler.o(i.rt_schedule_remove_thread) refers to scheduler.o(.bss) for .bss
    scheduler.o(i.rt_schedule_remove_thread) refers to scheduler.o(.data) for .data
    scheduler.o(i.rt_scheduler_sethook) refers to scheduler.o(.data) for .data
    scheduler.o(i.rt_system_scheduler_init) refers to scheduler.o(.data) for .data
    scheduler.o(i.rt_system_scheduler_init) refers to scheduler.o(.bss) for .bss
    scheduler.o(i.rt_system_scheduler_start) refers to kservice.o(i.__rt_ffs) for __rt_ffs
    scheduler.o(i.rt_system_scheduler_start) refers to context_rvds.o(.text) for rt_hw_context_switch_to
    scheduler.o(i.rt_system_scheduler_start) refers to scheduler.o(.data) for .data
    scheduler.o(i.rt_system_scheduler_start) refers to scheduler.o(.bss) for .bss
    thread.o(i._rt_thread_init) refers to kservice.o(i.rt_memset) for rt_memset
    thread.o(i._rt_thread_init) refers to cpuport.o(i.rt_hw_stack_init) for rt_hw_stack_init
    thread.o(i._rt_thread_init) refers to kservice.o(i.rt_assert_handler) for rt_assert_handler
    thread.o(i._rt_thread_init) refers to timer.o(i.rt_timer_init) for rt_timer_init
    thread.o(i._rt_thread_init) refers to thread.o(i.rt_thread_exit) for rt_thread_exit
    thread.o(i._rt_thread_init) refers to thread.o(.constdata) for .constdata
    thread.o(i._rt_thread_init) refers to thread.o(i.rt_thread_timeout) for rt_thread_timeout
    thread.o(i._rt_thread_init) refers to thread.o(.data) for .data
    thread.o(i.rt_thread_control) refers to kservice.o(i.rt_assert_handler) for rt_assert_handler
    thread.o(i.rt_thread_control) refers to object.o(i.rt_object_get_type) for rt_object_get_type
    thread.o(i.rt_thread_control) refers to context_rvds.o(.text) for rt_hw_interrupt_disable
    thread.o(i.rt_thread_control) refers to scheduler.o(i.rt_schedule_remove_thread) for rt_schedule_remove_thread
    thread.o(i.rt_thread_control) refers to scheduler.o(i.rt_schedule_insert_thread) for rt_schedule_insert_thread
    thread.o(i.rt_thread_control) refers to thread.o(i.rt_thread_startup) for rt_thread_startup
    thread.o(i.rt_thread_control) refers to thread.o(i.rt_thread_delete) for rt_thread_delete
    thread.o(i.rt_thread_control) refers to thread.o(.constdata) for .constdata
    thread.o(i.rt_thread_control) refers to thread.o(.conststring) for .conststring
    thread.o(i.rt_thread_create) refers to object.o(i.rt_object_allocate) for rt_object_allocate
    thread.o(i.rt_thread_create) refers to mem.o(i.rt_malloc) for rt_malloc
    thread.o(i.rt_thread_create) refers to thread.o(i._rt_thread_init) for _rt_thread_init
    thread.o(i.rt_thread_create) refers to object.o(i.rt_object_delete) for rt_object_delete
    thread.o(i.rt_thread_delay) refers to thread.o(i.rt_thread_sleep) for rt_thread_sleep
    thread.o(i.rt_thread_delete) refers to kservice.o(i.rt_assert_handler) for rt_assert_handler
    thread.o(i.rt_thread_delete) refers to object.o(i.rt_object_get_type) for rt_object_get_type
    thread.o(i.rt_thread_delete) refers to object.o(i.rt_object_is_systemobject) for rt_object_is_systemobject
    thread.o(i.rt_thread_delete) refers to scheduler.o(i.rt_schedule_remove_thread) for rt_schedule_remove_thread
    thread.o(i.rt_thread_delete) refers to timer.o(i.rt_timer_detach) for rt_timer_detach
    thread.o(i.rt_thread_delete) refers to context_rvds.o(.text) for rt_hw_interrupt_disable
    thread.o(i.rt_thread_delete) refers to thread.o(i.rt_list_insert_after) for rt_list_insert_after
    thread.o(i.rt_thread_delete) refers to thread.o(.constdata) for .constdata
    thread.o(i.rt_thread_delete) refers to thread.o(.conststring) for .conststring
    thread.o(i.rt_thread_delete) refers to scheduler.o(.data) for rt_thread_defunct
    thread.o(i.rt_thread_detach) refers to kservice.o(i.rt_assert_handler) for rt_assert_handler
    thread.o(i.rt_thread_detach) refers to object.o(i.rt_object_get_type) for rt_object_get_type
    thread.o(i.rt_thread_detach) refers to object.o(i.rt_object_is_systemobject) for rt_object_is_systemobject
    thread.o(i.rt_thread_detach) refers to scheduler.o(i.rt_schedule_remove_thread) for rt_schedule_remove_thread
    thread.o(i.rt_thread_detach) refers to timer.o(i.rt_timer_detach) for rt_timer_detach
    thread.o(i.rt_thread_detach) refers to object.o(i.rt_object_detach) for rt_object_detach
    thread.o(i.rt_thread_detach) refers to context_rvds.o(.text) for rt_hw_interrupt_disable
    thread.o(i.rt_thread_detach) refers to thread.o(i.rt_list_insert_after) for rt_list_insert_after
    thread.o(i.rt_thread_detach) refers to thread.o(.constdata) for .constdata
    thread.o(i.rt_thread_detach) refers to thread.o(.conststring) for .conststring
    thread.o(i.rt_thread_detach) refers to scheduler.o(.data) for rt_thread_defunct
    thread.o(i.rt_thread_exit) refers to context_rvds.o(.text) for rt_hw_interrupt_disable
    thread.o(i.rt_thread_exit) refers to scheduler.o(i.rt_schedule_remove_thread) for rt_schedule_remove_thread
    thread.o(i.rt_thread_exit) refers to timer.o(i.rt_timer_detach) for rt_timer_detach
    thread.o(i.rt_thread_exit) refers to object.o(i.rt_object_is_systemobject) for rt_object_is_systemobject
    thread.o(i.rt_thread_exit) refers to thread.o(i.rt_list_insert_after) for rt_list_insert_after
    thread.o(i.rt_thread_exit) refers to scheduler.o(i.rt_schedule) for rt_schedule
    thread.o(i.rt_thread_exit) refers to object.o(i.rt_object_detach) for rt_object_detach
    thread.o(i.rt_thread_exit) refers to scheduler.o(.data) for rt_current_thread
    thread.o(i.rt_thread_find) refers to scheduler.o(i.rt_enter_critical) for rt_enter_critical
    thread.o(i.rt_thread_find) refers to object.o(i.rt_object_get_information) for rt_object_get_information
    thread.o(i.rt_thread_find) refers to kservice.o(i.rt_assert_handler) for rt_assert_handler
    thread.o(i.rt_thread_find) refers to kservice.o(i.rt_strncmp) for rt_strncmp
    thread.o(i.rt_thread_find) refers to scheduler.o(i.rt_exit_critical) for rt_exit_critical
    thread.o(i.rt_thread_find) refers to scheduler.o(.data) for rt_current_thread
    thread.o(i.rt_thread_find) refers to thread.o(.constdata) for .constdata
    thread.o(i.rt_thread_init) refers to kservice.o(i.rt_assert_handler) for rt_assert_handler
    thread.o(i.rt_thread_init) refers to object.o(i.rt_object_init) for rt_object_init
    thread.o(i.rt_thread_init) refers to thread.o(i._rt_thread_init) for _rt_thread_init
    thread.o(i.rt_thread_init) refers to thread.o(.constdata) for .constdata
    thread.o(i.rt_thread_inited_sethook) refers to thread.o(.data) for .data
    thread.o(i.rt_thread_mdelay) refers to clock.o(i.rt_tick_from_millisecond) for rt_tick_from_millisecond
    thread.o(i.rt_thread_mdelay) refers to thread.o(i.rt_thread_sleep) for rt_thread_sleep
    thread.o(i.rt_thread_resume) refers to kservice.o(i.rt_assert_handler) for rt_assert_handler
    thread.o(i.rt_thread_resume) refers to object.o(i.rt_object_get_type) for rt_object_get_type
    thread.o(i.rt_thread_resume) refers to context_rvds.o(.text) for rt_hw_interrupt_disable
    thread.o(i.rt_thread_resume) refers to thread.o(i.rt_list_remove) for rt_list_remove
    thread.o(i.rt_thread_resume) refers to timer.o(i.rt_timer_stop) for rt_timer_stop
    thread.o(i.rt_thread_resume) refers to scheduler.o(i.rt_schedule_insert_thread) for rt_schedule_insert_thread
    thread.o(i.rt_thread_resume) refers to thread.o(.constdata) for .constdata
    thread.o(i.rt_thread_resume) refers to thread.o(.conststring) for .conststring
    thread.o(i.rt_thread_resume) refers to thread.o(.data) for .data
    thread.o(i.rt_thread_resume_sethook) refers to thread.o(.data) for .data
    thread.o(i.rt_thread_self) refers to scheduler.o(.data) for rt_current_thread
    thread.o(i.rt_thread_sleep) refers to context_rvds.o(.text) for rt_hw_interrupt_disable
    thread.o(i.rt_thread_sleep) refers to kservice.o(i.rt_assert_handler) for rt_assert_handler
    thread.o(i.rt_thread_sleep) refers to object.o(i.rt_object_get_type) for rt_object_get_type
    thread.o(i.rt_thread_sleep) refers to thread.o(i.rt_thread_suspend) for rt_thread_suspend
    thread.o(i.rt_thread_sleep) refers to timer.o(i.rt_timer_control) for rt_timer_control
    thread.o(i.rt_thread_sleep) refers to timer.o(i.rt_timer_start) for rt_timer_start
    thread.o(i.rt_thread_sleep) refers to scheduler.o(i.rt_schedule) for rt_schedule
    thread.o(i.rt_thread_sleep) refers to scheduler.o(.data) for rt_current_thread
    thread.o(i.rt_thread_sleep) refers to thread.o(.constdata) for .constdata
    thread.o(i.rt_thread_sleep) refers to thread.o(.conststring) for .conststring
    thread.o(i.rt_thread_startup) refers to kservice.o(i.rt_assert_handler) for rt_assert_handler
    thread.o(i.rt_thread_startup) refers to object.o(i.rt_object_get_type) for rt_object_get_type
    thread.o(i.rt_thread_startup) refers to thread.o(i.rt_thread_resume) for rt_thread_resume
    thread.o(i.rt_thread_startup) refers to scheduler.o(i.rt_schedule) for rt_schedule
    thread.o(i.rt_thread_startup) refers to thread.o(.constdata) for .constdata
    thread.o(i.rt_thread_startup) refers to thread.o(.conststring) for .conststring
    thread.o(i.rt_thread_startup) refers to scheduler.o(.data) for rt_current_thread
    thread.o(i.rt_thread_suspend) refers to kservice.o(i.rt_assert_handler) for rt_assert_handler
    thread.o(i.rt_thread_suspend) refers to object.o(i.rt_object_get_type) for rt_object_get_type
    thread.o(i.rt_thread_suspend) refers to context_rvds.o(.text) for rt_hw_interrupt_disable
    thread.o(i.rt_thread_suspend) refers to scheduler.o(i.rt_schedule_remove_thread) for rt_schedule_remove_thread
    thread.o(i.rt_thread_suspend) refers to timer.o(i.rt_timer_stop) for rt_timer_stop
    thread.o(i.rt_thread_suspend) refers to thread.o(.constdata) for .constdata
    thread.o(i.rt_thread_suspend) refers to thread.o(.conststring) for .conststring
    thread.o(i.rt_thread_suspend) refers to thread.o(.data) for .data
    thread.o(i.rt_thread_suspend_sethook) refers to thread.o(.data) for .data
    thread.o(i.rt_thread_timeout) refers to kservice.o(i.rt_assert_handler) for rt_assert_handler
    thread.o(i.rt_thread_timeout) refers to object.o(i.rt_object_get_type) for rt_object_get_type
    thread.o(i.rt_thread_timeout) refers to thread.o(i.rt_list_remove) for rt_list_remove
    thread.o(i.rt_thread_timeout) refers to scheduler.o(i.rt_schedule_insert_thread) for rt_schedule_insert_thread
    thread.o(i.rt_thread_timeout) refers to scheduler.o(i.rt_schedule) for rt_schedule
    thread.o(i.rt_thread_timeout) refers to thread.o(.constdata) for .constdata
    thread.o(i.rt_thread_timeout) refers to thread.o(.conststring) for .conststring
    thread.o(i.rt_thread_yield) refers to context_rvds.o(.text) for rt_hw_interrupt_disable
    thread.o(i.rt_thread_yield) refers to thread.o(i.rt_list_remove) for rt_list_remove
    thread.o(i.rt_thread_yield) refers to scheduler.o(i.rt_schedule) for rt_schedule
    thread.o(i.rt_thread_yield) refers to scheduler.o(.data) for rt_current_thread
    thread.o(i.rt_thread_yield) refers to scheduler.o(.bss) for rt_thread_priority_table
    timer.o(i.rt_system_timer_init) refers to timer.o(.data) for .data
    timer.o(i.rt_timer_check) refers to clock.o(i.rt_tick_get) for rt_tick_get
    timer.o(i.rt_timer_check) refers to context_rvds.o(.text) for rt_hw_interrupt_disable
    timer.o(i.rt_timer_check) refers to timer.o(i._rt_timer_remove) for _rt_timer_remove
    timer.o(i.rt_timer_check) refers to timer.o(i.rt_timer_start) for rt_timer_start
    timer.o(i.rt_timer_check) refers to timer.o(.data) for .data
    timer.o(i.rt_timer_control) refers to kservice.o(i.rt_assert_handler) for rt_assert_handler
    timer.o(i.rt_timer_control) refers to object.o(i.rt_object_get_type) for rt_object_get_type
    timer.o(i.rt_timer_control) refers to timer.o(.constdata) for .constdata
    timer.o(i.rt_timer_create) refers to object.o(i.rt_object_allocate) for rt_object_allocate
    timer.o(i.rt_timer_create) refers to timer.o(i._rt_timer_init) for _rt_timer_init
    timer.o(i.rt_timer_delete) refers to kservice.o(i.rt_assert_handler) for rt_assert_handler
    timer.o(i.rt_timer_delete) refers to object.o(i.rt_object_get_type) for rt_object_get_type
    timer.o(i.rt_timer_delete) refers to object.o(i.rt_object_is_systemobject) for rt_object_is_systemobject
    timer.o(i.rt_timer_delete) refers to context_rvds.o(.text) for rt_hw_interrupt_disable
    timer.o(i.rt_timer_delete) refers to timer.o(i._rt_timer_remove) for _rt_timer_remove
    timer.o(i.rt_timer_delete) refers to object.o(i.rt_object_delete) for rt_object_delete
    timer.o(i.rt_timer_delete) refers to timer.o(.constdata) for .constdata
    timer.o(i.rt_timer_detach) refers to kservice.o(i.rt_assert_handler) for rt_assert_handler
    timer.o(i.rt_timer_detach) refers to object.o(i.rt_object_get_type) for rt_object_get_type
    timer.o(i.rt_timer_detach) refers to object.o(i.rt_object_is_systemobject) for rt_object_is_systemobject
    timer.o(i.rt_timer_detach) refers to context_rvds.o(.text) for rt_hw_interrupt_disable
    timer.o(i.rt_timer_detach) refers to timer.o(i._rt_timer_remove) for _rt_timer_remove
    timer.o(i.rt_timer_detach) refers to object.o(i.rt_object_detach) for rt_object_detach
    timer.o(i.rt_timer_detach) refers to timer.o(.constdata) for .constdata
    timer.o(i.rt_timer_enter_sethook) refers to timer.o(.data) for .data
    timer.o(i.rt_timer_exit_sethook) refers to timer.o(.data) for .data
    timer.o(i.rt_timer_init) refers to kservice.o(i.rt_assert_handler) for rt_assert_handler
    timer.o(i.rt_timer_init) refers to object.o(i.rt_object_init) for rt_object_init
    timer.o(i.rt_timer_init) refers to timer.o(i._rt_timer_init) for _rt_timer_init
    timer.o(i.rt_timer_init) refers to timer.o(.constdata) for .constdata
    timer.o(i.rt_timer_next_timeout_tick) refers to timer.o(.data) for .data
    timer.o(i.rt_timer_start) refers to kservice.o(i.rt_assert_handler) for rt_assert_handler
    timer.o(i.rt_timer_start) refers to object.o(i.rt_object_get_type) for rt_object_get_type
    timer.o(i.rt_timer_start) refers to context_rvds.o(.text) for rt_hw_interrupt_disable
    timer.o(i.rt_timer_start) refers to timer.o(i._rt_timer_remove) for _rt_timer_remove
    timer.o(i.rt_timer_start) refers to clock.o(i.rt_tick_get) for rt_tick_get
    timer.o(i.rt_timer_start) refers to timer.o(i.rt_list_insert_after) for rt_list_insert_after
    timer.o(i.rt_timer_start) refers to timer.o(.constdata) for .constdata
    timer.o(i.rt_timer_start) refers to object.o(.data) for rt_object_take_hook
    timer.o(i.rt_timer_start) refers to timer.o(.data) for .data
    timer.o(i.rt_timer_stop) refers to kservice.o(i.rt_assert_handler) for rt_assert_handler
    timer.o(i.rt_timer_stop) refers to object.o(i.rt_object_get_type) for rt_object_get_type
    timer.o(i.rt_timer_stop) refers to context_rvds.o(.text) for rt_hw_interrupt_disable
    timer.o(i.rt_timer_stop) refers to timer.o(i._rt_timer_remove) for _rt_timer_remove
    timer.o(i.rt_timer_stop) refers to timer.o(.constdata) for .constdata
    timer.o(i.rt_timer_stop) refers to object.o(.data) for rt_object_put_hook
    cpuport.o(i.rt_hw_cpu_shutdown) refers to kservice.o(i.rt_kprintf) for rt_kprintf
    cpuport.o(i.rt_hw_cpu_shutdown) refers to kservice.o(i.rt_assert_handler) for rt_assert_handler
    cpuport.o(i.rt_hw_cpu_shutdown) refers to cpuport.o(.constdata) for .constdata
    cpuport.o(i.rt_hw_exception_install) refers to cpuport.o(.data) for .data
    cpuport.o(i.rt_hw_hard_fault_exception) refers to kservice.o(i.rt_kprintf) for rt_kprintf
    cpuport.o(i.rt_hw_hard_fault_exception) refers to thread.o(i.rt_thread_self) for rt_thread_self
    cpuport.o(i.rt_hw_hard_fault_exception) refers to cpuport.o(.data) for .data
    entry.o(.ARM.Collect$$$$00000000) refers (Special) to entry10a.o(.ARM.Collect$$$$0000000D) for __rt_final_cpp
    entry.o(.ARM.Collect$$$$00000000) refers (Special) to entry11a.o(.ARM.Collect$$$$0000000F) for __rt_final_exit
    entry.o(.ARM.Collect$$$$00000000) refers (Special) to entry7b.o(.ARM.Collect$$$$00000008) for _main_clock
    entry.o(.ARM.Collect$$$$00000000) refers (Special) to entry8b.o(.ARM.Collect$$$$0000000A) for _main_cpp_init
    entry.o(.ARM.Collect$$$$00000000) refers (Special) to entry9a.o(.ARM.Collect$$$$0000000B) for _main_init
    entry.o(.ARM.Collect$$$$00000000) refers (Special) to entry5.o(.ARM.Collect$$$$00000004) for _main_scatterload
    entry.o(.ARM.Collect$$$$00000000) refers (Special) to entry2.o(.ARM.Collect$$$$00000001) for _main_stk
    uldiv.o(.text) refers to llushr.o(.text) for __aeabi_llsr
    uldiv.o(.text) refers to llshl.o(.text) for __aeabi_llsl
    entry2.o(.ARM.Collect$$$$00000001) refers to entry2.o(.ARM.Collect$$$$00002712) for __lit__00000000
    entry2.o(.ARM.Collect$$$$00002712) refers to startup_stm32f746xx.o(STACK) for __initial_sp
    entry2.o(__vectab_stack_and_reset_area) refers to startup_stm32f746xx.o(STACK) for __initial_sp
    entry2.o(__vectab_stack_and_reset_area) refers to entry.o(.ARM.Collect$$$$00000000) for __main
    entry5.o(.ARM.Collect$$$$00000004) refers to init.o(.text) for __scatterload
    entry9a.o(.ARM.Collect$$$$0000000B) refers to components.o(i.$Sub$$main) for main
    entry9b.o(.ARM.Collect$$$$0000000C) refers to components.o(i.$Sub$$main) for main
    init.o(.text) refers to entry5.o(.ARM.Collect$$$$00000004) for __main_after_scatterload

